Archive member included to satisfy reference by file (symbol)

/home/neuberfran/neuber/gcc-arm-none-eabi-10.3-2021.10/bin/../lib/gcc/arm-none-eabi/10.3.1/../../../../arm-none-eabi/lib/thumb/v7e-m+fp/hard/libc_nano.a(lib_a-assert.o)
                              CMakeFiles/rpmsg_str_echo_freertos_example.dir/home/neuberfran/projects/freertos-tn/examples/imx7d_pico_m4/demo_apps/rpmsg/str_echo_freertos/str_echo_freertos.c.obj (__assert_func)
/home/neuberfran/neuber/gcc-arm-none-eabi-10.3-2021.10/bin/../lib/gcc/arm-none-eabi/10.3.1/../../../../arm-none-eabi/lib/thumb/v7e-m+fp/hard/libc_nano.a(lib_a-exit.o)
                              /home/neuberfran/neuber/gcc-arm-none-eabi-10.3-2021.10/bin/../lib/gcc/arm-none-eabi/10.3.1/../../../../arm-none-eabi/lib/thumb/v7e-m+fp/hard/crt0.o (exit)
/home/neuberfran/neuber/gcc-arm-none-eabi-10.3-2021.10/bin/../lib/gcc/arm-none-eabi/10.3.1/../../../../arm-none-eabi/lib/thumb/v7e-m+fp/hard/libc_nano.a(lib_a-fprintf.o)
                              /home/neuberfran/neuber/gcc-arm-none-eabi-10.3-2021.10/bin/../lib/gcc/arm-none-eabi/10.3.1/../../../../arm-none-eabi/lib/thumb/v7e-m+fp/hard/libc_nano.a(lib_a-assert.o) (fiprintf)
/home/neuberfran/neuber/gcc-arm-none-eabi-10.3-2021.10/bin/../lib/gcc/arm-none-eabi/10.3.1/../../../../arm-none-eabi/lib/thumb/v7e-m+fp/hard/libc_nano.a(lib_a-impure.o)
                              /home/neuberfran/neuber/gcc-arm-none-eabi-10.3-2021.10/bin/../lib/gcc/arm-none-eabi/10.3.1/../../../../arm-none-eabi/lib/thumb/v7e-m+fp/hard/libc_nano.a(lib_a-exit.o) (_global_impure_ptr)
/home/neuberfran/neuber/gcc-arm-none-eabi-10.3-2021.10/bin/../lib/gcc/arm-none-eabi/10.3.1/../../../../arm-none-eabi/lib/thumb/v7e-m+fp/hard/libc_nano.a(lib_a-init.o)
                              /home/neuberfran/neuber/gcc-arm-none-eabi-10.3-2021.10/bin/../lib/gcc/arm-none-eabi/10.3.1/../../../../arm-none-eabi/lib/thumb/v7e-m+fp/hard/crt0.o (__libc_init_array)
/home/neuberfran/neuber/gcc-arm-none-eabi-10.3-2021.10/bin/../lib/gcc/arm-none-eabi/10.3.1/../../../../arm-none-eabi/lib/thumb/v7e-m+fp/hard/libc_nano.a(lib_a-memcpy-stub.o)
                              CMakeFiles/rpmsg_str_echo_freertos_example.dir/home/neuberfran/projects/freertos-tn/examples/imx7d_pico_m4/demo_apps/rpmsg/str_echo_freertos/str_echo_freertos.c.obj (memcpy)
/home/neuberfran/neuber/gcc-arm-none-eabi-10.3-2021.10/bin/../lib/gcc/arm-none-eabi/10.3.1/../../../../arm-none-eabi/lib/thumb/v7e-m+fp/hard/libc_nano.a(lib_a-memset.o)
                              /home/neuberfran/neuber/gcc-arm-none-eabi-10.3-2021.10/bin/../lib/gcc/arm-none-eabi/10.3.1/../../../../arm-none-eabi/lib/thumb/v7e-m+fp/hard/crt0.o (memset)
/home/neuberfran/neuber/gcc-arm-none-eabi-10.3-2021.10/bin/../lib/gcc/arm-none-eabi/10.3.1/../../../../arm-none-eabi/lib/thumb/v7e-m+fp/hard/libc_nano.a(lib_a-nano-vfprintf.o)
                              /home/neuberfran/neuber/gcc-arm-none-eabi-10.3-2021.10/bin/../lib/gcc/arm-none-eabi/10.3.1/../../../../arm-none-eabi/lib/thumb/v7e-m+fp/hard/libc_nano.a(lib_a-fprintf.o) (_vfprintf_r)
/home/neuberfran/neuber/gcc-arm-none-eabi-10.3-2021.10/bin/../lib/gcc/arm-none-eabi/10.3.1/../../../../arm-none-eabi/lib/thumb/v7e-m+fp/hard/libc_nano.a(lib_a-nano-vfprintf_i.o)
                              /home/neuberfran/neuber/gcc-arm-none-eabi-10.3-2021.10/bin/../lib/gcc/arm-none-eabi/10.3.1/../../../../arm-none-eabi/lib/thumb/v7e-m+fp/hard/libc_nano.a(lib_a-nano-vfprintf.o) (_printf_i)
/home/neuberfran/neuber/gcc-arm-none-eabi-10.3-2021.10/bin/../lib/gcc/arm-none-eabi/10.3.1/../../../../arm-none-eabi/lib/thumb/v7e-m+fp/hard/libc_nano.a(lib_a-strcmp.o)
                              CMakeFiles/rpmsg_str_echo_freertos_example.dir/home/neuberfran/projects/freertos-tn/middleware/multicore/open-amp/porting/env/freertos/rpmsg_porting.c.obj (strcmp)
/home/neuberfran/neuber/gcc-arm-none-eabi-10.3-2021.10/bin/../lib/gcc/arm-none-eabi/10.3.1/../../../../arm-none-eabi/lib/thumb/v7e-m+fp/hard/libc_nano.a(lib_a-strlen.o)
                              CMakeFiles/rpmsg_str_echo_freertos_example.dir/home/neuberfran/projects/freertos-tn/platform/utilities/src/print_scan.c.obj (strlen)
/home/neuberfran/neuber/gcc-arm-none-eabi-10.3-2021.10/bin/../lib/gcc/arm-none-eabi/10.3.1/../../../../arm-none-eabi/lib/thumb/v7e-m+fp/hard/libc_nano.a(lib_a-strncmp.o)
                              CMakeFiles/rpmsg_str_echo_freertos_example.dir/home/neuberfran/projects/freertos-tn/middleware/multicore/open-amp/porting/env/freertos/rpmsg_porting.c.obj (strncmp)
/home/neuberfran/neuber/gcc-arm-none-eabi-10.3-2021.10/bin/../lib/gcc/arm-none-eabi/10.3.1/../../../../arm-none-eabi/lib/thumb/v7e-m+fp/hard/libc_nano.a(lib_a-strncpy.o)
                              CMakeFiles/rpmsg_str_echo_freertos_example.dir/home/neuberfran/projects/freertos-tn/middleware/multicore/open-amp/porting/env/freertos/rpmsg_porting.c.obj (strncpy)
[...]
Memory Configuration

Name             Origin             Length             Attributes
m_interrupts     0x000000001fff8000 0x0000000000000240 xr
m_text           0x000000001fff8240 0x0000000000007dc0 xr
m_data           0x0000000020000000 0x0000000000008000 rw
*default*        0x0000000000000000 0xffffffffffffffff

Linker script and memory map

LOAD /home/neuberfran/neuber/gcc-arm-none-eabi-10.3-2021.10/bin/../lib/gcc/arm-none-eabi/10.3.1/thumb/v7e-m+fp/hard/crti.o
LOAD /home/neuberfran/neuber/gcc-arm-none-eabi-10.3-2021.10/bin/../lib/gcc/arm-none-eabi/10.3.1/thumb/v7e-m+fp/hard/crtbegin.o
LOAD /home/neuberfran/neuber/gcc-arm-none-eabi-10.3-2021.10/bin/../lib/gcc/arm-none-eabi/10.3.1/../../../../arm-none-eabi/lib/thumb/v7e-m+fp/hard/crt0.o
LOAD /home/neuberfran/neuber/gcc-arm-none-eabi-10.3-2021.10/bin/../lib/gcc/arm-none-eabi/10.3.1/../../../../arm-none-eabi/lib/thumb/v7e-m+fp/hard/libm.a
LOAD CMakeFiles/rpmsg_str_echo_freertos_example.dir/home/neuberfran/projects/freertos-tn/rtos/FreeRTOS/Source/portable/GCC/ARM_CM4F/port.c.obj
LOAD CMakeFiles/rpmsg_str_echo_freertos_example.dir/home/neuberfran/projects/freertos-tn/platform/devices/MCIMX7D/startup/gcc/startup_MCIMX7D_M4.S.obj
LOAD CMakeFiles/rpmsg_str_echo_freertos_example.dir/home/neuberfran/projects/freertos-tn/rtos/FreeRTOS/Source/portable/MemMang/heap_2.c.obj
LOAD CMakeFiles/rpmsg_str_echo_freertos_example.dir/home/neuberfran/projects/freertos-tn/examples/imx7d_pico_m4/demo_apps/rpmsg/str_echo_freertos/str_echo_freertos.c.obj
LOAD CMakeFiles/rpmsg_str_echo_freertos_example.dir/home/neuberfran/projects/freertos-tn/middleware/multicore/open-amp/rpmsg/rpmsg_rtos.c.obj
LOAD CMakeFiles/rpmsg_str_echo_freertos_example.dir/home/neuberfran/projects/freertos-tn/middleware/multicore/open-amp/porting/imx7d_m4/platform.c.obj
LOAD CMakeFiles/rpmsg_str_echo_freertos_example.dir/home/neuberfran/projects/freertos-tn/middleware/multicore/open-amp/porting/imx7d_m4/platform_info.c.obj
LOAD CMakeFiles/rpmsg_str_echo_freertos_example.dir/home/neuberfran/projects/freertos-tn/middleware/multicore/open-amp/common/hil/hil.c.obj
LOAD CMakeFiles/rpmsg_str_echo_freertos_example.dir/home/neuberfran/projects/freertos-tn/middleware/multicore/open-amp/common/llist/llist.c.obj
LOAD CMakeFiles/rpmsg_str_echo_freertos_example.dir/home/neuberfran/projects/freertos-tn/middleware/multicore/open-amp/common/shm/sh_mem.c.obj
LOAD CMakeFiles/rpmsg_str_echo_freertos_example.dir/home/neuberfran/projects/freertos-tn/middleware/multicore/open-amp/porting/config/config.c.obj
LOAD CMakeFiles/rpmsg_str_echo_freertos_example.dir/home/neuberfran/projects/freertos-tn/middleware/multicore/open-amp/rpmsg/remote_device.c.obj
LOAD CMakeFiles/rpmsg_str_echo_freertos_example.dir/home/neuberfran/projects/freertos-tn/middleware/multicore/open-amp/rpmsg/rpmsg.c.obj
LOAD CMakeFiles/rpmsg_str_echo_freertos_example.dir/home/neuberfran/projects/freertos-tn/middleware/multicore/open-amp/rpmsg/rpmsg_ext.c.obj
LOAD CMakeFiles/rpmsg_str_echo_freertos_example.dir/home/neuberfran/projects/freertos-tn/middleware/multicore/open-amp/rpmsg/rpmsg_core.c.obj
LOAD CMakeFiles/rpmsg_str_echo_freertos_example.dir/home/neuberfran/projects/freertos-tn/middleware/multicore/open-amp/virtio/virtio.c.obj
LOAD CMakeFiles/rpmsg_str_echo_freertos_example.dir/home/neuberfran/projects/freertos-tn/middleware/multicore/open-amp/virtio/virtqueue.c.obj
LOAD CMakeFiles/rpmsg_str_echo_freertos_example.dir/home/neuberfran/projects/freertos-tn/middleware/multicore/open-amp/porting/env/freertos/rpmsg_porting.c.obj
LOAD CMakeFiles/rpmsg_str_echo_freertos_example.dir/home/neuberfran/projects/freertos-tn/rtos/FreeRTOS/Source/croutine.c.obj
LOAD CMakeFiles/rpmsg_str_echo_freertos_example.dir/home/neuberfran/projects/freertos-tn/rtos/FreeRTOS/Source/event_groups.c.obj
LOAD CMakeFiles/rpmsg_str_echo_freertos_example.dir/home/neuberfran/projects/freertos-tn/rtos/FreeRTOS/Source/list.c.obj
LOAD CMakeFiles/rpmsg_str_echo_freertos_example.dir/home/neuberfran/projects/freertos-tn/rtos/FreeRTOS/Source/queue.c.obj
LOAD CMakeFiles/rpmsg_str_echo_freertos_example.dir/home/neuberfran/projects/freertos-tn/rtos/FreeRTOS/Source/tasks.c.obj
LOAD CMakeFiles/rpmsg_str_echo_freertos_example.dir/home/neuberfran/projects/freertos-tn/rtos/FreeRTOS/Source/timers.c.obj
LOAD CMakeFiles/rpmsg_str_echo_freertos_example.dir/home/neuberfran/projects/freertos-tn/platform/drivers/src/ccm_analog_imx7d.c.obj
LOAD CMakeFiles/rpmsg_str_echo_freertos_example.dir/home/neuberfran/projects/freertos-tn/platform/drivers/src/ccm_imx7d.c.obj
LOAD CMakeFiles/rpmsg_str_echo_freertos_example.dir/home/neuberfran/projects/freertos-tn/platform/drivers/src/lmem.c.obj
LOAD CMakeFiles/rpmsg_str_echo_freertos_example.dir/home/neuberfran/projects/freertos-tn/platform/drivers/src/rdc.c.obj
LOAD CMakeFiles/rpmsg_str_echo_freertos_example.dir/home/neuberfran/projects/freertos-tn/platform/drivers/src/wdog_imx.c.obj
LOAD CMakeFiles/rpmsg_str_echo_freertos_example.dir/home/neuberfran/projects/freertos-tn/platform/utilities/src/debug_console_imx.c.obj
LOAD CMakeFiles/rpmsg_str_echo_freertos_example.dir/home/neuberfran/projects/freertos-tn/platform/utilities/src/print_scan.c.obj
LOAD CMakeFiles/rpmsg_str_echo_freertos_example.dir/home/neuberfran/projects/freertos-tn/platform/devices/MCIMX7D/startup/system_MCIMX7D_M4.c.obj
LOAD CMakeFiles/rpmsg_str_echo_freertos_example.dir/home/neuberfran/projects/freertos-tn/examples/imx7d_pico_m4/pin_mux.c.obj
LOAD CMakeFiles/rpmsg_str_echo_freertos_example.dir/home/neuberfran/projects/freertos-tn/examples/imx7d_pico_m4/board.c.obj
LOAD CMakeFiles/rpmsg_str_echo_freertos_example.dir/home/neuberfran/projects/freertos-tn/examples/imx7d_pico_m4/clock_freq.c.obj
LOAD CMakeFiles/rpmsg_str_echo_freertos_example.dir/home/neuberfran/projects/freertos-tn/examples/imx7d_pico_m4/demo_apps/rpmsg/str_echo_freertos/hardware_init.c.obj
LOAD CMakeFiles/rpmsg_str_echo_freertos_example.dir/home/neuberfran/projects/freertos-tn/platform/drivers/src/uart_imx.c.obj
LOAD CMakeFiles/rpmsg_str_echo_freertos_example.dir/home/neuberfran/projects/freertos-tn/platform/drivers/src/mu_imx.c.obj
START GROUP
LOAD /home/neuberfran/neuber/gcc-arm-none-eabi-10.3-2021.10/bin/../lib/gcc/arm-none-eabi/10.3.1/../../../../arm-none-eabi/lib/thumb/v7e-m+fp/hard/libm.a
LOAD /home/neuberfran/neuber/gcc-arm-none-eabi-10.3-2021.10/bin/../lib/gcc/arm-none-eabi/10.3.1/../../../../arm-none-eabi/lib/thumb/v7e-m+fp/hard/libc_nano.a
LOAD /home/neuberfran/neuber/gcc-arm-none-eabi-10.3-2021.10/bin/../lib/gcc/arm-none-eabi/10.3.1/thumb/v7e-m+fp/hard/libgcc.a
LOAD /home/neuberfran/neuber/gcc-arm-none-eabi-10.3-2021.10/bin/../lib/gcc/arm-none-eabi/10.3.1/../../../../arm-none-eabi/lib/thumb/v7e-m+fp/hard/libnosys.a
END GROUP
START GROUP
LOAD /home/neuberfran/neuber/gcc-arm-none-eabi-10.3-2021.10/bin/../lib/gcc/arm-none-eabi/10.3.1/thumb/v7e-m+fp/hard/libgcc.a
LOAD /home/neuberfran/neuber/gcc-arm-none-eabi-10.3-2021.10/bin/../lib/gcc/arm-none-eabi/10.3.1/../../../../arm-none-eabi/lib/thumb/v7e-m+fp/hard/libg_nano.a
LOAD /home/neuberfran/neuber/gcc-arm-none-eabi-10.3-2021.10/bin/../lib/gcc/arm-none-eabi/10.3.1/../../../../arm-none-eabi/lib/thumb/v7e-m+fp/hard/libc_nano.a
END GROUP
START GROUP
LOAD /home/neuberfran/neuber/gcc-arm-none-eabi-10.3-2021.10/bin/../lib/gcc/arm-none-eabi/10.3.1/thumb/v7e-m+fp/hard/libgcc.a
LOAD /home/neuberfran/neuber/gcc-arm-none-eabi-10.3-2021.10/bin/../lib/gcc/arm-none-eabi/10.3.1/../../../../arm-none-eabi/lib/thumb/v7e-m+fp/hard/libc_nano.a
LOAD /home/neuberfran/neuber/gcc-arm-none-eabi-10.3-2021.10/bin/../lib/gcc/arm-none-eabi/10.3.1/../../../../arm-none-eabi/lib/thumb/v7e-m+fp/hard/libnosys.a
END GROUP
START GROUP
LOAD /home/neuberfran/neuber/gcc-arm-none-eabi-10.3-2021.10/bin/../lib/gcc/arm-none-eabi/10.3.1/thumb/v7e-m+fp/hard/libgcc.a
LOAD /home/neuberfran/neuber/gcc-arm-none-eabi-10.3-2021.10/bin/../lib/gcc/arm-none-eabi/10.3.1/../../../../arm-none-eabi/lib/thumb/v7e-m+fp/hard/libc_nano.a
LOAD /home/neuberfran/neuber/gcc-arm-none-eabi-10.3-2021.10/bin/../lib/gcc/arm-none-eabi/10.3.1/../../../../arm-none-eabi/lib/thumb/v7e-m+fp/hard/libnosys.a
END GROUP
LOAD /home/neuberfran/neuber/gcc-arm-none-eabi-10.3-2021.10/bin/../lib/gcc/arm-none-eabi/10.3.1/thumb/v7e-m+fp/hard/crtend.o
LOAD /home/neuberfran/neuber/gcc-arm-none-eabi-10.3-2021.10/bin/../lib/gcc/arm-none-eabi/10.3.1/thumb/v7e-m+fp/hard/crtn.o
                0x0000000000000400                HEAP_SIZE = DEFINED (__heap_size__)?__heap_size__:0x400
                0x0000000000000400                STACK_SIZE = DEFINED (__stack_size__)?__stack_size__:0x400

.interrupts     0x000000001fff8000      0x240
                0x000000001fff8000                __VECTOR_TABLE = .
                0x000000001fff8000                . = ALIGN (0x4)
 *(.isr_vector)
 .isr_vector    0x000000001fff8000      0x240 CMakeFiles/rpmsg_str_echo_freertos_example.dir/home/neuberfran/projects/freertos-tn/platform/devices/MCIMX7D/startup/gcc/startup_MCIMX7D_M4.S.obj
                0x000000001fff8000                __isr_vector
                0x000000001fff8240                . = ALIGN (0x4)

.text           0x000000001fff8240     0x7e04
                0x000000001fff8240                . = ALIGN (0x4)
 *(.text)
 .text          0x000000001fff8240       0x40 /home/neuberfran/neuber/gcc-arm-none-eabi-10.3-2021.10/bin/../lib/gcc/arm-none-eabi/10.3.1/thumb/v7e-m+fp/hard/crtbegin.o
 .text          0x000000001fff8280       0x7c /home/neuberfran/neuber/gcc-arm-none-eabi-10.3-2021.10/bin/../lib/gcc/arm-none-eabi/10.3.1/../../../../arm-none-eabi/lib/thumb/v7e-m+fp/hard/crt0.o
                0x000000001fff8280                _stack_init
                0x000000001fff8288                _mainCRTStartup
                0x000000001fff8288                _start
 .text          0x000000001fff82fc       0x30 CMakeFiles/rpmsg_str_echo_freertos_example.dir/home/neuberfran/projects/freertos-tn/platform/devices/MCIMX7D/startup/gcc/startup_MCIMX7D_M4.S.obj
                0x000000001fff82fc                Reset_Handler
                0x000000001fff8328                ENET2_MAC0_TRANS1_Handler
                0x000000001fff8328                SAI3_Handler
                0x000000001fff8328                DebugMon_Handler
                0x000000001fff8328                USB_OH3_OTG2_1_Handler
                0x000000001fff8328                GPIO3_INT31_16_Handler
                0x000000001fff8328                eCSPI4_Handler
                0x000000001fff8328                SIM2_Handler
                0x000000001fff8328                FLEXCAN1_Handler
                0x000000001fff8328                UART3_Handler
                0x000000001fff8328                UART2_Handler
                0x000000001fff8328                GPIO1_INT3_Handler
                0x000000001fff8328                HardFault_Handler
                0x000000001fff8328                SNVS_SECURITY_Handler
                0x000000001fff8328                SEMA4_HS_M4_Handler
                0x000000001fff8328                GPIO6_INT31_16_Handler
                0x000000001fff8328                SRC_Handler
                0x000000001fff8328                GPT2_Handler
                0x000000001fff8328                CCM2_Handler
                0x000000001fff8328                I2C1_Handler
                0x000000001fff8328                CPU_CTI_Handler
                0x000000001fff8328                NMI_Handler
                0x000000001fff8328                SAI1_Handler
                0x000000001fff8328                ENET2_MAC0_IRQ_Handler
                0x000000001fff8328                KPP_Handler
                0x000000001fff8328                USB_OTG1_Handler
                0x000000001fff8328                MIPI_CSI_Handler
                0x000000001fff8328                WDOG4_Handler
                0x000000001fff8328                Reserved9_Handler
                0x000000001fff8328                QSPI_Handler
                0x000000001fff8328                CAAM_QUEUE_Handler
                0x000000001fff8328                GPIO2_INT15_0_Handler
                0x000000001fff8328                PCIE_CTRL4_Handler
                0x000000001fff8328                uSDHC2_Handler
                0x000000001fff8328                GPIO1_INT6_Handler
                0x000000001fff8328                PCIE_CTRL_REQUEST_Handler
                0x000000001fff8328                SCTR1_Handler
                0x000000001fff8328                RDC_Handler
                0x000000001fff8328                EPDC_Handler
                0x000000001fff8328                CCM1_Handler
                0x000000001fff8328                UsageFault_Handler
                0x000000001fff8328                ADC1_Handler
                0x000000001fff8328                GPIO1_INT0_Handler
                0x000000001fff8328                Analog_brown_out_Handler
                0x000000001fff8328                PXP2_Handler
                0x000000001fff8328                SEMA4_HS_A7_Handler
                0x000000001fff8328                RTIC_Handler
                0x000000001fff8328                DefaultISR
                0x000000001fff8328                GPIO6_INT15_0_Handler
                0x000000001fff8328                SCTR2_Handler
                0x000000001fff8328                WDOG3_Handler
                0x000000001fff8328                USB_OH2_OTG_Handler
                0x000000001fff8328                SAI2_Handler
                0x000000001fff8328                GPIO3_INT15_0_Handler
                0x000000001fff8328                FTM2_Handler
                0x000000001fff8328                eCSPI1_Handler
                0x000000001fff8328                GPC_Handler
                0x000000001fff8328                GPIO1_INT15_0_Handler
                0x000000001fff8328                UART1_Handler
                0x000000001fff8328                ENET1_MAC0_TRANS2_Handler
                0x000000001fff8328                eCSPI3_Handler
                0x000000001fff8328                BCH_Handler
                0x000000001fff8328                CAAM_ERROR_Handler
                0x000000001fff8328                Analog_TempSensor_Handler
                0x000000001fff8328                PXP1_Handler
                0x000000001fff8328                SNVS_Handler
                0x000000001fff8328                GPT4_Handler
                0x000000001fff8328                GPIO5_INT15_0_Handler
                0x000000001fff8328                ENET2_MAC0_TRANS2_Handler
                0x000000001fff8328                GPMI_Handler
                0x000000001fff8328                I2C4_Handler
                0x000000001fff8328                CCM_SRC_GPC_Handler
                0x000000001fff8328                CPU_Handler
                0x000000001fff8328                UART4_Handler
                0x000000001fff8328                GPIO1_INT1_Handler
                0x000000001fff8328                uSDHC3_Handler
                0x000000001fff8328                EIM_Handler
                0x000000001fff8328                PWM1_Handler
                0x000000001fff8328                ENET2_1588_TIMER_IRQ_Handler
                0x000000001fff8328                UART6_Handler
                0x000000001fff8328                GPIO1_INT4_Handler
                0x000000001fff8328                GPIO1_INT31_16_Handler
                0x000000001fff8328                APBHDMA_Handler
                0x000000001fff8328                uSDHC1_Handler
                0x000000001fff8328                DBGMON_Handler
                0x000000001fff8328                UART7_Handler
                0x000000001fff8328                SDMA_Handler
                0x000000001fff8328                GPT1_Handler
                0x000000001fff8328                PWM3_Handler
                0x000000001fff8328                PCIE_CTRL2_Handler
                0x000000001fff8328                MemManage_Handler
                0x000000001fff8328                GPIO5_INT31_16_Handler
                0x000000001fff8328                TZASC1_Handler
                0x000000001fff8328                I2C2_Handler
                0x000000001fff8328                DAP_Handler
                0x000000001fff8328                GPIO4_INT15_0_Handler
                0x000000001fff8328                CSI_Handler
                0x000000001fff8328                eCSPI2_Handler
                0x000000001fff8328                ENET1_1588_TIMER_Handler
                0x000000001fff8328                WDOG2_Handler
                0x000000001fff8328                FLEXCAN2_Handler
                0x000000001fff8328                PCIE_CTRL1_Handler
                0x000000001fff8328                PCIE_CTRL3_Handler
                0x000000001fff8328                GPT3_Handler
                0x000000001fff8328                GPIO1_INT5_Handler
                0x000000001fff8328                CAAM_WRAPPER2_Handler
                0x000000001fff8328                SNVS_CONSOLIDATED_Handler
                0x000000001fff8328                CAAM_WRAPPER1_Handler
                0x000000001fff8328                GPIO4_INT31_16_Handler
                0x000000001fff8328                GPIO1_INT2_Handler
                0x000000001fff8328                LCDIF_Handler
                0x000000001fff8328                UART5_Handler
                0x000000001fff8328                PERFMON1_Handler
                0x000000001fff8328                GPIO1_INT7_Handler
                0x000000001fff8328                I2C3_Handler
                0x000000001fff8328                CSU_Handler
                0x000000001fff8328                MIPI_DSI_Handler
                0x000000001fff8328                PWM2_Handler
                0x000000001fff8328                GPR_Handler
                0x000000001fff8328                SIM1_Handler
                0x000000001fff8328                USB_OTG2_Handler
                0x000000001fff8328                ENET1_MAC0_TRANS1_Handler
                0x000000001fff8328                BusFault_Handler
                0x000000001fff8328                USB_OH3_OTG2_2_Handler
                0x000000001fff8328                ENET1_MAC0_Handler
                0x000000001fff8328                PERFMON2_Handler
                0x000000001fff8328                GPIO7_INT31_16_Handler
                0x000000001fff8328                PWM4_Handler
                0x000000001fff8328                GPIO2_INT31_16_Handler
                0x000000001fff8328                FTM1_Handler
                0x000000001fff8328                GPIO7_INT15_0_Handler
                0x000000001fff8328                WDOG1_Handler
                0x000000001fff8328                MU_A7_Handler
                0x000000001fff8328                ADC2_Handler
                0x000000001fff8328                TPR_Handler
 .text          0x000000001fff832c       0x10 /home/neuberfran/neuber/gcc-arm-none-eabi-10.3-2021.10/bin/../lib/gcc/arm-none-eabi/10.3.1/../../../../arm-none-eabi/lib/thumb/v7e-m+fp/hard/libc_nano.a(lib_a-strlen.o)
                0x000000001fff832c                strlen
 *fill*         0x000000001fff833c        0x4 
 .text          0x000000001fff8340       0xa0 /home/neuberfran/neuber/gcc-arm-none-eabi-10.3-2021.10/bin/../lib/gcc/arm-none-eabi/10.3.1/../../../../arm-none-eabi/lib/thumb/v7e-m+fp/hard/libc_nano.a(lib_a-memchr.o)
                0x000000001fff8340                memchr
 *(.text*)
 .text.pxPortInitialiseStack
                0x000000001fff83e0       0x64 CMakeFiles/rpmsg_str_echo_freertos_example.dir/home/neuberfran/projects/freertos-tn/rtos/FreeRTOS/Source/portable/GCC/ARM_CM4F/port.c.obj
                0x000000001fff83e0                pxPortInitialiseStack
 .text.prvTaskExitError
                0x000000001fff8444       0x20 CMakeFiles/rpmsg_str_echo_freertos_example.dir/home/neuberfran/projects/freertos-tn/rtos/FreeRTOS/Source/portable/GCC/ARM_CM4F/port.c.obj
 .text.SVC_Handler
                0x000000001fff8464       0x24 CMakeFiles/rpmsg_str_echo_freertos_example.dir/home/neuberfran/projects/freertos-tn/rtos/FreeRTOS/Source/portable/GCC/ARM_CM4F/port.c.obj
                0x000000001fff8464                SVC_Handler
 .text.prvPortStartFirstTask
                0x000000001fff8488       0x20 CMakeFiles/rpmsg_str_echo_freertos_example.dir/home/neuberfran/projects/freertos-tn/rtos/FreeRTOS/Source/portable/GCC/ARM_CM4F/port.c.obj
 .text.xPortStartScheduler
                0x000000001fff84a8       0xd0 CMakeFiles/rpmsg_str_echo_freertos_example.dir/home/neuberfran/projects/freertos-tn/rtos/FreeRTOS/Source/portable/GCC/ARM_CM4F/port.c.obj
                0x000000001fff84a8                xPortStartScheduler
 .text.vPortYield
                0x000000001fff8578       0x24 CMakeFiles/rpmsg_str_echo_freertos_example.dir/home/neuberfran/projects/freertos-tn/rtos/FreeRTOS/Source/portable/GCC/ARM_CM4F/port.c.obj
                0x000000001fff8578                vPortYield
 .text.vPortEnterCritical
                0x000000001fff859c       0x24 CMakeFiles/rpmsg_str_echo_freertos_example.dir/home/neuberfran/projects/freertos-tn/rtos/FreeRTOS/Source/portable/GCC/ARM_CM4F/port.c.obj
                0x000000001fff859c                vPortEnterCritical
 .text.vPortExitCritical
                0x000000001fff85c0       0x34 CMakeFiles/rpmsg_str_echo_freertos_example.dir/home/neuberfran/projects/freertos-tn/rtos/FreeRTOS/Source/portable/GCC/ARM_CM4F/port.c.obj
                0x000000001fff85c0                vPortExitCritical
 .text.ulPortSetInterruptMask
                0x000000001fff85f4       0x12 CMakeFiles/rpmsg_str_echo_freertos_example.dir/home/neuberfran/projects/freertos-tn/rtos/FreeRTOS/Source/portable/GCC/ARM_CM4F/port.c.obj
                0x000000001fff85f4                ulPortSetInterruptMask
 .text.vPortClearInterruptMask
                0x000000001fff8606        0x8 CMakeFiles/rpmsg_str_echo_freertos_example.dir/home/neuberfran/projects/freertos-tn/rtos/FreeRTOS/Source/portable/GCC/ARM_CM4F/port.c.obj
                0x000000001fff8606                vPortClearInterruptMask
 *fill*         0x000000001fff860e        0x2 
 .text.PendSV_Handler
                0x000000001fff8610       0x5c CMakeFiles/rpmsg_str_echo_freertos_example.dir/home/neuberfran/projects/freertos-tn/rtos/FreeRTOS/Source/portable/GCC/ARM_CM4F/port.c.obj
                0x000000001fff8610                PendSV_Handler
 .text.SysTick_Handler
                0x000000001fff866c       0x28 CMakeFiles/rpmsg_str_echo_freertos_example.dir/home/neuberfran/projects/freertos-tn/rtos/FreeRTOS/Source/portable/GCC/ARM_CM4F/port.c.obj
                0x000000001fff866c                SysTick_Handler
 .text.vPortSetupTimerInterrupt
                0x000000001fff8694       0x28 CMakeFiles/rpmsg_str_echo_freertos_example.dir/home/neuberfran/projects/freertos-tn/rtos/FreeRTOS/Source/portable/GCC/ARM_CM4F/port.c.obj
                0x000000001fff8694                vPortSetupTimerInterrupt
 .text.vPortEnableVFP
                0x000000001fff86bc       0x14 CMakeFiles/rpmsg_str_echo_freertos_example.dir/home/neuberfran/projects/freertos-tn/rtos/FreeRTOS/Source/portable/GCC/ARM_CM4F/port.c.obj
 .text.vPortValidateInterruptPriority
                0x000000001fff86d0       0x5c CMakeFiles/rpmsg_str_echo_freertos_example.dir/home/neuberfran/projects/freertos-tn/rtos/FreeRTOS/Source/portable/GCC/ARM_CM4F/port.c.obj
                0x000000001fff86d0                vPortValidateInterruptPriority
 .text.pvPortMalloc
                0x000000001fff872c      0x11c CMakeFiles/rpmsg_str_echo_freertos_example.dir/home/neuberfran/projects/freertos-tn/rtos/FreeRTOS/Source/portable/MemMang/heap_2.c.obj
                0x000000001fff872c                pvPortMalloc
 .text.vPortFree
                0x000000001fff8848       0x74 CMakeFiles/rpmsg_str_echo_freertos_example.dir/home/neuberfran/projects/freertos-tn/rtos/FreeRTOS/Source/portable/MemMang/heap_2.c.obj
                0x000000001fff8848                vPortFree
 .text.prvHeapInit
                0x000000001fff88bc       0x54 CMakeFiles/rpmsg_str_echo_freertos_example.dir/home/neuberfran/projects/freertos-tn/rtos/FreeRTOS/Source/portable/MemMang/heap_2.c.obj
 .text.NVIC_EnableIRQ
                0x000000001fff8910       0x34 CMakeFiles/rpmsg_str_echo_freertos_example.dir/home/neuberfran/projects/freertos-tn/examples/imx7d_pico_m4/demo_apps/rpmsg/str_echo_freertos/str_echo_freertos.c.obj
 .text.NVIC_SetPriority
                0x000000001fff8944       0x54 CMakeFiles/rpmsg_str_echo_freertos_example.dir/home/neuberfran/projects/freertos-tn/examples/imx7d_pico_m4/demo_apps/rpmsg/str_echo_freertos/str_echo_freertos.c.obj
 .text.MU_Init  0x000000001fff8998       0x22 CMakeFiles/rpmsg_str_echo_freertos_example.dir/home/neuberfran/projects/freertos-tn/examples/imx7d_pico_m4/demo_apps/rpmsg/str_echo_freertos/str_echo_freertos.c.obj
 *fill*         0x000000001fff89ba        0x2 
 .text.StrEchoTask
                0x000000001fff89bc      0x170 CMakeFiles/rpmsg_str_echo_freertos_example.dir/home/neuberfran/projects/freertos-tn/examples/imx7d_pico_m4/demo_apps/rpmsg/str_echo_freertos/str_echo_freertos.c.obj
 .text.MU_M4_Handler
                0x000000001fff8b2c        0xc CMakeFiles/rpmsg_str_echo_freertos_example.dir/home/neuberfran/projects/freertos-tn/examples/imx7d_pico_m4/demo_apps/rpmsg/str_echo_freertos/str_echo_freertos.c.obj
                0x000000001fff8b2c                MU_M4_Handler
 .text.main     0x000000001fff8b38       0x50 CMakeFiles/rpmsg_str_echo_freertos_example.dir/home/neuberfran/projects/freertos-tn/examples/imx7d_pico_m4/demo_apps/rpmsg/str_echo_freertos/str_echo_freertos.c.obj
                0x000000001fff8b38                main
 .text.rpmsg_channel_created_rtos
                0x000000001fff8b88       0x74 CMakeFiles/rpmsg_str_echo_freertos_example.dir/home/neuberfran/projects/freertos-tn/middleware/multicore/open-amp/rpmsg/rpmsg_rtos.c.obj
 .text.rpmsg_channel_deleted_rtos
                0x000000001fff8bfc       0x38 CMakeFiles/rpmsg_str_echo_freertos_example.dir/home/neuberfran/projects/freertos-tn/middleware/multicore/open-amp/rpmsg/rpmsg_rtos.c.obj
 .text.rpmsg_read_rtos_cb
                0x000000001fff8c34       0x74 CMakeFiles/rpmsg_str_echo_freertos_example.dir/home/neuberfran/projects/freertos-tn/middleware/multicore/open-amp/rpmsg/rpmsg_rtos.c.obj
 .text.rpmsg_rtos_init
                0x000000001fff8ca8      0x114 CMakeFiles/rpmsg_str_echo_freertos_example.dir/home/neuberfran/projects/freertos-tn/middleware/multicore/open-amp/rpmsg/rpmsg_rtos.c.obj
                0x000000001fff8ca8                rpmsg_rtos_init
 .text.rpmsg_rtos_recv_nocopy
                0x000000001fff8dbc       0x8c CMakeFiles/rpmsg_str_echo_freertos_example.dir/home/neuberfran/projects/freertos-tn/middleware/multicore/open-amp/rpmsg/rpmsg_rtos.c.obj
                0x000000001fff8dbc                rpmsg_rtos_recv_nocopy
 .text.rpmsg_rtos_recv_nocopy_free
                0x000000001fff8e48       0x54 CMakeFiles/rpmsg_str_echo_freertos_example.dir/home/neuberfran/projects/freertos-tn/middleware/multicore/open-amp/rpmsg/rpmsg_rtos.c.obj
                0x000000001fff8e48                rpmsg_rtos_recv_nocopy_free
 .text.rpmsg_rtos_alloc_tx_buffer
                0x000000001fff8e9c       0x50 CMakeFiles/rpmsg_str_echo_freertos_example.dir/home/neuberfran/projects/freertos-tn/middleware/multicore/open-amp/rpmsg/rpmsg_rtos.c.obj
                0x000000001fff8e9c                rpmsg_rtos_alloc_tx_buffer
 .text.rpmsg_rtos_send_nocopy
                0x000000001fff8eec       0x60 CMakeFiles/rpmsg_str_echo_freertos_example.dir/home/neuberfran/projects/freertos-tn/middleware/multicore/open-amp/rpmsg/rpmsg_rtos.c.obj
                0x000000001fff8eec                rpmsg_rtos_send_nocopy
 .text.NVIC_EnableIRQ
                0x000000001fff8f4c       0x34 CMakeFiles/rpmsg_str_echo_freertos_example.dir/home/neuberfran/projects/freertos-tn/middleware/multicore/open-amp/porting/imx7d_m4/platform.c.obj
 .text.NVIC_DisableIRQ
                0x000000001fff8f80       0x34 CMakeFiles/rpmsg_str_echo_freertos_example.dir/home/neuberfran/projects/freertos-tn/middleware/multicore/open-amp/porting/imx7d_m4/platform.c.obj
 .text.MU_EnableRxFullInt
                0x000000001fff8fb4       0x2e CMakeFiles/rpmsg_str_echo_freertos_example.dir/home/neuberfran/projects/freertos-tn/middleware/multicore/open-amp/porting/imx7d_m4/platform.c.obj
 *fill*         0x000000001fff8fe2        0x2 
 .text._enable_interrupt
                0x000000001fff8fe4       0x30 CMakeFiles/rpmsg_str_echo_freertos_example.dir/home/neuberfran/projects/freertos-tn/middleware/multicore/open-amp/porting/imx7d_m4/platform.c.obj
 .text._notify  0x000000001fff9014       0x28 CMakeFiles/rpmsg_str_echo_freertos_example.dir/home/neuberfran/projects/freertos-tn/middleware/multicore/open-amp/porting/imx7d_m4/platform.c.obj
 .text._boot_cpu
                0x000000001fff903c       0x24 CMakeFiles/rpmsg_str_echo_freertos_example.dir/home/neuberfran/projects/freertos-tn/middleware/multicore/open-amp/porting/imx7d_m4/platform.c.obj
 .text._shutdown_cpu
                0x000000001fff9060       0x20 CMakeFiles/rpmsg_str_echo_freertos_example.dir/home/neuberfran/projects/freertos-tn/middleware/multicore/open-amp/porting/imx7d_m4/platform.c.obj
 .text.rpmsg_handler
                0x000000001fff9080       0x34 CMakeFiles/rpmsg_str_echo_freertos_example.dir/home/neuberfran/projects/freertos-tn/middleware/multicore/open-amp/porting/imx7d_m4/platform.c.obj
                0x000000001fff9080                rpmsg_handler
 .text.platform_isr
                0x000000001fff90b4       0x18 CMakeFiles/rpmsg_str_echo_freertos_example.dir/home/neuberfran/projects/freertos-tn/middleware/multicore/open-amp/porting/imx7d_m4/platform.c.obj
                0x000000001fff90b4                platform_isr
 .text.platform_in_isr
                0x000000001fff90cc       0x24 CMakeFiles/rpmsg_str_echo_freertos_example.dir/home/neuberfran/projects/freertos-tn/middleware/multicore/open-amp/porting/imx7d_m4/platform.c.obj
                0x000000001fff90cc                platform_in_isr
 .text.platform_interrupt_enable
                0x000000001fff90f0       0x90 CMakeFiles/rpmsg_str_echo_freertos_example.dir/home/neuberfran/projects/freertos-tn/middleware/multicore/open-amp/porting/imx7d_m4/platform.c.obj
                0x000000001fff90f0                platform_interrupt_enable
 .text.platform_interrupt_disable
                0x000000001fff9180       0x98 CMakeFiles/rpmsg_str_echo_freertos_example.dir/home/neuberfran/projects/freertos-tn/middleware/multicore/open-amp/porting/imx7d_m4/platform.c.obj
                0x000000001fff9180                platform_interrupt_disable
 .text.platform_interrupt_enable_all
                0x000000001fff9218       0x48 CMakeFiles/rpmsg_str_echo_freertos_example.dir/home/neuberfran/projects/freertos-tn/middleware/multicore/open-amp/porting/imx7d_m4/platform.c.obj
                0x000000001fff9218                platform_interrupt_enable_all
 .text.platform_interrupt_disable_all
                0x000000001fff9260       0x44 CMakeFiles/rpmsg_str_echo_freertos_example.dir/home/neuberfran/projects/freertos-tn/middleware/multicore/open-amp/porting/imx7d_m4/platform.c.obj
                0x000000001fff9260                platform_interrupt_disable_all
 .text.platform_map_mem_region
                0x000000001fff92a4       0x1a CMakeFiles/rpmsg_str_echo_freertos_example.dir/home/neuberfran/projects/freertos-tn/middleware/multicore/open-amp/porting/imx7d_m4/platform.c.obj
                0x000000001fff92a4                platform_map_mem_region
 .text.platform_vatopa
                0x000000001fff92be       0x16 CMakeFiles/rpmsg_str_echo_freertos_example.dir/home/neuberfran/projects/freertos-tn/middleware/multicore/open-amp/porting/imx7d_m4/platform.c.obj
                0x000000001fff92be                platform_vatopa
 .text.platform_patova
                0x000000001fff92d4       0x16 CMakeFiles/rpmsg_str_echo_freertos_example.dir/home/neuberfran/projects/freertos-tn/middleware/multicore/open-amp/porting/imx7d_m4/platform.c.obj
                0x000000001fff92d4                platform_patova
 .text.platform_init
                0x000000001fff92ea       0x10 CMakeFiles/rpmsg_str_echo_freertos_example.dir/home/neuberfran/projects/freertos-tn/middleware/multicore/open-amp/porting/imx7d_m4/platform.c.obj
                0x000000001fff92ea                platform_init
 .text.platform_deinit
                0x000000001fff92fa       0x10 CMakeFiles/rpmsg_str_echo_freertos_example.dir/home/neuberfran/projects/freertos-tn/middleware/multicore/open-amp/porting/imx7d_m4/platform.c.obj
                0x000000001fff92fa                platform_deinit
 *fill*         0x000000001fff930a        0x2 
 .text.platform_get_processor_info
                0x000000001fff930c       0x68 CMakeFiles/rpmsg_str_echo_freertos_example.dir/home/neuberfran/projects/freertos-tn/middleware/multicore/open-amp/porting/imx7d_m4/platform_info.c.obj
                0x000000001fff930c                platform_get_processor_info
 .text.hil_create_proc
                0x000000001fff9374       0xb0 CMakeFiles/rpmsg_str_echo_freertos_example.dir/home/neuberfran/projects/freertos-tn/middleware/multicore/open-amp/common/hil/hil.c.obj
                0x000000001fff9374                hil_create_proc
 .text.hil_isr  0x000000001fff9424       0x1a CMakeFiles/rpmsg_str_echo_freertos_example.dir/home/neuberfran/projects/freertos-tn/middleware/multicore/open-amp/common/hil/hil.c.obj
                0x000000001fff9424                hil_isr
 .text.hil_get_chnl_info
                0x000000001fff943e       0x24 CMakeFiles/rpmsg_str_echo_freertos_example.dir/home/neuberfran/projects/freertos-tn/middleware/multicore/open-amp/common/hil/hil.c.obj
                0x000000001fff943e                hil_get_chnl_info
 .text.hil_get_vring_info
                0x000000001fff9462       0x24 CMakeFiles/rpmsg_str_echo_freertos_example.dir/home/neuberfran/projects/freertos-tn/middleware/multicore/open-amp/common/hil/hil.c.obj
                0x000000001fff9462                hil_get_vring_info
 .text.hil_get_shm_info
                0x000000001fff9486       0x18 CMakeFiles/rpmsg_str_echo_freertos_example.dir/home/neuberfran/projects/freertos-tn/middleware/multicore/open-amp/common/hil/hil.c.obj
                0x000000001fff9486                hil_get_shm_info
 .text.hil_enable_vring_notifications
                0x000000001fff949e       0x48 CMakeFiles/rpmsg_str_echo_freertos_example.dir/home/neuberfran/projects/freertos-tn/middleware/multicore/open-amp/common/hil/hil.c.obj
                0x000000001fff949e                hil_enable_vring_notifications
 .text.hil_vring_notify
                0x000000001fff94e6       0x4a CMakeFiles/rpmsg_str_echo_freertos_example.dir/home/neuberfran/projects/freertos-tn/middleware/multicore/open-amp/common/hil/hil.c.obj
                0x000000001fff94e6                hil_vring_notify
 .text.hil_get_status
                0x000000001fff9530       0x16 CMakeFiles/rpmsg_str_echo_freertos_example.dir/home/neuberfran/projects/freertos-tn/middleware/multicore/open-amp/common/hil/hil.c.obj
                0x000000001fff9530                hil_get_status
 .text.hil_set_status
                0x000000001fff9546       0x16 CMakeFiles/rpmsg_str_echo_freertos_example.dir/home/neuberfran/projects/freertos-tn/middleware/multicore/open-amp/common/hil/hil.c.obj
                0x000000001fff9546                hil_set_status
 .text.add_to_list
                0x000000001fff955c       0x5a CMakeFiles/rpmsg_str_echo_freertos_example.dir/home/neuberfran/projects/freertos-tn/middleware/multicore/open-amp/common/llist/llist.c.obj
                0x000000001fff955c                add_to_list
 .text.remove_from_list
                0x000000001fff95b6       0x64 CMakeFiles/rpmsg_str_echo_freertos_example.dir/home/neuberfran/projects/freertos-tn/middleware/multicore/open-amp/common/llist/llist.c.obj
                0x000000001fff95b6                remove_from_list
 .text.sh_mem_create_pool
                0x000000001fff961a       0xe4 CMakeFiles/rpmsg_str_echo_freertos_example.dir/home/neuberfran/projects/freertos-tn/middleware/multicore/open-amp/common/shm/sh_mem.c.obj
                0x000000001fff961a                sh_mem_create_pool
 .text.sh_mem_get_buffer
                0x000000001fff96fe       0xc6 CMakeFiles/rpmsg_str_echo_freertos_example.dir/home/neuberfran/projects/freertos-tn/middleware/multicore/open-amp/common/shm/sh_mem.c.obj
                0x000000001fff96fe                sh_mem_get_buffer
 .text.sh_mem_free_buffer
                0x000000001fff97c4       0x8e CMakeFiles/rpmsg_str_echo_freertos_example.dir/home/neuberfran/projects/freertos-tn/middleware/multicore/open-amp/common/shm/sh_mem.c.obj
                0x000000001fff97c4                sh_mem_free_buffer
 .text.sh_mem_delete_pool
                0x000000001fff9852       0x26 CMakeFiles/rpmsg_str_echo_freertos_example.dir/home/neuberfran/projects/freertos-tn/middleware/multicore/open-amp/common/shm/sh_mem.c.obj
                0x000000001fff9852                sh_mem_delete_pool
 .text.get_first_zero_bit
                0x000000001fff9878       0x74 CMakeFiles/rpmsg_str_echo_freertos_example.dir/home/neuberfran/projects/freertos-tn/middleware/multicore/open-amp/common/shm/sh_mem.c.obj
                0x000000001fff9878                get_first_zero_bit
 .text.vring_size
                0x000000001fff98ec       0x46 CMakeFiles/rpmsg_str_echo_freertos_example.dir/home/neuberfran/projects/freertos-tn/middleware/multicore/open-amp/rpmsg/remote_device.c.obj
 *fill*         0x000000001fff9932        0x2 
 .text.rpmsg_rdev_init
                0x000000001fff9934      0x100 CMakeFiles/rpmsg_str_echo_freertos_example.dir/home/neuberfran/projects/freertos-tn/middleware/multicore/open-amp/rpmsg/remote_device.c.obj
                0x000000001fff9934                rpmsg_rdev_init
 .text.rpmsg_rdev_deinit
                0x000000001fff9a34       0xda CMakeFiles/rpmsg_str_echo_freertos_example.dir/home/neuberfran/projects/freertos-tn/middleware/multicore/open-amp/rpmsg/remote_device.c.obj
                0x000000001fff9a34                rpmsg_rdev_deinit
 .text.rpmsg_rdev_get_chnl_node_from_id
                0x000000001fff9b0e       0x62 CMakeFiles/rpmsg_str_echo_freertos_example.dir/home/neuberfran/projects/freertos-tn/middleware/multicore/open-amp/rpmsg/remote_device.c.obj
                0x000000001fff9b0e                rpmsg_rdev_get_chnl_node_from_id
 .text.rpmsg_rdev_get_endpoint_from_addr
                0x000000001fff9b70       0x5a CMakeFiles/rpmsg_str_echo_freertos_example.dir/home/neuberfran/projects/freertos-tn/middleware/multicore/open-amp/rpmsg/remote_device.c.obj
                0x000000001fff9b70                rpmsg_rdev_get_endpoint_from_addr
 .text.rpmsg_rdev_notify
                0x000000001fff9bca       0x54 CMakeFiles/rpmsg_str_echo_freertos_example.dir/home/neuberfran/projects/freertos-tn/middleware/multicore/open-amp/rpmsg/remote_device.c.obj
                0x000000001fff9bca                rpmsg_rdev_notify
 *fill*         0x000000001fff9c1e        0x2 
 .text.rpmsg_rdev_init_channels
                0x000000001fff9c20       0x90 CMakeFiles/rpmsg_str_echo_freertos_example.dir/home/neuberfran/projects/freertos-tn/middleware/multicore/open-amp/rpmsg/remote_device.c.obj
 .text.rpmsg_rdev_create_virtqueues
                0x000000001fff9cb0      0x1a0 CMakeFiles/rpmsg_str_echo_freertos_example.dir/home/neuberfran/projects/freertos-tn/middleware/multicore/open-amp/rpmsg/remote_device.c.obj
                0x000000001fff9cb0                rpmsg_rdev_create_virtqueues
 .text.rpmsg_rdev_get_status
                0x000000001fff9e50       0x16 CMakeFiles/rpmsg_str_echo_freertos_example.dir/home/neuberfran/projects/freertos-tn/middleware/multicore/open-amp/rpmsg/remote_device.c.obj
                0x000000001fff9e50                rpmsg_rdev_get_status
 .text.rpmsg_rdev_set_status
                0x000000001fff9e66       0x18 CMakeFiles/rpmsg_str_echo_freertos_example.dir/home/neuberfran/projects/freertos-tn/middleware/multicore/open-amp/rpmsg/remote_device.c.obj
                0x000000001fff9e66                rpmsg_rdev_set_status
 .text.rpmsg_rdev_get_feature
                0x000000001fff9e7e       0x18 CMakeFiles/rpmsg_str_echo_freertos_example.dir/home/neuberfran/projects/freertos-tn/middleware/multicore/open-amp/rpmsg/remote_device.c.obj
                0x000000001fff9e7e                rpmsg_rdev_get_feature
 .text.rpmsg_rdev_set_feature
                0x000000001fff9e96       0x22 CMakeFiles/rpmsg_str_echo_freertos_example.dir/home/neuberfran/projects/freertos-tn/middleware/multicore/open-amp/rpmsg/remote_device.c.obj
                0x000000001fff9e96                rpmsg_rdev_set_feature
 .text.rpmsg_rdev_negotiate_feature
                0x000000001fff9eb8       0x18 CMakeFiles/rpmsg_str_echo_freertos_example.dir/home/neuberfran/projects/freertos-tn/middleware/multicore/open-amp/rpmsg/remote_device.c.obj
                0x000000001fff9eb8                rpmsg_rdev_negotiate_feature
 .text.rpmsg_rdev_read_config
                0x000000001fff9ed0       0x1a CMakeFiles/rpmsg_str_echo_freertos_example.dir/home/neuberfran/projects/freertos-tn/middleware/multicore/open-amp/rpmsg/remote_device.c.obj
                0x000000001fff9ed0                rpmsg_rdev_read_config
 .text.rpmsg_rdev_write_config
                0x000000001fff9eea       0x1a CMakeFiles/rpmsg_str_echo_freertos_example.dir/home/neuberfran/projects/freertos-tn/middleware/multicore/open-amp/rpmsg/remote_device.c.obj
                0x000000001fff9eea                rpmsg_rdev_write_config
 .text.rpmsg_rdev_reset
                0x000000001fff9f04       0x14 CMakeFiles/rpmsg_str_echo_freertos_example.dir/home/neuberfran/projects/freertos-tn/middleware/multicore/open-amp/rpmsg/remote_device.c.obj
                0x000000001fff9f04                rpmsg_rdev_reset
 .text.rpmsg_init
                0x000000001fff9f18       0x5c CMakeFiles/rpmsg_str_echo_freertos_example.dir/home/neuberfran/projects/freertos-tn/middleware/multicore/open-amp/rpmsg/rpmsg.c.obj
                0x000000001fff9f18                rpmsg_init
 .text.rpmsg_deinit
                0x000000001fff9f74       0x20 CMakeFiles/rpmsg_str_echo_freertos_example.dir/home/neuberfran/projects/freertos-tn/middleware/multicore/open-amp/rpmsg/rpmsg.c.obj
                0x000000001fff9f74                rpmsg_deinit
 .text.rpmsg_send_offchannel_raw
                0x000000001fff9f94      0x1c4 CMakeFiles/rpmsg_str_echo_freertos_example.dir/home/neuberfran/projects/freertos-tn/middleware/multicore/open-amp/rpmsg/rpmsg.c.obj
                0x000000001fff9f94                rpmsg_send_offchannel_raw
 .text.rpmsg_create_ept
                0x000000001fffa158       0x50 CMakeFiles/rpmsg_str_echo_freertos_example.dir/home/neuberfran/projects/freertos-tn/middleware/multicore/open-amp/rpmsg/rpmsg.c.obj
                0x000000001fffa158                rpmsg_create_ept
 .text.rpmsg_destroy_ept
                0x000000001fffa1a8       0x2c CMakeFiles/rpmsg_str_echo_freertos_example.dir/home/neuberfran/projects/freertos-tn/middleware/multicore/open-amp/rpmsg/rpmsg.c.obj
                0x000000001fffa1a8                rpmsg_destroy_ept
 .text.rpmsg_hold_rx_buffer
                0x000000001fffa1d4       0x3a CMakeFiles/rpmsg_str_echo_freertos_example.dir/home/neuberfran/projects/freertos-tn/middleware/multicore/open-amp/rpmsg/rpmsg_ext.c.obj
                0x000000001fffa1d4                rpmsg_hold_rx_buffer
 .text.rpmsg_release_rx_buffer
                0x000000001fffa20e       0x62 CMakeFiles/rpmsg_str_echo_freertos_example.dir/home/neuberfran/projects/freertos-tn/middleware/multicore/open-amp/rpmsg/rpmsg_ext.c.obj
                0x000000001fffa20e                rpmsg_release_rx_buffer
 .text.rpmsg_alloc_tx_buffer
                0x000000001fffa270       0xcc CMakeFiles/rpmsg_str_echo_freertos_example.dir/home/neuberfran/projects/freertos-tn/middleware/multicore/open-amp/rpmsg/rpmsg_ext.c.obj
                0x000000001fffa270                rpmsg_alloc_tx_buffer
 .text.rpmsg_send_offchannel_nocopy
                0x000000001fffa33c       0xa0 CMakeFiles/rpmsg_str_echo_freertos_example.dir/home/neuberfran/projects/freertos-tn/middleware/multicore/open-amp/rpmsg/rpmsg_ext.c.obj
                0x000000001fffa33c                rpmsg_send_offchannel_nocopy
 .text.rpmsg_send
                0x000000001fffa3dc       0x44 CMakeFiles/rpmsg_str_echo_freertos_example.dir/home/neuberfran/projects/freertos-tn/middleware/multicore/open-amp/rpmsg/rpmsg_core.c.obj
 .text.rpmsg_start_ipc
                0x000000001fffa420      0x114 CMakeFiles/rpmsg_str_echo_freertos_example.dir/home/neuberfran/projects/freertos-tn/middleware/multicore/open-amp/rpmsg/rpmsg_core.c.obj
                0x000000001fffa420                rpmsg_start_ipc
 .text._rpmsg_create_channel
                0x000000001fffa534       0x8c CMakeFiles/rpmsg_str_echo_freertos_example.dir/home/neuberfran/projects/freertos-tn/middleware/multicore/open-amp/rpmsg/rpmsg_core.c.obj
                0x000000001fffa534                _rpmsg_create_channel
 .text._rpmsg_delete_channel
                0x000000001fffa5c0       0x5e CMakeFiles/rpmsg_str_echo_freertos_example.dir/home/neuberfran/projects/freertos-tn/middleware/multicore/open-amp/rpmsg/rpmsg_core.c.obj
                0x000000001fffa5c0                _rpmsg_delete_channel
 *fill*         0x000000001fffa61e        0x2 
 .text._create_endpoint
                0x000000001fffa620       0xf0 CMakeFiles/rpmsg_str_echo_freertos_example.dir/home/neuberfran/projects/freertos-tn/middleware/multicore/open-amp/rpmsg/rpmsg_core.c.obj
                0x000000001fffa620                _create_endpoint
 .text._destroy_endpoint
                0x000000001fffa710       0x64 CMakeFiles/rpmsg_str_echo_freertos_example.dir/home/neuberfran/projects/freertos-tn/middleware/multicore/open-amp/rpmsg/rpmsg_core.c.obj
                0x000000001fffa710                _destroy_endpoint
 .text.rpmsg_send_ns_message
                0x000000001fffa774       0xa6 CMakeFiles/rpmsg_str_echo_freertos_example.dir/home/neuberfran/projects/freertos-tn/middleware/multicore/open-amp/rpmsg/rpmsg_core.c.obj
                0x000000001fffa774                rpmsg_send_ns_message
 .text.rpmsg_enqueue_buffer
                0x000000001fffa81a       0x58 CMakeFiles/rpmsg_str_echo_freertos_example.dir/home/neuberfran/projects/freertos-tn/middleware/multicore/open-amp/rpmsg/rpmsg_core.c.obj
                0x000000001fffa81a                rpmsg_enqueue_buffer
 .text.rpmsg_return_buffer
                0x000000001fffa872       0x52 CMakeFiles/rpmsg_str_echo_freertos_example.dir/home/neuberfran/projects/freertos-tn/middleware/multicore/open-amp/rpmsg/rpmsg_core.c.obj
                0x000000001fffa872                rpmsg_return_buffer
 .text.rpmsg_get_tx_buffer
                0x000000001fffa8c4       0x5e CMakeFiles/rpmsg_str_echo_freertos_example.dir/home/neuberfran/projects/freertos-tn/middleware/multicore/open-amp/rpmsg/rpmsg_core.c.obj
                0x000000001fffa8c4                rpmsg_get_tx_buffer
 .text.rpmsg_get_rx_buffer
                0x000000001fffa922       0x44 CMakeFiles/rpmsg_str_echo_freertos_example.dir/home/neuberfran/projects/freertos-tn/middleware/multicore/open-amp/rpmsg/rpmsg_core.c.obj
                0x000000001fffa922                rpmsg_get_rx_buffer
 .text.rpmsg_free_buffer
                0x000000001fffa966       0x26 CMakeFiles/rpmsg_str_echo_freertos_example.dir/home/neuberfran/projects/freertos-tn/middleware/multicore/open-amp/rpmsg/rpmsg_core.c.obj
                0x000000001fffa966                rpmsg_free_buffer
 .text.rpmsg_tx_callback
                0x000000001fffa98c       0x6c CMakeFiles/rpmsg_str_echo_freertos_example.dir/home/neuberfran/projects/freertos-tn/middleware/multicore/open-amp/rpmsg/rpmsg_core.c.obj
 .text.rpmsg_rx_callback
                0x000000001fffa9f8      0x178 CMakeFiles/rpmsg_str_echo_freertos_example.dir/home/neuberfran/projects/freertos-tn/middleware/multicore/open-amp/rpmsg/rpmsg_core.c.obj
 .text.rpmsg_ns_callback
                0x000000001fffab70       0xcc CMakeFiles/rpmsg_str_echo_freertos_example.dir/home/neuberfran/projects/freertos-tn/middleware/multicore/open-amp/rpmsg/rpmsg_core.c.obj
                0x000000001fffab70                rpmsg_ns_callback
 .text.rpmsg_get_address
                0x000000001fffac3c       0x74 CMakeFiles/rpmsg_str_echo_freertos_example.dir/home/neuberfran/projects/freertos-tn/middleware/multicore/open-amp/rpmsg/rpmsg_core.c.obj
                0x000000001fffac3c                rpmsg_get_address
 .text.rpmsg_release_address
                0x000000001fffacb0       0x70 CMakeFiles/rpmsg_str_echo_freertos_example.dir/home/neuberfran/projects/freertos-tn/middleware/multicore/open-amp/rpmsg/rpmsg_core.c.obj
                0x000000001fffacb0                rpmsg_release_address
 .text.rpmsg_is_address_set
                0x000000001fffad20       0x62 CMakeFiles/rpmsg_str_echo_freertos_example.dir/home/neuberfran/projects/freertos-tn/middleware/multicore/open-amp/rpmsg/rpmsg_core.c.obj
                0x000000001fffad20                rpmsg_is_address_set
 .text.rpmsg_set_address
                0x000000001fffad82       0x6e CMakeFiles/rpmsg_str_echo_freertos_example.dir/home/neuberfran/projects/freertos-tn/middleware/multicore/open-amp/rpmsg/rpmsg_core.c.obj
                0x000000001fffad82                rpmsg_set_address
 .text.vring_size
                0x000000001fffadf0       0x46 CMakeFiles/rpmsg_str_echo_freertos_example.dir/home/neuberfran/projects/freertos-tn/middleware/multicore/open-amp/virtio/virtqueue.c.obj
 .text.vring_init
                0x000000001fffae36       0x52 CMakeFiles/rpmsg_str_echo_freertos_example.dir/home/neuberfran/projects/freertos-tn/middleware/multicore/open-amp/virtio/virtqueue.c.obj
 .text.vring_need_event
                0x000000001fffae88       0x3c CMakeFiles/rpmsg_str_echo_freertos_example.dir/home/neuberfran/projects/freertos-tn/middleware/multicore/open-amp/virtio/virtqueue.c.obj
 .text.virtqueue_create
                0x000000001fffaec4       0xcc CMakeFiles/rpmsg_str_echo_freertos_example.dir/home/neuberfran/projects/freertos-tn/middleware/multicore/open-amp/virtio/virtqueue.c.obj
                0x000000001fffaec4                virtqueue_create
 .text.virtqueue_add_buffer
                0x000000001fffaf90       0x90 CMakeFiles/rpmsg_str_echo_freertos_example.dir/home/neuberfran/projects/freertos-tn/middleware/multicore/open-amp/virtio/virtqueue.c.obj
                0x000000001fffaf90                virtqueue_add_buffer
 .text.virtqueue_get_buffer
                0x000000001fffb020       0x9c CMakeFiles/rpmsg_str_echo_freertos_example.dir/home/neuberfran/projects/freertos-tn/middleware/multicore/open-amp/virtio/virtqueue.c.obj
                0x000000001fffb020                virtqueue_get_buffer
 .text.virtqueue_free
                0x000000001fffb0bc       0x30 CMakeFiles/rpmsg_str_echo_freertos_example.dir/home/neuberfran/projects/freertos-tn/middleware/multicore/open-amp/virtio/virtqueue.c.obj
                0x000000001fffb0bc                virtqueue_free
 .text.virtqueue_get_available_buffer
                0x000000001fffb0ec       0x90 CMakeFiles/rpmsg_str_echo_freertos_example.dir/home/neuberfran/projects/freertos-tn/middleware/multicore/open-amp/virtio/virtqueue.c.obj
                0x000000001fffb0ec                virtqueue_get_available_buffer
 .text.virtqueue_add_consumed_buffer
                0x000000001fffb17c       0x70 CMakeFiles/rpmsg_str_echo_freertos_example.dir/home/neuberfran/projects/freertos-tn/middleware/multicore/open-amp/virtio/virtqueue.c.obj
                0x000000001fffb17c                virtqueue_add_consumed_buffer
 .text.virtqueue_disable_cb
                0x000000001fffb1ec       0x56 CMakeFiles/rpmsg_str_echo_freertos_example.dir/home/neuberfran/projects/freertos-tn/middleware/multicore/open-amp/virtio/virtqueue.c.obj
                0x000000001fffb1ec                virtqueue_disable_cb
 .text.virtqueue_kick
                0x000000001fffb242       0x2e CMakeFiles/rpmsg_str_echo_freertos_example.dir/home/neuberfran/projects/freertos-tn/middleware/multicore/open-amp/virtio/virtqueue.c.obj
                0x000000001fffb242                virtqueue_kick
 .text.vq_ring_add_buffer
                0x000000001fffb270       0xaa CMakeFiles/rpmsg_str_echo_freertos_example.dir/home/neuberfran/projects/freertos-tn/middleware/multicore/open-amp/virtio/virtqueue.c.obj
 .text.vq_ring_free_chain
                0x000000001fffb31a       0x96 CMakeFiles/rpmsg_str_echo_freertos_example.dir/home/neuberfran/projects/freertos-tn/middleware/multicore/open-amp/virtio/virtqueue.c.obj
 .text.vq_ring_init
                0x000000001fffb3b0       0x6a CMakeFiles/rpmsg_str_echo_freertos_example.dir/home/neuberfran/projects/freertos-tn/middleware/multicore/open-amp/virtio/virtqueue.c.obj
 .text.vq_ring_update_avail
                0x000000001fffb41a       0x5a CMakeFiles/rpmsg_str_echo_freertos_example.dir/home/neuberfran/projects/freertos-tn/middleware/multicore/open-amp/virtio/virtqueue.c.obj
 .text.virtqueue_notification
                0x000000001fffb474       0x20 CMakeFiles/rpmsg_str_echo_freertos_example.dir/home/neuberfran/projects/freertos-tn/middleware/multicore/open-amp/virtio/virtqueue.c.obj
                0x000000001fffb474                virtqueue_notification
 .text.vq_ring_must_notify_host
                0x000000001fffb494       0x70 CMakeFiles/rpmsg_str_echo_freertos_example.dir/home/neuberfran/projects/freertos-tn/middleware/multicore/open-amp/virtio/virtqueue.c.obj
 .text.vq_ring_notify_host
                0x000000001fffb504       0x20 CMakeFiles/rpmsg_str_echo_freertos_example.dir/home/neuberfran/projects/freertos-tn/middleware/multicore/open-amp/virtio/virtqueue.c.obj
 .text.env_in_isr
                0x000000001fffb524        0xe CMakeFiles/rpmsg_str_echo_freertos_example.dir/home/neuberfran/projects/freertos-tn/middleware/multicore/open-amp/porting/env/freertos/rpmsg_porting.c.obj
                0x000000001fffb524                env_in_isr
 *fill*         0x000000001fffb532        0x2 
 .text.env_init
                0x000000001fffb534       0x64 CMakeFiles/rpmsg_str_echo_freertos_example.dir/home/neuberfran/projects/freertos-tn/middleware/multicore/open-amp/porting/env/freertos/rpmsg_porting.c.obj
                0x000000001fffb534                env_init
 .text.env_deinit
                0x000000001fffb598       0x64 CMakeFiles/rpmsg_str_echo_freertos_example.dir/home/neuberfran/projects/freertos-tn/middleware/multicore/open-amp/porting/env/freertos/rpmsg_porting.c.obj
                0x000000001fffb598                env_deinit
 .text.env_allocate_memory
                0x000000001fffb5fc       0x18 CMakeFiles/rpmsg_str_echo_freertos_example.dir/home/neuberfran/projects/freertos-tn/middleware/multicore/open-amp/porting/env/freertos/rpmsg_porting.c.obj
                0x000000001fffb5fc                env_allocate_memory
 .text.env_free_memory
                0x000000001fffb614       0x16 CMakeFiles/rpmsg_str_echo_freertos_example.dir/home/neuberfran/projects/freertos-tn/middleware/multicore/open-amp/porting/env/freertos/rpmsg_porting.c.obj
                0x000000001fffb614                env_free_memory
 .text.env_memset
                0x000000001fffb62a       0x1e CMakeFiles/rpmsg_str_echo_freertos_example.dir/home/neuberfran/projects/freertos-tn/middleware/multicore/open-amp/porting/env/freertos/rpmsg_porting.c.obj
                0x000000001fffb62a                env_memset
 .text.env_memcpy
                0x000000001fffb648       0x1e CMakeFiles/rpmsg_str_echo_freertos_example.dir/home/neuberfran/projects/freertos-tn/middleware/multicore/open-amp/porting/env/freertos/rpmsg_porting.c.obj
                0x000000001fffb648                env_memcpy
 .text.env_strncpy
                0x000000001fffb666       0x1e CMakeFiles/rpmsg_str_echo_freertos_example.dir/home/neuberfran/projects/freertos-tn/middleware/multicore/open-amp/porting/env/freertos/rpmsg_porting.c.obj
                0x000000001fffb666                env_strncpy
 .text.env_strncmp
                0x000000001fffb684       0x20 CMakeFiles/rpmsg_str_echo_freertos_example.dir/home/neuberfran/projects/freertos-tn/middleware/multicore/open-amp/porting/env/freertos/rpmsg_porting.c.obj
                0x000000001fffb684                env_strncmp
 .text.env_mb   0x000000001fffb6a4        0xe CMakeFiles/rpmsg_str_echo_freertos_example.dir/home/neuberfran/projects/freertos-tn/middleware/multicore/open-amp/porting/env/freertos/rpmsg_porting.c.obj
                0x000000001fffb6a4                env_mb
 .text.env_rmb  0x000000001fffb6b2        0xe CMakeFiles/rpmsg_str_echo_freertos_example.dir/home/neuberfran/projects/freertos-tn/middleware/multicore/open-amp/porting/env/freertos/rpmsg_porting.c.obj
                0x000000001fffb6b2                env_rmb
 .text.env_wmb  0x000000001fffb6c0        0xe CMakeFiles/rpmsg_str_echo_freertos_example.dir/home/neuberfran/projects/freertos-tn/middleware/multicore/open-amp/porting/env/freertos/rpmsg_porting.c.obj
                0x000000001fffb6c0                env_wmb
 .text.env_map_vatopa
                0x000000001fffb6ce       0x18 CMakeFiles/rpmsg_str_echo_freertos_example.dir/home/neuberfran/projects/freertos-tn/middleware/multicore/open-amp/porting/env/freertos/rpmsg_porting.c.obj
                0x000000001fffb6ce                env_map_vatopa
 .text.env_map_patova
                0x000000001fffb6e6       0x18 CMakeFiles/rpmsg_str_echo_freertos_example.dir/home/neuberfran/projects/freertos-tn/middleware/multicore/open-amp/porting/env/freertos/rpmsg_porting.c.obj
                0x000000001fffb6e6                env_map_patova
 .text.env_create_mutex
                0x000000001fffb6fe       0x32 CMakeFiles/rpmsg_str_echo_freertos_example.dir/home/neuberfran/projects/freertos-tn/middleware/multicore/open-amp/porting/env/freertos/rpmsg_porting.c.obj
                0x000000001fffb6fe                env_create_mutex
 .text.env_delete_mutex
                0x000000001fffb730       0x16 CMakeFiles/rpmsg_str_echo_freertos_example.dir/home/neuberfran/projects/freertos-tn/middleware/multicore/open-amp/porting/env/freertos/rpmsg_porting.c.obj
                0x000000001fffb730                env_delete_mutex
 .text.env_lock_mutex
                0x000000001fffb746       0x30 CMakeFiles/rpmsg_str_echo_freertos_example.dir/home/neuberfran/projects/freertos-tn/middleware/multicore/open-amp/porting/env/freertos/rpmsg_porting.c.obj
                0x000000001fffb746                env_lock_mutex
 .text.env_unlock_mutex
                0x000000001fffb776       0x2e CMakeFiles/rpmsg_str_echo_freertos_example.dir/home/neuberfran/projects/freertos-tn/middleware/multicore/open-amp/porting/env/freertos/rpmsg_porting.c.obj
                0x000000001fffb776                env_unlock_mutex
 .text.env_create_sync_lock
                0x000000001fffb7a4       0x1c CMakeFiles/rpmsg_str_echo_freertos_example.dir/home/neuberfran/projects/freertos-tn/middleware/multicore/open-amp/porting/env/freertos/rpmsg_porting.c.obj
                0x000000001fffb7a4                env_create_sync_lock
 .text.env_delete_sync_lock
                0x000000001fffb7c0       0x1c CMakeFiles/rpmsg_str_echo_freertos_example.dir/home/neuberfran/projects/freertos-tn/middleware/multicore/open-amp/porting/env/freertos/rpmsg_porting.c.obj
                0x000000001fffb7c0                env_delete_sync_lock
 .text.env_acquire_sync_lock
                0x000000001fffb7dc       0x54 CMakeFiles/rpmsg_str_echo_freertos_example.dir/home/neuberfran/projects/freertos-tn/middleware/multicore/open-amp/porting/env/freertos/rpmsg_porting.c.obj
                0x000000001fffb7dc                env_acquire_sync_lock
 .text.env_release_sync_lock
                0x000000001fffb830       0x50 CMakeFiles/rpmsg_str_echo_freertos_example.dir/home/neuberfran/projects/freertos-tn/middleware/multicore/open-amp/porting/env/freertos/rpmsg_porting.c.obj
                0x000000001fffb830                env_release_sync_lock
 .text.env_sleep_msec
                0x000000001fffb880       0x18 CMakeFiles/rpmsg_str_echo_freertos_example.dir/home/neuberfran/projects/freertos-tn/middleware/multicore/open-amp/porting/env/freertos/rpmsg_porting.c.obj
                0x000000001fffb880                env_sleep_msec
 .text.env_register_isr
                0x000000001fffb898       0x68 CMakeFiles/rpmsg_str_echo_freertos_example.dir/home/neuberfran/projects/freertos-tn/middleware/multicore/open-amp/porting/env/freertos/rpmsg_porting.c.obj
                0x000000001fffb898                env_register_isr
 .text.env_enable_interrupt
                0x000000001fffb900       0x70 CMakeFiles/rpmsg_str_echo_freertos_example.dir/home/neuberfran/projects/freertos-tn/middleware/multicore/open-amp/porting/env/freertos/rpmsg_porting.c.obj
                0x000000001fffb900                env_enable_interrupt
 .text.env_disable_interrupt
                0x000000001fffb970       0x16 CMakeFiles/rpmsg_str_echo_freertos_example.dir/home/neuberfran/projects/freertos-tn/middleware/multicore/open-amp/porting/env/freertos/rpmsg_porting.c.obj
                0x000000001fffb970                env_disable_interrupt
 .text.env_map_memory
                0x000000001fffb986       0x22 CMakeFiles/rpmsg_str_echo_freertos_example.dir/home/neuberfran/projects/freertos-tn/middleware/multicore/open-amp/porting/env/freertos/rpmsg_porting.c.obj
                0x000000001fffb986                env_map_memory
 .text.env_isr  0x000000001fffb9a8       0x94 CMakeFiles/rpmsg_str_echo_freertos_example.dir/home/neuberfran/projects/freertos-tn/middleware/multicore/open-amp/porting/env/freertos/rpmsg_porting.c.obj
                0x000000001fffb9a8                env_isr
 .text.env_create_queue
                0x000000001fffba3c       0x36 CMakeFiles/rpmsg_str_echo_freertos_example.dir/home/neuberfran/projects/freertos-tn/middleware/multicore/open-amp/porting/env/freertos/rpmsg_porting.c.obj
                0x000000001fffba3c                env_create_queue
 *fill*         0x000000001fffba72        0x2 
 .text.env_put_queue
                0x000000001fffba74       0x70 CMakeFiles/rpmsg_str_echo_freertos_example.dir/home/neuberfran/projects/freertos-tn/middleware/multicore/open-amp/porting/env/freertos/rpmsg_porting.c.obj
                0x000000001fffba74                env_put_queue
 .text.env_get_queue
                0x000000001fffbae4       0x70 CMakeFiles/rpmsg_str_echo_freertos_example.dir/home/neuberfran/projects/freertos-tn/middleware/multicore/open-amp/porting/env/freertos/rpmsg_porting.c.obj
                0x000000001fffbae4                env_get_queue
 .text.vListInitialise
                0x000000001fffbb54       0x40 CMakeFiles/rpmsg_str_echo_freertos_example.dir/home/neuberfran/projects/freertos-tn/rtos/FreeRTOS/Source/list.c.obj
                0x000000001fffbb54                vListInitialise
 .text.vListInitialiseItem
                0x000000001fffbb94       0x1a CMakeFiles/rpmsg_str_echo_freertos_example.dir/home/neuberfran/projects/freertos-tn/rtos/FreeRTOS/Source/list.c.obj
                0x000000001fffbb94                vListInitialiseItem
 .text.vListInsertEnd
                0x000000001fffbbae       0x48 CMakeFiles/rpmsg_str_echo_freertos_example.dir/home/neuberfran/projects/freertos-tn/rtos/FreeRTOS/Source/list.c.obj
                0x000000001fffbbae                vListInsertEnd
 .text.vListInsert
                0x000000001fffbbf6       0x72 CMakeFiles/rpmsg_str_echo_freertos_example.dir/home/neuberfran/projects/freertos-tn/rtos/FreeRTOS/Source/list.c.obj
                0x000000001fffbbf6                vListInsert
 .text.uxListRemove
                0x000000001fffbc68       0x54 CMakeFiles/rpmsg_str_echo_freertos_example.dir/home/neuberfran/projects/freertos-tn/rtos/FreeRTOS/Source/list.c.obj
                0x000000001fffbc68                uxListRemove
 .text.xQueueGenericReset
                0x000000001fffbcbc       0xb0 CMakeFiles/rpmsg_str_echo_freertos_example.dir/home/neuberfran/projects/freertos-tn/rtos/FreeRTOS/Source/queue.c.obj
                0x000000001fffbcbc                xQueueGenericReset
 .text.xQueueGenericCreate
                0x000000001fffbd6c       0x7c CMakeFiles/rpmsg_str_echo_freertos_example.dir/home/neuberfran/projects/freertos-tn/rtos/FreeRTOS/Source/queue.c.obj
                0x000000001fffbd6c                xQueueGenericCreate
 .text.xQueueCreateCountingSemaphore
                0x000000001fffbde8       0x52 CMakeFiles/rpmsg_str_echo_freertos_example.dir/home/neuberfran/projects/freertos-tn/rtos/FreeRTOS/Source/queue.c.obj
                0x000000001fffbde8                xQueueCreateCountingSemaphore
 .text.xQueueGenericSend
                0x000000001fffbe3a      0x158 CMakeFiles/rpmsg_str_echo_freertos_example.dir/home/neuberfran/projects/freertos-tn/rtos/FreeRTOS/Source/queue.c.obj
                0x000000001fffbe3a                xQueueGenericSend
 .text.xQueueGenericSendFromISR
                0x000000001fffbf92       0xd4 CMakeFiles/rpmsg_str_echo_freertos_example.dir/home/neuberfran/projects/freertos-tn/rtos/FreeRTOS/Source/queue.c.obj
                0x000000001fffbf92                xQueueGenericSendFromISR
 .text.xQueueGenericReceive
                0x000000001fffc066      0x16a CMakeFiles/rpmsg_str_echo_freertos_example.dir/home/neuberfran/projects/freertos-tn/rtos/FreeRTOS/Source/queue.c.obj
                0x000000001fffc066                xQueueGenericReceive
 .text.xQueueReceiveFromISR
                0x000000001fffc1d0       0xb2 CMakeFiles/rpmsg_str_echo_freertos_example.dir/home/neuberfran/projects/freertos-tn/rtos/FreeRTOS/Source/queue.c.obj
                0x000000001fffc1d0                xQueueReceiveFromISR
 .text.vQueueDelete
                0x000000001fffc282       0x3e CMakeFiles/rpmsg_str_echo_freertos_example.dir/home/neuberfran/projects/freertos-tn/rtos/FreeRTOS/Source/queue.c.obj
                0x000000001fffc282                vQueueDelete
 .text.prvCopyDataToQueue
                0x000000001fffc2c0       0xb4 CMakeFiles/rpmsg_str_echo_freertos_example.dir/home/neuberfran/projects/freertos-tn/rtos/FreeRTOS/Source/queue.c.obj
 .text.prvCopyDataFromQueue
                0x000000001fffc374       0x4c CMakeFiles/rpmsg_str_echo_freertos_example.dir/home/neuberfran/projects/freertos-tn/rtos/FreeRTOS/Source/queue.c.obj
 .text.prvUnlockQueue
                0x000000001fffc3c0       0x98 CMakeFiles/rpmsg_str_echo_freertos_example.dir/home/neuberfran/projects/freertos-tn/rtos/FreeRTOS/Source/queue.c.obj
 .text.prvIsQueueEmpty
                0x000000001fffc458       0x2c CMakeFiles/rpmsg_str_echo_freertos_example.dir/home/neuberfran/projects/freertos-tn/rtos/FreeRTOS/Source/queue.c.obj
 .text.prvIsQueueFull
                0x000000001fffc484       0x30 CMakeFiles/rpmsg_str_echo_freertos_example.dir/home/neuberfran/projects/freertos-tn/rtos/FreeRTOS/Source/queue.c.obj
 .text.vQueueUnregisterQueue
                0x000000001fffc4b4       0x48 CMakeFiles/rpmsg_str_echo_freertos_example.dir/home/neuberfran/projects/freertos-tn/rtos/FreeRTOS/Source/queue.c.obj
                0x000000001fffc4b4                vQueueUnregisterQueue
 .text.xTaskGenericCreate
                0x000000001fffc4fc      0x160 CMakeFiles/rpmsg_str_echo_freertos_example.dir/home/neuberfran/projects/freertos-tn/rtos/FreeRTOS/Source/tasks.c.obj
                0x000000001fffc4fc                xTaskGenericCreate
 .text.vTaskDelay
                0x000000001fffc65c       0x64 CMakeFiles/rpmsg_str_echo_freertos_example.dir/home/neuberfran/projects/freertos-tn/rtos/FreeRTOS/Source/tasks.c.obj
                0x000000001fffc65c                vTaskDelay
 .text.vTaskStartScheduler
                0x000000001fffc6c0       0x64 CMakeFiles/rpmsg_str_echo_freertos_example.dir/home/neuberfran/projects/freertos-tn/rtos/FreeRTOS/Source/tasks.c.obj
                0x000000001fffc6c0                vTaskStartScheduler
 .text.vTaskSuspendAll
                0x000000001fffc724       0x1c CMakeFiles/rpmsg_str_echo_freertos_example.dir/home/neuberfran/projects/freertos-tn/rtos/FreeRTOS/Source/tasks.c.obj
                0x000000001fffc724                vTaskSuspendAll
 .text.xTaskResumeAll
                0x000000001fffc740      0x10c CMakeFiles/rpmsg_str_echo_freertos_example.dir/home/neuberfran/projects/freertos-tn/rtos/FreeRTOS/Source/tasks.c.obj
                0x000000001fffc740                xTaskResumeAll
 .text.xTaskIncrementTick
                0x000000001fffc84c      0x170 CMakeFiles/rpmsg_str_echo_freertos_example.dir/home/neuberfran/projects/freertos-tn/rtos/FreeRTOS/Source/tasks.c.obj
                0x000000001fffc84c                xTaskIncrementTick
 .text.vTaskSwitchContext
                0x000000001fffc9bc       0xa4 CMakeFiles/rpmsg_str_echo_freertos_example.dir/home/neuberfran/projects/freertos-tn/rtos/FreeRTOS/Source/tasks.c.obj
                0x000000001fffc9bc                vTaskSwitchContext
 .text.vTaskPlaceOnEventList
                0x000000001fffca60       0x6c CMakeFiles/rpmsg_str_echo_freertos_example.dir/home/neuberfran/projects/freertos-tn/rtos/FreeRTOS/Source/tasks.c.obj
                0x000000001fffca60                vTaskPlaceOnEventList
 .text.xTaskRemoveFromEventList
                0x000000001fffcacc       0xb8 CMakeFiles/rpmsg_str_echo_freertos_example.dir/home/neuberfran/projects/freertos-tn/rtos/FreeRTOS/Source/tasks.c.obj
                0x000000001fffcacc                xTaskRemoveFromEventList
 .text.vTaskSetTimeOutState
                0x000000001fffcb84       0x34 CMakeFiles/rpmsg_str_echo_freertos_example.dir/home/neuberfran/projects/freertos-tn/rtos/FreeRTOS/Source/tasks.c.obj
                0x000000001fffcb84                vTaskSetTimeOutState
 .text.xTaskCheckForTimeOut
                0x000000001fffcbb8       0xa0 CMakeFiles/rpmsg_str_echo_freertos_example.dir/home/neuberfran/projects/freertos-tn/rtos/FreeRTOS/Source/tasks.c.obj
                0x000000001fffcbb8                xTaskCheckForTimeOut
 .text.vTaskMissedYield
                0x000000001fffcc58       0x18 CMakeFiles/rpmsg_str_echo_freertos_example.dir/home/neuberfran/projects/freertos-tn/rtos/FreeRTOS/Source/tasks.c.obj
                0x000000001fffcc58                vTaskMissedYield
 .text.prvIdleTask
                0x000000001fffcc70        0xe CMakeFiles/rpmsg_str_echo_freertos_example.dir/home/neuberfran/projects/freertos-tn/rtos/FreeRTOS/Source/tasks.c.obj
 .text.prvInitialiseTCBVariables
                0x000000001fffcc7e       0x8e CMakeFiles/rpmsg_str_echo_freertos_example.dir/home/neuberfran/projects/freertos-tn/rtos/FreeRTOS/Source/tasks.c.obj
 .text.prvInitialiseTaskLists
                0x000000001fffcd0c       0x74 CMakeFiles/rpmsg_str_echo_freertos_example.dir/home/neuberfran/projects/freertos-tn/rtos/FreeRTOS/Source/tasks.c.obj
 .text.prvCheckTasksWaitingTermination
                0x000000001fffcd80        0xe CMakeFiles/rpmsg_str_echo_freertos_example.dir/home/neuberfran/projects/freertos-tn/rtos/FreeRTOS/Source/tasks.c.obj
 *fill*         0x000000001fffcd8e        0x2 
 .text.prvAddCurrentTaskToDelayedList
                0x000000001fffcd90       0x6c CMakeFiles/rpmsg_str_echo_freertos_example.dir/home/neuberfran/projects/freertos-tn/rtos/FreeRTOS/Source/tasks.c.obj
 .text.prvAllocateTCBAndStack
                0x000000001fffcdfc       0x50 CMakeFiles/rpmsg_str_echo_freertos_example.dir/home/neuberfran/projects/freertos-tn/rtos/FreeRTOS/Source/tasks.c.obj
 .text.prvResetNextTaskUnblockTime
                0x000000001fffce4c       0x4c CMakeFiles/rpmsg_str_echo_freertos_example.dir/home/neuberfran/projects/freertos-tn/rtos/FreeRTOS/Source/tasks.c.obj
 .text.CCM_ANALOG_IsPllBypassed
                0x000000001fffce98       0x2e CMakeFiles/rpmsg_str_echo_freertos_example.dir/home/neuberfran/projects/freertos-tn/platform/drivers/src/ccm_analog_imx7d.c.obj
 *fill*         0x000000001fffcec6        0x2 
 .text.CCM_ANALOG_GetSysPllFreq
                0x000000001fffcec8       0x4c CMakeFiles/rpmsg_str_echo_freertos_example.dir/home/neuberfran/projects/freertos-tn/platform/drivers/src/ccm_analog_imx7d.c.obj
                0x000000001fffcec8                CCM_ANALOG_GetSysPllFreq
 .text.CCM_GetRootDivider
                0x000000001fffcf14       0x54 CMakeFiles/rpmsg_str_echo_freertos_example.dir/home/neuberfran/projects/freertos-tn/platform/drivers/src/ccm_imx7d.c.obj
                0x000000001fffcf14                CCM_GetRootDivider
 .text.CCM_UpdateRoot
                0x000000001fffcf68       0x78 CMakeFiles/rpmsg_str_echo_freertos_example.dir/home/neuberfran/projects/freertos-tn/platform/drivers/src/ccm_imx7d.c.obj
                0x000000001fffcf68                CCM_UpdateRoot
 .text.UART_Enable
                0x000000001fffcfe0       0x24 CMakeFiles/rpmsg_str_echo_freertos_example.dir/home/neuberfran/projects/freertos-tn/platform/utilities/src/debug_console_imx.c.obj
 .text.UART_Putchar
                0x000000001fffd004       0x1e CMakeFiles/rpmsg_str_echo_freertos_example.dir/home/neuberfran/projects/freertos-tn/platform/utilities/src/debug_console_imx.c.obj
 .text.UART_Getchar
                0x000000001fffd022       0x1a CMakeFiles/rpmsg_str_echo_freertos_example.dir/home/neuberfran/projects/freertos-tn/platform/utilities/src/debug_console_imx.c.obj
 .text.DbgConsole_Init
                0x000000001fffd03c       0x78 CMakeFiles/rpmsg_str_echo_freertos_example.dir/home/neuberfran/projects/freertos-tn/platform/utilities/src/debug_console_imx.c.obj
                0x000000001fffd03c                DbgConsole_Init
 .text._write   0x000000001fffd0b4       0x5c CMakeFiles/rpmsg_str_echo_freertos_example.dir/home/neuberfran/projects/freertos-tn/platform/utilities/src/debug_console_imx.c.obj
                0x000000001fffd0b4                _write
 .text._read    0x000000001fffd110       0x48 CMakeFiles/rpmsg_str_echo_freertos_example.dir/home/neuberfran/projects/freertos-tn/platform/utilities/src/debug_console_imx.c.obj
                0x000000001fffd110                _read
 .text.debug_printf
                0x000000001fffd158       0x50 CMakeFiles/rpmsg_str_echo_freertos_example.dir/home/neuberfran/projects/freertos-tn/platform/utilities/src/debug_console_imx.c.obj
                0x000000001fffd158                debug_printf
 .text.debug_putc
                0x000000001fffd1a8       0x44 CMakeFiles/rpmsg_str_echo_freertos_example.dir/home/neuberfran/projects/freertos-tn/platform/utilities/src/debug_console_imx.c.obj
 .text.UART_SendDataPolling
                0x000000001fffd1ec       0x68 CMakeFiles/rpmsg_str_echo_freertos_example.dir/home/neuberfran/projects/freertos-tn/platform/utilities/src/debug_console_imx.c.obj
 .text.UART_ReceiveDataPolling
                0x000000001fffd254       0x4e CMakeFiles/rpmsg_str_echo_freertos_example.dir/home/neuberfran/projects/freertos-tn/platform/utilities/src/debug_console_imx.c.obj
 *fill*         0x000000001fffd2a2        0x2 
 .text._doprint
                0x000000001fffd2a4      0x74c CMakeFiles/rpmsg_str_echo_freertos_example.dir/home/neuberfran/projects/freertos-tn/platform/utilities/src/print_scan.c.obj
                0x000000001fffd2a4                _doprint
 .text.mknumstr
                0x000000001fffd9f0      0x10e CMakeFiles/rpmsg_str_echo_freertos_example.dir/home/neuberfran/projects/freertos-tn/platform/utilities/src/print_scan.c.obj
 .text.fput_pad
                0x000000001fffdafe       0x44 CMakeFiles/rpmsg_str_echo_freertos_example.dir/home/neuberfran/projects/freertos-tn/platform/utilities/src/print_scan.c.obj
 *fill*         0x000000001fffdb42        0x2 
 .text.SystemInit
                0x000000001fffdb44      0x14c CMakeFiles/rpmsg_str_echo_freertos_example.dir/home/neuberfran/projects/freertos-tn/platform/devices/MCIMX7D/startup/system_MCIMX7D_M4.c.obj
                0x000000001fffdb44                SystemInit
 .text.configure_uart_pins
                0x000000001fffdc90       0xbc CMakeFiles/rpmsg_str_echo_freertos_example.dir/home/neuberfran/projects/freertos-tn/examples/imx7d_pico_m4/pin_mux.c.obj
                0x000000001fffdc90                configure_uart_pins
 .text.RDC_SetDomainID
                0x000000001fffdd4c       0x58 CMakeFiles/rpmsg_str_echo_freertos_example.dir/home/neuberfran/projects/freertos-tn/examples/imx7d_pico_m4/board.c.obj
 .text.RDC_SetPdapAccess
                0x000000001fffdda4       0x52 CMakeFiles/rpmsg_str_echo_freertos_example.dir/home/neuberfran/projects/freertos-tn/examples/imx7d_pico_m4/board.c.obj
 .text.CCM_EnableRoot
                0x000000001fffddf6       0x22 CMakeFiles/rpmsg_str_echo_freertos_example.dir/home/neuberfran/projects/freertos-tn/examples/imx7d_pico_m4/board.c.obj
 .text.CCM_ControlGate
                0x000000001fffde18       0x1e CMakeFiles/rpmsg_str_echo_freertos_example.dir/home/neuberfran/projects/freertos-tn/examples/imx7d_pico_m4/board.c.obj
 .text.WDOG_DisablePowerdown
                0x000000001fffde36       0x24 CMakeFiles/rpmsg_str_echo_freertos_example.dir/home/neuberfran/projects/freertos-tn/examples/imx7d_pico_m4/board.c.obj
 *fill*         0x000000001fffde5a        0x2 
 .text.BOARD_ClockInit
                0x000000001fffde5c       0xe4 CMakeFiles/rpmsg_str_echo_freertos_example.dir/home/neuberfran/projects/freertos-tn/examples/imx7d_pico_m4/board.c.obj
                0x000000001fffde5c                BOARD_ClockInit
 .text.dbg_uart_init
                0x000000001fffdf40       0x70 CMakeFiles/rpmsg_str_echo_freertos_example.dir/home/neuberfran/projects/freertos-tn/examples/imx7d_pico_m4/board.c.obj
                0x000000001fffdf40                dbg_uart_init
 .text.BOARD_RdcInit
                0x000000001fffdfb0       0x18 CMakeFiles/rpmsg_str_echo_freertos_example.dir/home/neuberfran/projects/freertos-tn/examples/imx7d_pico_m4/board.c.obj
                0x000000001fffdfb0                BOARD_RdcInit
 .text.CCM_GetRootMux
                0x000000001fffdfc8       0x20 CMakeFiles/rpmsg_str_echo_freertos_example.dir/home/neuberfran/projects/freertos-tn/examples/imx7d_pico_m4/clock_freq.c.obj
 .text.get_uart_clock_freq
                0x000000001fffdfe8       0xf8 CMakeFiles/rpmsg_str_echo_freertos_example.dir/home/neuberfran/projects/freertos-tn/examples/imx7d_pico_m4/clock_freq.c.obj
                0x000000001fffdfe8                get_uart_clock_freq
 .text.RDC_SetPdapAccess
                0x000000001fffe0e0       0x52 CMakeFiles/rpmsg_str_echo_freertos_example.dir/home/neuberfran/projects/freertos-tn/examples/imx7d_pico_m4/demo_apps/rpmsg/str_echo_freertos/hardware_init.c.obj
 .text.CCM_ControlGate
                0x000000001fffe132       0x1e CMakeFiles/rpmsg_str_echo_freertos_example.dir/home/neuberfran/projects/freertos-tn/examples/imx7d_pico_m4/demo_apps/rpmsg/str_echo_freertos/hardware_init.c.obj
 .text.hardware_init
                0x000000001fffe150       0x40 CMakeFiles/rpmsg_str_echo_freertos_example.dir/home/neuberfran/projects/freertos-tn/examples/imx7d_pico_m4/demo_apps/rpmsg/str_echo_freertos/hardware_init.c.obj
                0x000000001fffe150                hardware_init
 .text.UART_Init
                0x000000001fffe190       0x90 CMakeFiles/rpmsg_str_echo_freertos_example.dir/home/neuberfran/projects/freertos-tn/platform/drivers/src/uart_imx.c.obj
                0x000000001fffe190                UART_Init
 .text.UART_Deinit
                0x000000001fffe220       0x9c CMakeFiles/rpmsg_str_echo_freertos_example.dir/home/neuberfran/projects/freertos-tn/platform/drivers/src/uart_imx.c.obj
                0x000000001fffe220                UART_Deinit
 .text.UART_SetBaudRate
                0x000000001fffe2bc      0x1a0 CMakeFiles/rpmsg_str_echo_freertos_example.dir/home/neuberfran/projects/freertos-tn/platform/drivers/src/uart_imx.c.obj
                0x000000001fffe2bc                UART_SetBaudRate
 .text.UART_GetStatusFlag
                0x000000001fffe45c       0x3e CMakeFiles/rpmsg_str_echo_freertos_example.dir/home/neuberfran/projects/freertos-tn/platform/drivers/src/uart_imx.c.obj
                0x000000001fffe45c                UART_GetStatusFlag
 .text.MU_IsRxFull
                0x000000001fffe49a       0x30 CMakeFiles/rpmsg_str_echo_freertos_example.dir/home/neuberfran/projects/freertos-tn/platform/drivers/src/mu_imx.c.obj
 *fill*         0x000000001fffe4ca        0x2 
 .text.MU_SendMsg
                0x000000001fffe4cc       0x58 CMakeFiles/rpmsg_str_echo_freertos_example.dir/home/neuberfran/projects/freertos-tn/platform/drivers/src/mu_imx.c.obj
                0x000000001fffe4cc                MU_SendMsg
 .text.MU_TryReceiveMsg
                0x000000001fffe524       0x54 CMakeFiles/rpmsg_str_echo_freertos_example.dir/home/neuberfran/projects/freertos-tn/platform/drivers/src/mu_imx.c.obj
                0x000000001fffe524                MU_TryReceiveMsg
 .text.__assert_func
                0x000000001fffe578       0x3c /home/neuberfran/neuber/gcc-arm-none-eabi-10.3-2021.10/bin/../lib/gcc/arm-none-eabi/10.3.1/../../../../arm-none-eabi/lib/thumb/v7e-m+fp/hard/libc_nano.a(lib_a-assert.o)
                0x000000001fffe578                __assert_func
 .text.exit     0x000000001fffe5b4       0x28 /home/neuberfran/neuber/gcc-arm-none-eabi-10.3-2021.10/bin/../lib/gcc/arm-none-eabi/10.3.1/../../../../arm-none-eabi/lib/thumb/v7e-m+fp/hard/libc_nano.a(lib_a-exit.o)
                0x000000001fffe5b4                exit
 .text.fprintf  0x000000001fffe5dc       0x24 /home/neuberfran/neuber/gcc-arm-none-eabi-10.3-2021.10/bin/../lib/gcc/arm-none-eabi/10.3.1/../../../../arm-none-eabi/lib/thumb/v7e-m+fp/hard/libc_nano.a(lib_a-fprintf.o)
                0x000000001fffe5dc                fprintf
                0x000000001fffe5dc                fiprintf
 .text.__libc_init_array
                0x000000001fffe600       0x48 /home/neuberfran/neuber/gcc-arm-none-eabi-10.3-2021.10/bin/../lib/gcc/arm-none-eabi/10.3.1/../../../../arm-none-eabi/lib/thumb/v7e-m+fp/hard/libc_nano.a(lib_a-init.o)
                0x000000001fffe600                __libc_init_array
 .text.memcpy   0x000000001fffe648       0x1c /home/neuberfran/neuber/gcc-arm-none-eabi-10.3-2021.10/bin/../lib/gcc/arm-none-eabi/10.3.1/../../../../arm-none-eabi/lib/thumb/v7e-m+fp/hard/libc_nano.a(lib_a-memcpy-stub.o)
                0x000000001fffe648                memcpy
 .text.memset   0x000000001fffe664       0x10 /home/neuberfran/neuber/gcc-arm-none-eabi-10.3-2021.10/bin/../lib/gcc/arm-none-eabi/10.3.1/../../../../arm-none-eabi/lib/thumb/v7e-m+fp/hard/libc_nano.a(lib_a-memset.o)
                0x000000001fffe664                memset
 .text.__sfputc_r
                0x000000001fffe674       0x2e /home/neuberfran/neuber/gcc-arm-none-eabi-10.3-2021.10/bin/../lib/gcc/arm-none-eabi/10.3.1/../../../../arm-none-eabi/lib/thumb/v7e-m+fp/hard/libc_nano.a(lib_a-nano-vfprintf.o)
 .text.__sfputs_r
                0x000000001fffe6a2       0x24 /home/neuberfran/neuber/gcc-arm-none-eabi-10.3-2021.10/bin/../lib/gcc/arm-none-eabi/10.3.1/../../../../arm-none-eabi/lib/thumb/v7e-m+fp/hard/libc_nano.a(lib_a-nano-vfprintf.o)
                0x000000001fffe6a2                __sfputs_r
 *fill*         0x000000001fffe6c6        0x2 
 .text._vfprintf_r
                0x000000001fffe6c8      0x260 /home/neuberfran/neuber/gcc-arm-none-eabi-10.3-2021.10/bin/../lib/gcc/arm-none-eabi/10.3.1/../../../../arm-none-eabi/lib/thumb/v7e-m+fp/hard/libc_nano.a(lib_a-nano-vfprintf.o)
                0x000000001fffe6c8                _vfiprintf_r
                0x000000001fffe6c8                _vfprintf_r
 .text._printf_common
                0x000000001fffe928       0xda /home/neuberfran/neuber/gcc-arm-none-eabi-10.3-2021.10/bin/../lib/gcc/arm-none-eabi/10.3.1/../../../../arm-none-eabi/lib/thumb/v7e-m+fp/hard/libc_nano.a(lib_a-nano-vfprintf_i.o)
                0x000000001fffe928                _printf_common
 *fill*         0x000000001fffea02        0x2 
 .text._printf_i
                0x000000001fffea04      0x24c /home/neuberfran/neuber/gcc-arm-none-eabi-10.3-2021.10/bin/../lib/gcc/arm-none-eabi/10.3.1/../../../../arm-none-eabi/lib/thumb/v7e-m+fp/hard/libc_nano.a(lib_a-nano-vfprintf_i.o)
                0x000000001fffea04                _printf_i
 .text.strncmp  0x000000001fffec50       0x28 /home/neuberfran/neuber/gcc-arm-none-eabi-10.3-2021.10/bin/../lib/gcc/arm-none-eabi/10.3.1/../../../../arm-none-eabi/lib/thumb/v7e-m+fp/hard/libc_nano.a(lib_a-strncmp.o)
                0x000000001fffec50                strncmp
 .text.strncpy  0x000000001fffec78       0x26 /home/neuberfran/neuber/gcc-arm-none-eabi-10.3-2021.10/bin/../lib/gcc/arm-none-eabi/10.3.1/../../../../arm-none-eabi/lib/thumb/v7e-m+fp/hard/libc_nano.a(lib_a-strncpy.o)
                0x000000001fffec78                strncpy
 *fill*         0x000000001fffec9e        0x2 
 .text.__swbuf_r
                0x000000001fffeca0       0xa4 /home/neuberfran/neuber/gcc-arm-none-eabi-10.3-2021.10/bin/../lib/gcc/arm-none-eabi/10.3.1/../../../../arm-none-eabi/lib/thumb/v7e-m+fp/hard/libc_nano.a(lib_a-wbuf.o)
                0x000000001fffeca0                __swbuf_r
 .text.__swsetup_r
                0x000000001fffed44       0xdc /home/neuberfran/neuber/gcc-arm-none-eabi-10.3-2021.10/bin/../lib/gcc/arm-none-eabi/10.3.1/../../../../arm-none-eabi/lib/thumb/v7e-m+fp/hard/libc_nano.a(lib_a-wsetup.o)
                0x000000001fffed44                __swsetup_r
 .text.abort    0x000000001fffee20        0xe /home/neuberfran/neuber/gcc-arm-none-eabi-10.3-2021.10/bin/../lib/gcc/arm-none-eabi/10.3.1/../../../../arm-none-eabi/lib/thumb/v7e-m+fp/hard/libc_nano.a(lib_a-abort.o)
                0x000000001fffee20                abort
 *fill*         0x000000001fffee2e        0x2 
 .text.__sflush_r
                0x000000001fffee30      0x10c /home/neuberfran/neuber/gcc-arm-none-eabi-10.3-2021.10/bin/../lib/gcc/arm-none-eabi/10.3.1/../../../../arm-none-eabi/lib/thumb/v7e-m+fp/hard/libc_nano.a(lib_a-fflush.o)
                0x000000001fffee30                __sflush_r
 .text._fflush_r
                0x000000001fffef3c       0x78 /home/neuberfran/neuber/gcc-arm-none-eabi-10.3-2021.10/bin/../lib/gcc/arm-none-eabi/10.3.1/../../../../arm-none-eabi/lib/thumb/v7e-m+fp/hard/libc_nano.a(lib_a-fflush.o)
                0x000000001fffef3c                _fflush_r
 .text.std      0x000000001fffefb4       0x48 /home/neuberfran/neuber/gcc-arm-none-eabi-10.3-2021.10/bin/../lib/gcc/arm-none-eabi/10.3.1/../../../../arm-none-eabi/lib/thumb/v7e-m+fp/hard/libc_nano.a(lib_a-findfp.o)
 .text._cleanup_r
                0x000000001fffeffc        0xc /home/neuberfran/neuber/gcc-arm-none-eabi-10.3-2021.10/bin/../lib/gcc/arm-none-eabi/10.3.1/../../../../arm-none-eabi/lib/thumb/v7e-m+fp/hard/libc_nano.a(lib_a-findfp.o)
                0x000000001fffeffc                _cleanup_r
 .text.__sfmoreglue
                0x000000001ffff008       0x2c /home/neuberfran/neuber/gcc-arm-none-eabi-10.3-2021.10/bin/../lib/gcc/arm-none-eabi/10.3.1/../../../../arm-none-eabi/lib/thumb/v7e-m+fp/hard/libc_nano.a(lib_a-findfp.o)
                0x000000001ffff008                __sfmoreglue
 .text.__sfp_lock_acquire
                0x000000001ffff034        0xc /home/neuberfran/neuber/gcc-arm-none-eabi-10.3-2021.10/bin/../lib/gcc/arm-none-eabi/10.3.1/../../../../arm-none-eabi/lib/thumb/v7e-m+fp/hard/libc_nano.a(lib_a-findfp.o)
                0x000000001ffff034                __sfp_lock_acquire
 .text.__sfp_lock_release
                0x000000001ffff040        0xc /home/neuberfran/neuber/gcc-arm-none-eabi-10.3-2021.10/bin/../lib/gcc/arm-none-eabi/10.3.1/../../../../arm-none-eabi/lib/thumb/v7e-m+fp/hard/libc_nano.a(lib_a-findfp.o)
                0x000000001ffff040                __sfp_lock_release
 .text.__sinit_lock_acquire
                0x000000001ffff04c        0xc /home/neuberfran/neuber/gcc-arm-none-eabi-10.3-2021.10/bin/../lib/gcc/arm-none-eabi/10.3.1/../../../../arm-none-eabi/lib/thumb/v7e-m+fp/hard/libc_nano.a(lib_a-findfp.o)
                0x000000001ffff04c                __sinit_lock_acquire
 .text.__sinit_lock_release
                0x000000001ffff058        0xc /home/neuberfran/neuber/gcc-arm-none-eabi-10.3-2021.10/bin/../lib/gcc/arm-none-eabi/10.3.1/../../../../arm-none-eabi/lib/thumb/v7e-m+fp/hard/libc_nano.a(lib_a-findfp.o)
                0x000000001ffff058                __sinit_lock_release
 .text.__sinit  0x000000001ffff064       0x70 /home/neuberfran/neuber/gcc-arm-none-eabi-10.3-2021.10/bin/../lib/gcc/arm-none-eabi/10.3.1/../../../../arm-none-eabi/lib/thumb/v7e-m+fp/hard/libc_nano.a(lib_a-findfp.o)
                0x000000001ffff064                __sinit
 .text.__sfp    0x000000001ffff0d4       0x8c /home/neuberfran/neuber/gcc-arm-none-eabi-10.3-2021.10/bin/../lib/gcc/arm-none-eabi/10.3.1/../../../../arm-none-eabi/lib/thumb/v7e-m+fp/hard/libc_nano.a(lib_a-findfp.o)
                0x000000001ffff0d4                __sfp
 .text._fwalk_reent
                0x000000001ffff160       0x3e /home/neuberfran/neuber/gcc-arm-none-eabi-10.3-2021.10/bin/../lib/gcc/arm-none-eabi/10.3.1/../../../../arm-none-eabi/lib/thumb/v7e-m+fp/hard/libc_nano.a(lib_a-fwalk.o)
                0x000000001ffff160                _fwalk_reent
 .text.__retarget_lock_init_recursive
                0x000000001ffff19e        0x2 /home/neuberfran/neuber/gcc-arm-none-eabi-10.3-2021.10/bin/../lib/gcc/arm-none-eabi/10.3.1/../../../../arm-none-eabi/lib/thumb/v7e-m+fp/hard/libc_nano.a(lib_a-lock.o)
                0x000000001ffff19e                __retarget_lock_init_recursive
 .text.__retarget_lock_acquire_recursive
                0x000000001ffff1a0        0x2 /home/neuberfran/neuber/gcc-arm-none-eabi-10.3-2021.10/bin/../lib/gcc/arm-none-eabi/10.3.1/../../../../arm-none-eabi/lib/thumb/v7e-m+fp/hard/libc_nano.a(lib_a-lock.o)
                0x000000001ffff1a0                __retarget_lock_acquire_recursive
 .text.__retarget_lock_release_recursive
                0x000000001ffff1a2        0x2 /home/neuberfran/neuber/gcc-arm-none-eabi-10.3-2021.10/bin/../lib/gcc/arm-none-eabi/10.3.1/../../../../arm-none-eabi/lib/thumb/v7e-m+fp/hard/libc_nano.a(lib_a-lock.o)
                0x000000001ffff1a2                __retarget_lock_release_recursive
 .text.__swhatbuf_r
                0x000000001ffff1a4       0x4a /home/neuberfran/neuber/gcc-arm-none-eabi-10.3-2021.10/bin/../lib/gcc/arm-none-eabi/10.3.1/../../../../arm-none-eabi/lib/thumb/v7e-m+fp/hard/libc_nano.a(lib_a-makebuf.o)
                0x000000001ffff1a4                __swhatbuf_r
 *fill*         0x000000001ffff1ee        0x2 
 .text.__smakebuf_r
                0x000000001ffff1f0       0x80 /home/neuberfran/neuber/gcc-arm-none-eabi-10.3-2021.10/bin/../lib/gcc/arm-none-eabi/10.3.1/../../../../arm-none-eabi/lib/thumb/v7e-m+fp/hard/libc_nano.a(lib_a-makebuf.o)
                0x000000001ffff1f0                __smakebuf_r
 .text._free_r  0x000000001ffff270       0x98 /home/neuberfran/neuber/gcc-arm-none-eabi-10.3-2021.10/bin/../lib/gcc/arm-none-eabi/10.3.1/../../../../arm-none-eabi/lib/thumb/v7e-m+fp/hard/libc_nano.a(lib_a-nano-freer.o)
                0x000000001ffff270                _free_r
 .text.sbrk_aligned
                0x000000001ffff308       0x40 /home/neuberfran/neuber/gcc-arm-none-eabi-10.3-2021.10/bin/../lib/gcc/arm-none-eabi/10.3.1/../../../../arm-none-eabi/lib/thumb/v7e-m+fp/hard/libc_nano.a(lib_a-nano-mallocr.o)
 .text._malloc_r
                0x000000001ffff348       0xe8 /home/neuberfran/neuber/gcc-arm-none-eabi-10.3-2021.10/bin/../lib/gcc/arm-none-eabi/10.3.1/../../../../arm-none-eabi/lib/thumb/v7e-m+fp/hard/libc_nano.a(lib_a-nano-mallocr.o)
                0x000000001ffff348                _malloc_r
 .text._sbrk_r  0x000000001ffff430       0x20 /home/neuberfran/neuber/gcc-arm-none-eabi-10.3-2021.10/bin/../lib/gcc/arm-none-eabi/10.3.1/../../../../arm-none-eabi/lib/thumb/v7e-m+fp/hard/libc_nano.a(lib_a-sbrkr.o)
                0x000000001ffff430                _sbrk_r
 .text._raise_r
                0x000000001ffff450       0x50 /home/neuberfran/neuber/gcc-arm-none-eabi-10.3-2021.10/bin/../lib/gcc/arm-none-eabi/10.3.1/../../../../arm-none-eabi/lib/thumb/v7e-m+fp/hard/libc_nano.a(lib_a-signal.o)
                0x000000001ffff450                _raise_r
 .text.raise    0x000000001ffff4a0       0x10 /home/neuberfran/neuber/gcc-arm-none-eabi-10.3-2021.10/bin/../lib/gcc/arm-none-eabi/10.3.1/../../../../arm-none-eabi/lib/thumb/v7e-m+fp/hard/libc_nano.a(lib_a-signal.o)
                0x000000001ffff4a0                raise
 .text._kill_r  0x000000001ffff4b0       0x24 /home/neuberfran/neuber/gcc-arm-none-eabi-10.3-2021.10/bin/../lib/gcc/arm-none-eabi/10.3.1/../../../../arm-none-eabi/lib/thumb/v7e-m+fp/hard/libc_nano.a(lib_a-signalr.o)
                0x000000001ffff4b0                _kill_r
 .text._getpid_r
                0x000000001ffff4d4        0x4 /home/neuberfran/neuber/gcc-arm-none-eabi-10.3-2021.10/bin/../lib/gcc/arm-none-eabi/10.3.1/../../../../arm-none-eabi/lib/thumb/v7e-m+fp/hard/libc_nano.a(lib_a-signalr.o)
                0x000000001ffff4d4                _getpid_r
 .text.__sread  0x000000001ffff4d8       0x22 /home/neuberfran/neuber/gcc-arm-none-eabi-10.3-2021.10/bin/../lib/gcc/arm-none-eabi/10.3.1/../../../../arm-none-eabi/lib/thumb/v7e-m+fp/hard/libc_nano.a(lib_a-stdio.o)
                0x000000001ffff4d8                __sread
 .text.__swrite
                0x000000001ffff4fa       0x38 /home/neuberfran/neuber/gcc-arm-none-eabi-10.3-2021.10/bin/../lib/gcc/arm-none-eabi/10.3.1/../../../../arm-none-eabi/lib/thumb/v7e-m+fp/hard/libc_nano.a(lib_a-stdio.o)
                0x000000001ffff4fa                __swrite
 .text.__sseek  0x000000001ffff532       0x24 /home/neuberfran/neuber/gcc-arm-none-eabi-10.3-2021.10/bin/../lib/gcc/arm-none-eabi/10.3.1/../../../../arm-none-eabi/lib/thumb/v7e-m+fp/hard/libc_nano.a(lib_a-stdio.o)
                0x000000001ffff532                __sseek
 .text.__sclose
                0x000000001ffff556        0x8 /home/neuberfran/neuber/gcc-arm-none-eabi-10.3-2021.10/bin/../lib/gcc/arm-none-eabi/10.3.1/../../../../arm-none-eabi/lib/thumb/v7e-m+fp/hard/libc_nano.a(lib_a-stdio.o)
                0x000000001ffff556                __sclose
 *fill*         0x000000001ffff55e        0x2 
 .text._write_r