Archive member included to satisfy reference by file (symbol)

/home/neuberfran/neuber/gcc-arm-none-eabi-10.3-2021.10/bin/../lib/gcc/arm-none-eabi/10.3.1/../../../../arm-none-eabi/lib/thumb/v7e-m+fp/hard/libc_nano.a(lib_a-assert.o)
                              CMakeFiles/rpmsg_str_echo_freertos_example.dir/home/neuberfran/projects/freertos-tn/examples/imx7d_pico_m4/demo_apps/rpmsg/str_echo_freertos/str_echo_freertos.c.obj (__assert_func)
/home/neuberfran/neuber/gcc-arm-none-eabi-10.3-2021.10/bin/../lib/gcc/arm-none-eabi/10.3.1/../../../../arm-none-eabi/lib/thumb/v7e-m+fp/hard/libc_nano.a(lib_a-exit.o)
                              /home/neuberfran/neuber/gcc-arm-none-eabi-10.3-2021.10/bin/../lib/gcc/arm-none-eabi/10.3.1/../../../../arm-none-eabi/lib/thumb/v7e-m+fp/hard/crt0.o (exit)
/home/neuberfran/neuber/gcc-arm-none-eabi-10.3-2021.10/bin/../lib/gcc/arm-none-eabi/10.3.1/../../../../arm-none-eabi/lib/thumb/v7e-m+fp/hard/libc_nano.a(lib_a-fprintf.o)
                              /home/neuberfran/neuber/gcc-arm-none-eabi-10.3-2021.10/bin/../lib/gcc/arm-none-eabi/10.3.1/../../../../arm-none-eabi/lib/thumb/v7e-m+fp/hard/libc_nano.a(lib_a-assert.o) (fiprintf)
/home/neuberfran/neuber/gcc-arm-none-eabi-10.3-2021.10/bin/../lib/gcc/arm-none-eabi/10.3.1/../../../../arm-none-eabi/lib/thumb/v7e-m+fp/hard/libc_nano.a(lib_a-impure.o)
                              /home/neuberfran/neuber/gcc-arm-none-eabi-10.3-2021.10/bin/../lib/gcc/arm-none-eabi/10.3.1/../../../../arm-none-eabi/lib/thumb/v7e-m+fp/hard/libc_nano.a(lib_a-exit.o) (_global_impure_ptr)
/home/neuberfran/neuber/gcc-arm-none-eabi-10.3-2021.10/bin/../lib/gcc/arm-none-eabi/10.3.1/../../../../arm-none-eabi/lib/thumb/v7e-m+fp/hard/libc_nano.a(lib_a-init.o)
                              /home/neuberfran/neuber/gcc-arm-none-eabi-10.3-2021.10/bin/../lib/gcc/arm-none-eabi/10.3.1/../../../../arm-none-eabi/lib/thumb/v7e-m+fp/hard/crt0.o (__libc_init_array)
/home/neuberfran/neuber/gcc-arm-none-eabi-10.3-2021.10/bin/../lib/gcc/arm-none-eabi/10.3.1/../../../../arm-none-eabi/lib/thumb/v7e-m+fp/hard/libc_nano.a(lib_a-memcpy-stub.o)
                              CMakeFiles/rpmsg_str_echo_freertos_example.dir/home/neuberfran/projects/freertos-tn/examples/imx7d_pico_m4/demo_apps/rpmsg/str_echo_freertos/str_echo_freertos.c.obj (memcpy)
/home/neuberfran/neuber/gcc-arm-none-eabi-10.3-2021.10/bin/../lib/gcc/arm-none-eabi/10.3.1/../../../../arm-none-eabi/lib/thumb/v7e-m+fp/hard/libc_nano.a(lib_a-memset.o)
                              /home/neuberfran/neuber/gcc-arm-none-eabi-10.3-2021.10/bin/../lib/gcc/arm-none-eabi/10.3.1/../../../../arm-none-eabi/lib/thumb/v7e-m+fp/hard/crt0.o (memset)
/home/neuberfran/neuber/gcc-arm-none-eabi-10.3-2021.10/bin/../lib/gcc/arm-none-eabi/10.3.1/../../../../arm-none-eabi/lib/thumb/v7e-m+fp/hard/libc_nano.a(lib_a-nano-vfprintf.o)
                              /home/neuberfran/neuber/gcc-arm-none-eabi-10.3-2021.10/bin/../lib/gcc/arm-none-eabi/10.3.1/../../../../arm-none-eabi/lib/thumb/v7e-m+fp/hard/libc_nano.a(lib_a-fprintf.o) (_vfprintf_r)
/home/neuberfran/neuber/gcc-arm-none-eabi-10.3-2021.10/bin/../lib/gcc/arm-none-eabi/10.3.1/../../../../arm-none-eabi/lib/thumb/v7e-m+fp/hard/libc_nano.a(lib_a-nano-vfprintf_i.o)
                              /home/neuberfran/neuber/gcc-arm-none-eabi-10.3-2021.10/bin/../lib/gcc/arm-none-eabi/10.3.1/../../../../arm-none-eabi/lib/thumb/v7e-m+fp/hard/libc_nano.a(lib_a-nano-vfprintf.o) (_printf_i)
/home/neuberfran/neuber/gcc-arm-none-eabi-10.3-2021.10/bin/../lib/gcc/arm-none-eabi/10.3.1/../../../../arm-none-eabi/lib/thumb/v7e-m+fp/hard/libc_nano.a(lib_a-strcmp.o)
                              CMakeFiles/rpmsg_str_echo_freertos_example.dir/home/neuberfran/projects/freertos-tn/middleware/multicore/open-amp/porting/env/freertos/rpmsg_porting.c.obj (strcmp)
/home/neuberfran/neuber/gcc-arm-none-eabi-10.3-2021.10/bin/../lib/gcc/arm-none-eabi/10.3.1/../../../../arm-none-eabi/lib/thumb/v7e-m+fp/hard/libc_nano.a(lib_a-strlen.o)
                              CMakeFiles/rpmsg_str_echo_freertos_example.dir/home/neuberfran/projects/freertos-tn/platform/utilities/src/print_scan.c.obj (strlen)
/home/neuberfran/neuber/gcc-arm-none-eabi-10.3-2021.10/bin/../lib/gcc/arm-none-eabi/10.3.1/../../../../arm-none-eabi/lib/thumb/v7e-m+fp/hard/libc_nano.a(lib_a-strncmp.o)
                              CMakeFiles/rpmsg_str_echo_freertos_example.dir/home/neuberfran/projects/freertos-tn/middleware/multicore/open-amp/porting/env/freertos/rpmsg_porting.c.obj (strncmp)
/home/neuberfran/neuber/gcc-arm-none-eabi-10.3-2021.10/bin/../lib/gcc/arm-none-eabi/10.3.1/../../../../arm-none-eabi/lib/thumb/v7e-m+fp/hard/libc_nano.a(lib_a-strncpy.o)
                              CMakeFiles/rpmsg_str_echo_freertos_example.dir/home/neuberfran/projects/freertos-tn/middleware/multicore/open-amp/porting/env/freertos/rpmsg_porting.c.obj (strncpy)
[...]
Memory Configuration

Name             Origin             Length             Attributes
m_interrupts     0x000000001fff8000 0x0000000000000240 xr
m_text           0x000000001fff8240 0x0000000000007dc0 xr
m_data           0x0000000020000000 0x0000000000008000 rw
*default*        0x0000000000000000 0xffffffffffffffff

Linker script and memory map

LOAD /home/neuberfran/neuber/gcc-arm-none-eabi-10.3-2021.10/bin/../lib/gcc/arm-none-eabi/10.3.1/thumb/v7e-m+fp/hard/crti.o
LOAD /home/neuberfran/neuber/gcc-arm-none-eabi-10.3-2021.10/bin/../lib/gcc/arm-none-eabi/10.3.1/thumb/v7e-m+fp/hard/crtbegin.o
LOAD /home/neuberfran/neuber/gcc-arm-none-eabi-10.3-2021.10/bin/../lib/gcc/arm-none-eabi/10.3.1/../../../../arm-none-eabi/lib/thumb/v7e-m+fp/hard/crt0.o
LOAD /home/neuberfran/neuber/gcc-arm-none-eabi-10.3-2021.10/bin/../lib/gcc/arm-none-eabi/10.3.1/../../../../arm-none-eabi/lib/thumb/v7e-m+fp/hard/libm.a
LOAD CMakeFiles/rpmsg_str_echo_freertos_example.dir/home/neuberfran/projects/freertos-tn/rtos/FreeRTOS/Source/portable/GCC/ARM_CM4F/port.c.obj
LOAD CMakeFiles/rpmsg_str_echo_freertos_example.dir/home/neuberfran/projects/freertos-tn/platform/devices/MCIMX7D/startup/gcc/startup_MCIMX7D_M4.S.obj
LOAD CMakeFiles/rpmsg_str_echo_freertos_example.dir/home/neuberfran/projects/freertos-tn/rtos/FreeRTOS/Source/portable/MemMang/heap_2.c.obj
LOAD CMakeFiles/rpmsg_str_echo_freertos_example.dir/home/neuberfran/projects/freertos-tn/examples/imx7d_pico_m4/demo_apps/rpmsg/str_echo_freertos/str_echo_freertos.c.obj
LOAD CMakeFiles/rpmsg_str_echo_freertos_example.dir/home/neuberfran/projects/freertos-tn/middleware/multicore/open-amp/rpmsg/rpmsg_rtos.c.obj
LOAD CMakeFiles/rpmsg_str_echo_freertos_example.dir/home/neuberfran/projects/freertos-tn/middleware/multicore/open-amp/porting/imx7d_m4/platform.c.obj
LOAD CMakeFiles/rpmsg_str_echo_freertos_example.dir/home/neuberfran/projects/freertos-tn/middleware/multicore/open-amp/porting/imx7d_m4/platform_info.c.obj
LOAD CMakeFiles/rpmsg_str_echo_freertos_example.dir/home/neuberfran/projects/freertos-tn/middleware/multicore/open-amp/common/hil/hil.c.obj
LOAD CMakeFiles/rpmsg_str_echo_freertos_example.dir/home/neuberfran/projects/freertos-tn/middleware/multicore/open-amp/common/llist/llist.c.obj
LOAD CMakeFiles/rpmsg_str_echo_freertos_example.dir/home/neuberfran/projects/freertos-tn/middleware/multicore/open-amp/common/shm/sh_mem.c.obj
LOAD CMakeFiles/rpmsg_str_echo_freertos_example.dir/home/neuberfran/projects/freertos-tn/middleware/multicore/open-amp/porting/config/config.c.obj
LOAD CMakeFiles/rpmsg_str_echo_freertos_example.dir/home/neuberfran/projects/freertos-tn/middleware/multicore/open-amp/rpmsg/remote_device.c.obj
LOAD CMakeFiles/rpmsg_str_echo_freertos_example.dir/home/neuberfran/projects/freertos-tn/middleware/multicore/open-amp/rpmsg/rpmsg.c.obj
LOAD CMakeFiles/rpmsg_str_echo_freertos_example.dir/home/neuberfran/projects/freertos-tn/middleware/multicore/open-amp/rpmsg/rpmsg_ext.c.obj
LOAD CMakeFiles/rpmsg_str_echo_freertos_example.dir/home/neuberfran/projects/freertos-tn/middleware/multicore/open-amp/rpmsg/rpmsg_core.c.obj
LOAD CMakeFiles/rpmsg_str_echo_freertos_example.dir/home/neuberfran/projects/freertos-tn/middleware/multicore/open-amp/virtio/virtio.c.obj
LOAD CMakeFiles/rpmsg_str_echo_freertos_example.dir/home/neuberfran/projects/freertos-tn/middleware/multicore/open-amp/virtio/virtqueue.c.obj
LOAD CMakeFiles/rpmsg_str_echo_freertos_example.dir/home/neuberfran/projects/freertos-tn/middleware/multicore/open-amp/porting/env/freertos/rpmsg_porting.c.obj
LOAD CMakeFiles/rpmsg_str_echo_freertos_example.dir/home/neuberfran/projects/freertos-tn/rtos/FreeRTOS/Source/croutine.c.obj
LOAD CMakeFiles/rpmsg_str_echo_freertos_example.dir/home/neuberfran/projects/freertos-tn/rtos/FreeRTOS/Source/event_groups.c.obj
LOAD CMakeFiles/rpmsg_str_echo_freertos_example.dir/home/neuberfran/projects/freertos-tn/rtos/FreeRTOS/Source/list.c.obj
LOAD CMakeFiles/rpmsg_str_echo_freertos_example.dir/home/neuberfran/projects/freertos-tn/rtos/FreeRTOS/Source/queue.c.obj
LOAD CMakeFiles/rpmsg_str_echo_freertos_example.dir/home/neuberfran/projects/freertos-tn/rtos/FreeRTOS/Source/tasks.c.obj
LOAD CMakeFiles/rpmsg_str_echo_freertos_example.dir/home/neuberfran/projects/freertos-tn/rtos/FreeRTOS/Source/timers.c.obj
LOAD CMakeFiles/rpmsg_str_echo_freertos_example.dir/home/neuberfran/projects/freertos-tn/platform/drivers/src/ccm_analog_imx7d.c.obj
LOAD CMakeFiles/rpmsg_str_echo_freertos_example.dir/home/neuberfran/projects/freertos-tn/platform/drivers/src/ccm_imx7d.c.obj
LOAD CMakeFiles/rpmsg_str_echo_freertos_example.dir/home/neuberfran/projects/freertos-tn/platform/drivers/src/lmem.c.obj
LOAD CMakeFiles/rpmsg_str_echo_freertos_example.dir/home/neuberfran/projects/freertos-tn/platform/drivers/src/rdc.c.obj
LOAD CMakeFiles/rpmsg_str_echo_freertos_example.dir/home/neuberfran/projects/freertos-tn/platform/drivers/src/wdog_imx.c.obj
LOAD CMakeFiles/rpmsg_str_echo_freertos_example.dir/home/neuberfran/projects/freertos-tn/platform/utilities/src/debug_console_imx.c.obj
LOAD CMakeFiles/rpmsg_str_echo_freertos_example.dir/home/neuberfran/projects/freertos-tn/platform/utilities/src/print_scan.c.obj
LOAD CMakeFiles/rpmsg_str_echo_freertos_example.dir/home/neuberfran/projects/freertos-tn/platform/devices/MCIMX7D/startup/system_MCIMX7D_M4.c.obj
LOAD CMakeFiles/rpmsg_str_echo_freertos_example.dir/home/neuberfran/projects/freertos-tn/examples/imx7d_pico_m4/pin_mux.c.obj
LOAD CMakeFiles/rpmsg_str_echo_freertos_example.dir/home/neuberfran/projects/freertos-tn/examples/imx7d_pico_m4/board.c.obj
LOAD CMakeFiles/rpmsg_str_echo_freertos_example.dir/home/neuberfran/projects/freertos-tn/examples/imx7d_pico_m4/clock_freq.c.obj
LOAD CMakeFiles/rpmsg_str_echo_freertos_example.dir/home/neuberfran/projects/freertos-tn/examples/imx7d_pico_m4/demo_apps/rpmsg/str_echo_freertos/hardware_init.c.obj
LOAD CMakeFiles/rpmsg_str_echo_freertos_example.dir/home/neuberfran/projects/freertos-tn/platform/drivers/src/uart_imx.c.obj
LOAD CMakeFiles/rpmsg_str_echo_freertos_example.dir/home/neuberfran/projects/freertos-tn/platform/drivers/src/mu_imx.c.obj
START GROUP
LOAD /home/neuberfran/neuber/gcc-arm-none-eabi-10.3-2021.10/bin/../lib/gcc/arm-none-eabi/10.3.1/../../../../arm-none-eabi/lib/thumb/v7e-m+fp/hard/libm.a
LOAD /home/neuberfran/neuber/gcc-arm-none-eabi-10.3-2021.10/bin/../lib/gcc/arm-none-eabi/10.3.1/../../../../arm-none-eabi/lib/thumb/v7e-m+fp/hard/libc_nano.a
LOAD /home/neuberfran/neuber/gcc-arm-none-eabi-10.3-2021.10/bin/../lib/gcc/arm-none-eabi/10.3.1/thumb/v7e-m+fp/hard/libgcc.a
LOAD /home/neuberfran/neuber/gcc-arm-none-eabi-10.3-2021.10/bin/../lib/gcc/arm-none-eabi/10.3.1/../../../../arm-none-eabi/lib/thumb/v7e-m+fp/hard/libnosys.a
END GROUP
START GROUP
LOAD /home/neuberfran/neuber/gcc-arm-none-eabi-10.3-2021.10/bin/../lib/gcc/arm-none-eabi/10.3.1/thumb/v7e-m+fp/hard/libgcc.a
LOAD /home/neuberfran/neuber/gcc-arm-none-eabi-10.3-2021.10/bin/../lib/gcc/arm-none-eabi/10.3.1/../../../../arm-none-eabi/lib/thumb/v7e-m+fp/hard/libc_nano.a
END GROUP
START GROUP
LOAD /home/neuberfran/neuber/gcc-arm-none-eabi-10.3-2021.10/bin/../lib/gcc/arm-none-eabi/10.3.1/thumb/v7e-m+fp/hard/libgcc.a
LOAD /home/neuberfran/neuber/gcc-arm-none-eabi-10.3-2021.10/bin/../lib/gcc/arm-none-eabi/10.3.1/../../../../arm-none-eabi/lib/thumb/v7e-m+fp/hard/libc_nano.a
LOAD /home/neuberfran/neuber/gcc-arm-none-eabi-10.3-2021.10/bin/../lib/gcc/arm-none-eabi/10.3.1/../../../../arm-none-eabi/lib/thumb/v7e-m+fp/hard/libnosys.a
END GROUP
START GROUP
LOAD /home/neuberfran/neuber/gcc-arm-none-eabi-10.3-2021.10/bin/../lib/gcc/arm-none-eabi/10.3.1/thumb/v7e-m+fp/hard/libgcc.a
LOAD /home/neuberfran/neuber/gcc-arm-none-eabi-10.3-2021.10/bin/../lib/gcc/arm-none-eabi/10.3.1/../../../../arm-none-eabi/lib/thumb/v7e-m+fp/hard/libc_nano.a
LOAD /home/neuberfran/neuber/gcc-arm-none-eabi-10.3-2021.10/bin/../lib/gcc/arm-none-eabi/10.3.1/../../../../arm-none-eabi/lib/thumb/v7e-m+fp/hard/libnosys.a
END GROUP
LOAD /home/neuberfran/neuber/gcc-arm-none-eabi-10.3-2021.10/bin/../lib/gcc/arm-none-eabi/10.3.1/thumb/v7e-m+fp/hard/crtend.o
LOAD /home/neuberfran/neuber/gcc-arm-none-eabi-10.3-2021.10/bin/../lib/gcc/arm-none-eabi/10.3.1/thumb/v7e-m+fp/hard/crtn.o
                0x0000000000000400                HEAP_SIZE = DEFINED (__heap_size__)?__heap_size__:0x400
                0x0000000000000400                STACK_SIZE = DEFINED (__stack_size__)?__stack_size__:0x400

.interrupts     0x000000001fff8000      0x240
                0x000000001fff8000                __VECTOR_TABLE = .
                0x000000001fff8000                . = ALIGN (0x4)
 *(.isr_vector)
 .isr_vector    0x000000001fff8000      0x240 CMakeFiles/rpmsg_str_echo_freertos_example.dir/home/neuberfran/projects/freertos-tn/platform/devices/MCIMX7D/startup/gcc/startup_MCIMX7D_M4.S.obj
                0x000000001fff8000                __isr_vector
                0x000000001fff8240                . = ALIGN (0x4)

.text           0x000000001fff8240     0x4f80
                0x000000001fff8240                . = ALIGN (0x4)
 *(.text)
 .text          0x000000001fff8240       0x40 /home/neuberfran/neuber/gcc-arm-none-eabi-10.3-2021.10/bin/../lib/gcc/arm-none-eabi/10.3.1/thumb/v7e-m+fp/hard/crtbegin.o
 .text          0x000000001fff8280       0x7c /home/neuberfran/neuber/gcc-arm-none-eabi-10.3-2021.10/bin/../lib/gcc/arm-none-eabi/10.3.1/../../../../arm-none-eabi/lib/thumb/v7e-m+fp/hard/crt0.o
                0x000000001fff8280                _stack_init
                0x000000001fff8288                _mainCRTStartup
                0x000000001fff8288                _start
 .text          0x000000001fff82fc       0x30 CMakeFiles/rpmsg_str_echo_freertos_example.dir/home/neuberfran/projects/freertos-tn/platform/devices/MCIMX7D/startup/gcc/startup_MCIMX7D_M4.S.obj
                0x000000001fff82fc                Reset_Handler
                0x000000001fff8328                ENET2_MAC0_TRANS1_Handler
                0x000000001fff8328                SAI3_Handler
                0x000000001fff8328                DebugMon_Handler
                0x000000001fff8328                USB_OH3_OTG2_1_Handler
                0x000000001fff8328                GPIO3_INT31_16_Handler
                0x000000001fff8328                eCSPI4_Handler
                0x000000001fff8328                SIM2_Handler
                0x000000001fff8328                FLEXCAN1_Handler
                0x000000001fff8328                UART3_Handler
                0x000000001fff8328                UART2_Handler
                0x000000001fff8328                GPIO1_INT3_Handler
                0x000000001fff8328                HardFault_Handler
                0x000000001fff8328                SNVS_SECURITY_Handler
                0x000000001fff8328                SEMA4_HS_M4_Handler
                0x000000001fff8328                GPIO6_INT31_16_Handler
                0x000000001fff8328                SRC_Handler
                0x000000001fff8328                GPT2_Handler
                0x000000001fff8328                CCM2_Handler
                0x000000001fff8328                I2C1_Handler
                0x000000001fff8328                CPU_CTI_Handler
                0x000000001fff8328                NMI_Handler
                0x000000001fff8328                SAI1_Handler
                0x000000001fff8328                ENET2_MAC0_IRQ_Handler
                0x000000001fff8328                KPP_Handler
                0x000000001fff8328                USB_OTG1_Handler
                0x000000001fff8328                MIPI_CSI_Handler
                0x000000001fff8328                WDOG4_Handler
                0x000000001fff8328                Reserved9_Handler
                0x000000001fff8328                QSPI_Handler
                0x000000001fff8328                CAAM_QUEUE_Handler
                0x000000001fff8328                GPIO2_INT15_0_Handler
                0x000000001fff8328                PCIE_CTRL4_Handler
                0x000000001fff8328                uSDHC2_Handler
                0x000000001fff8328                GPIO1_INT6_Handler
                0x000000001fff8328                PCIE_CTRL_REQUEST_Handler
                0x000000001fff8328                SCTR1_Handler
                0x000000001fff8328                RDC_Handler
                0x000000001fff8328                EPDC_Handler
                0x000000001fff8328                CCM1_Handler
                0x000000001fff8328                UsageFault_Handler
                0x000000001fff8328                ADC1_Handler
                0x000000001fff8328                GPIO1_INT0_Handler
                0x000000001fff8328                Analog_brown_out_Handler
                0x000000001fff8328                PXP2_Handler
                0x000000001fff8328                SEMA4_HS_A7_Handler
                0x000000001fff8328                RTIC_Handler
                0x000000001fff8328                DefaultISR
                0x000000001fff8328                GPIO6_INT15_0_Handler
                0x000000001fff8328                SCTR2_Handler
                0x000000001fff8328                WDOG3_Handler
                0x000000001fff8328                USB_OH2_OTG_Handler
                0x000000001fff8328                SAI2_Handler
                0x000000001fff8328                GPIO3_INT15_0_Handler
                0x000000001fff8328                FTM2_Handler
                0x000000001fff8328                eCSPI1_Handler
                0x000000001fff8328                GPC_Handler
                0x000000001fff8328                GPIO1_INT15_0_Handler
                0x000000001fff8328                UART1_Handler
                0x000000001fff8328                ENET1_MAC0_TRANS2_Handler
                0x000000001fff8328                eCSPI3_Handler
                0x000000001fff8328                BCH_Handler
                0x000000001fff8328                CAAM_ERROR_Handler
                0x000000001fff8328                Analog_TempSensor_Handler
                0x000000001fff8328                PXP1_Handler
                0x000000001fff8328                SNVS_Handler
                0x000000001fff8328                GPT4_Handler
                0x000000001fff8328                GPIO5_INT15_0_Handler
                0x000000001fff8328                ENET2_MAC0_TRANS2_Handler
                0x000000001fff8328                GPMI_Handler
                0x000000001fff8328                I2C4_Handler
                0x000000001fff8328                CCM_SRC_GPC_Handler
                0x000000001fff8328                CPU_Handler
                0x000000001fff8328                UART4_Handler
                0x000000001fff8328                GPIO1_INT1_Handler
                0x000000001fff8328                uSDHC3_Handler
                0x000000001fff8328                EIM_Handler
                0x000000001fff8328                PWM1_Handler
                0x000000001fff8328                ENET2_1588_TIMER_IRQ_Handler
                0x000000001fff8328                UART6_Handler
                0x000000001fff8328                GPIO1_INT4_Handler
                0x000000001fff8328                GPIO1_INT31_16_Handler
                0x000000001fff8328                APBHDMA_Handler
                0x000000001fff8328                uSDHC1_Handler
                0x000000001fff8328                DBGMON_Handler
                0x000000001fff8328                UART7_Handler
                0x000000001fff8328                SDMA_Handler
                0x000000001fff8328                GPT1_Handler
                0x000000001fff8328                PWM3_Handler
                0x000000001fff8328                PCIE_CTRL2_Handler
                0x000000001fff8328                MemManage_Handler
                0x000000001fff8328                GPIO5_INT31_16_Handler
                0x000000001fff8328                TZASC1_Handler
                0x000000001fff8328                I2C2_Handler
                0x000000001fff8328                DAP_Handler
                0x000000001fff8328                GPIO4_INT15_0_Handler
                0x000000001fff8328                CSI_Handler
                0x000000001fff8328                eCSPI2_Handler
                0x000000001fff8328                ENET1_1588_TIMER_Handler
                0x000000001fff8328                WDOG2_Handler
                0x000000001fff8328                FLEXCAN2_Handler
                0x000000001fff8328                PCIE_CTRL1_Handler
                0x000000001fff8328                PCIE_CTRL3_Handler
                0x000000001fff8328                GPT3_Handler
                0x000000001fff8328                GPIO1_INT5_Handler
                0x000000001fff8328                CAAM_WRAPPER2_Handler
                0x000000001fff8328                SNVS_CONSOLIDATED_Handler
                0x000000001fff8328                CAAM_WRAPPER1_Handler
                0x000000001fff8328                GPIO4_INT31_16_Handler
                0x000000001fff8328                GPIO1_INT2_Handler
                0x000000001fff8328                LCDIF_Handler
                0x000000001fff8328                UART5_Handler
                0x000000001fff8328                PERFMON1_Handler
                0x000000001fff8328                GPIO1_INT7_Handler
                0x000000001fff8328                I2C3_Handler
                0x000000001fff8328                CSU_Handler
                0x000000001fff8328                MIPI_DSI_Handler
                0x000000001fff8328                PWM2_Handler
                0x000000001fff8328                GPR_Handler
                0x000000001fff8328                SIM1_Handler
                0x000000001fff8328                USB_OTG2_Handler
                0x000000001fff8328                ENET1_MAC0_TRANS1_Handler
                0x000000001fff8328                BusFault_Handler
                0x000000001fff8328                USB_OH3_OTG2_2_Handler
                0x000000001fff8328                ENET1_MAC0_Handler
                0x000000001fff8328                PERFMON2_Handler
                0x000000001fff8328                GPIO7_INT31_16_Handler
                0x000000001fff8328                PWM4_Handler
                0x000000001fff8328                GPIO2_INT31_16_Handler
                0x000000001fff8328                FTM1_Handler
                0x000000001fff8328                GPIO7_INT15_0_Handler
                0x000000001fff8328                WDOG1_Handler
                0x000000001fff8328                MU_A7_Handler
                0x000000001fff8328                ADC2_Handler
                0x000000001fff8328                TPR_Handler
 .text          0x000000001fff832c       0x10 /home/neuberfran/neuber/gcc-arm-none-eabi-10.3-2021.10/bin/../lib/gcc/arm-none-eabi/10.3.1/../../../../arm-none-eabi/lib/thumb/v7e-m+fp/hard/libc_nano.a(lib_a-strlen.o)
                0x000000001fff832c                strlen
 *fill*         0x000000001fff833c        0x4 
 .text          0x000000001fff8340       0xa0 /home/neuberfran/neuber/gcc-arm-none-eabi-10.3-2021.10/bin/../lib/gcc/arm-none-eabi/10.3.1/../../../../arm-none-eabi/lib/thumb/v7e-m+fp/hard/libc_nano.a(lib_a-memchr.o)
                0x000000001fff8340                memchr
 *(.text*)
 .text.prvPortStartFirstTask
                0x000000001fff83e0       0x1c CMakeFiles/rpmsg_str_echo_freertos_example.dir/home/neuberfran/projects/freertos-tn/rtos/FreeRTOS/Source/portable/GCC/ARM_CM4F/port.c.obj
 .text.vPortEnableVFP
                0x000000001fff83fc       0x14 CMakeFiles/rpmsg_str_echo_freertos_example.dir/home/neuberfran/projects/freertos-tn/rtos/FreeRTOS/Source/portable/GCC/ARM_CM4F/port.c.obj
 .text.pxPortInitialiseStack
                0x000000001fff8410       0x24 CMakeFiles/rpmsg_str_echo_freertos_example.dir/home/neuberfran/projects/freertos-tn/rtos/FreeRTOS/Source/portable/GCC/ARM_CM4F/port.c.obj
                0x000000001fff8410                pxPortInitialiseStack
 .text.SVC_Handler
                0x000000001fff8434       0x20 CMakeFiles/rpmsg_str_echo_freertos_example.dir/home/neuberfran/projects/freertos-tn/rtos/FreeRTOS/Source/portable/GCC/ARM_CM4F/port.c.obj
                0x000000001fff8434                SVC_Handler
 .text.vPortYield
                0x000000001fff8454       0x16 CMakeFiles/rpmsg_str_echo_freertos_example.dir/home/neuberfran/projects/freertos-tn/rtos/FreeRTOS/Source/portable/GCC/ARM_CM4F/port.c.obj
                0x000000001fff8454                vPortYield
 .text.ulPortSetInterruptMask
                0x000000001fff846a       0x10 CMakeFiles/rpmsg_str_echo_freertos_example.dir/home/neuberfran/projects/freertos-tn/rtos/FreeRTOS/Source/portable/GCC/ARM_CM4F/port.c.obj
                0x000000001fff846a                ulPortSetInterruptMask
 *fill*         0x000000001fff847a        0x2 
 .text.prvTaskExitError
                0x000000001fff847c       0x1c CMakeFiles/rpmsg_str_echo_freertos_example.dir/home/neuberfran/projects/freertos-tn/rtos/FreeRTOS/Source/portable/GCC/ARM_CM4F/port.c.obj
 .text.vPortEnterCritical
                0x000000001fff8498       0x1c CMakeFiles/rpmsg_str_echo_freertos_example.dir/home/neuberfran/projects/freertos-tn/rtos/FreeRTOS/Source/portable/GCC/ARM_CM4F/port.c.obj
                0x000000001fff8498                vPortEnterCritical
 .text.vPortClearInterruptMask
                0x000000001fff84b4        0x6 CMakeFiles/rpmsg_str_echo_freertos_example.dir/home/neuberfran/projects/freertos-tn/rtos/FreeRTOS/Source/portable/GCC/ARM_CM4F/port.c.obj
                0x000000001fff84b4                vPortClearInterruptMask
 *fill*         0x000000001fff84ba        0x2 
 .text.vPortExitCritical
                0x000000001fff84bc       0x24 CMakeFiles/rpmsg_str_echo_freertos_example.dir/home/neuberfran/projects/freertos-tn/rtos/FreeRTOS/Source/portable/GCC/ARM_CM4F/port.c.obj
                0x000000001fff84bc                vPortExitCritical
 .text.PendSV_Handler
                0x000000001fff84e0       0x58 CMakeFiles/rpmsg_str_echo_freertos_example.dir/home/neuberfran/projects/freertos-tn/rtos/FreeRTOS/Source/portable/GCC/ARM_CM4F/port.c.obj
                0x000000001fff84e0                PendSV_Handler
 .text.SysTick_Handler
                0x000000001fff8538       0x22 CMakeFiles/rpmsg_str_echo_freertos_example.dir/home/neuberfran/projects/freertos-tn/rtos/FreeRTOS/Source/portable/GCC/ARM_CM4F/port.c.obj
                0x000000001fff8538                SysTick_Handler
 *fill*         0x000000001fff855a        0x2 
 .text.vPortSetupTimerInterrupt
                0x000000001fff855c       0x14 CMakeFiles/rpmsg_str_echo_freertos_example.dir/home/neuberfran/projects/freertos-tn/rtos/FreeRTOS/Source/portable/GCC/ARM_CM4F/port.c.obj
                0x000000001fff855c                vPortSetupTimerInterrupt
 .text.xPortStartScheduler
                0x000000001fff8570       0xac CMakeFiles/rpmsg_str_echo_freertos_example.dir/home/neuberfran/projects/freertos-tn/rtos/FreeRTOS/Source/portable/GCC/ARM_CM4F/port.c.obj
                0x000000001fff8570                xPortStartScheduler
 .text.vPortValidateInterruptPriority
                0x000000001fff861c       0x44 CMakeFiles/rpmsg_str_echo_freertos_example.dir/home/neuberfran/projects/freertos-tn/rtos/FreeRTOS/Source/portable/GCC/ARM_CM4F/port.c.obj
                0x000000001fff861c                vPortValidateInterruptPriority
 .text.pvPortMalloc
                0x000000001fff8660       0xb4 CMakeFiles/rpmsg_str_echo_freertos_example.dir/home/neuberfran/projects/freertos-tn/rtos/FreeRTOS/Source/portable/MemMang/heap_2.c.obj
                0x000000001fff8660                pvPortMalloc
 .text.vPortFree
                0x000000001fff8714       0x44 CMakeFiles/rpmsg_str_echo_freertos_example.dir/home/neuberfran/projects/freertos-tn/rtos/FreeRTOS/Source/portable/MemMang/heap_2.c.obj
                0x000000001fff8714                vPortFree
 .text.StrEchoTask
                0x000000001fff8758      0x118 CMakeFiles/rpmsg_str_echo_freertos_example.dir/home/neuberfran/projects/freertos-tn/examples/imx7d_pico_m4/demo_apps/rpmsg/str_echo_freertos/str_echo_freertos.c.obj
 .text.MU_M4_Handler
                0x000000001fff8870        0x4 CMakeFiles/rpmsg_str_echo_freertos_example.dir/home/neuberfran/projects/freertos-tn/examples/imx7d_pico_m4/demo_apps/rpmsg/str_echo_freertos/str_echo_freertos.c.obj
                0x000000001fff8870                MU_M4_Handler
 .text.startup.main
                0x000000001fff8874       0x50 CMakeFiles/rpmsg_str_echo_freertos_example.dir/home/neuberfran/projects/freertos-tn/examples/imx7d_pico_m4/demo_apps/rpmsg/str_echo_freertos/str_echo_freertos.c.obj
                0x000000001fff8874                main
 .text.rpmsg_read_rtos_cb
                0x000000001fff88c4       0x54 CMakeFiles/rpmsg_str_echo_freertos_example.dir/home/neuberfran/projects/freertos-tn/middleware/multicore/open-amp/rpmsg/rpmsg_rtos.c.obj
 .text.rpmsg_channel_deleted_rtos
                0x000000001fff8918       0x28 CMakeFiles/rpmsg_str_echo_freertos_example.dir/home/neuberfran/projects/freertos-tn/middleware/multicore/open-amp/rpmsg/rpmsg_rtos.c.obj
 .text.rpmsg_channel_created_rtos
                0x000000001fff8940       0x50 CMakeFiles/rpmsg_str_echo_freertos_example.dir/home/neuberfran/projects/freertos-tn/middleware/multicore/open-amp/rpmsg/rpmsg_rtos.c.obj
 .text.rpmsg_rtos_init
                0x000000001fff8990       0xc4 CMakeFiles/rpmsg_str_echo_freertos_example.dir/home/neuberfran/projects/freertos-tn/middleware/multicore/open-amp/rpmsg/rpmsg_rtos.c.obj
                0x000000001fff8990                rpmsg_rtos_init
 .text.rpmsg_rtos_recv_nocopy
                0x000000001fff8a54       0x48 CMakeFiles/rpmsg_str_echo_freertos_example.dir/home/neuberfran/projects/freertos-tn/middleware/multicore/open-amp/rpmsg/rpmsg_rtos.c.obj
                0x000000001fff8a54                rpmsg_rtos_recv_nocopy
 .text.rpmsg_rtos_recv_nocopy_free
                0x000000001fff8a9c       0x20 CMakeFiles/rpmsg_str_echo_freertos_example.dir/home/neuberfran/projects/freertos-tn/middleware/multicore/open-amp/rpmsg/rpmsg_rtos.c.obj
                0x000000001fff8a9c                rpmsg_rtos_recv_nocopy_free
 .text.rpmsg_rtos_alloc_tx_buffer
                0x000000001fff8abc       0x16 CMakeFiles/rpmsg_str_echo_freertos_example.dir/home/neuberfran/projects/freertos-tn/middleware/multicore/open-amp/rpmsg/rpmsg_rtos.c.obj
                0x000000001fff8abc                rpmsg_rtos_alloc_tx_buffer
 *fill*         0x000000001fff8ad2        0x2 
 .text.rpmsg_rtos_send_nocopy
                0x000000001fff8ad4       0x2c CMakeFiles/rpmsg_str_echo_freertos_example.dir/home/neuberfran/projects/freertos-tn/middleware/multicore/open-amp/rpmsg/rpmsg_rtos.c.obj
                0x000000001fff8ad4                rpmsg_rtos_send_nocopy
 .text._shutdown_cpu
                0x000000001fff8b00       0x1c CMakeFiles/rpmsg_str_echo_freertos_example.dir/home/neuberfran/projects/freertos-tn/middleware/multicore/open-amp/porting/imx7d_m4/platform.c.obj
 .text._boot_cpu
                0x000000001fff8b1c       0x1c CMakeFiles/rpmsg_str_echo_freertos_example.dir/home/neuberfran/projects/freertos-tn/middleware/multicore/open-amp/porting/imx7d_m4/platform.c.obj
 .text._notify  0x000000001fff8b38       0x10 CMakeFiles/rpmsg_str_echo_freertos_example.dir/home/neuberfran/projects/freertos-tn/middleware/multicore/open-amp/porting/imx7d_m4/platform.c.obj
 .text._enable_interrupt
                0x000000001fff8b48       0x28 CMakeFiles/rpmsg_str_echo_freertos_example.dir/home/neuberfran/projects/freertos-tn/middleware/multicore/open-amp/porting/imx7d_m4/platform.c.obj
 .text.platform_isr
                0x000000001fff8b70        0x6 CMakeFiles/rpmsg_str_echo_freertos_example.dir/home/neuberfran/projects/freertos-tn/middleware/multicore/open-amp/porting/imx7d_m4/platform.c.obj
                0x000000001fff8b70                platform_isr
 *fill*         0x000000001fff8b76        0x2 
 .text.rpmsg_handler
                0x000000001fff8b78       0x20 CMakeFiles/rpmsg_str_echo_freertos_example.dir/home/neuberfran/projects/freertos-tn/middleware/multicore/open-amp/porting/imx7d_m4/platform.c.obj
                0x000000001fff8b78                rpmsg_handler
 .text.platform_in_isr
                0x000000001fff8b98       0x14 CMakeFiles/rpmsg_str_echo_freertos_example.dir/home/neuberfran/projects/freertos-tn/middleware/multicore/open-amp/porting/imx7d_m4/platform.c.obj
                0x000000001fff8b98                platform_in_isr
 .text.platform_interrupt_enable
                0x000000001fff8bac       0x54 CMakeFiles/rpmsg_str_echo_freertos_example.dir/home/neuberfran/projects/freertos-tn/middleware/multicore/open-amp/porting/imx7d_m4/platform.c.obj
                0x000000001fff8bac                platform_interrupt_enable
 .text.platform_interrupt_disable
                0x000000001fff8c00       0x58 CMakeFiles/rpmsg_str_echo_freertos_example.dir/home/neuberfran/projects/freertos-tn/middleware/multicore/open-amp/porting/imx7d_m4/platform.c.obj
                0x000000001fff8c00                platform_interrupt_disable
 .text.platform_interrupt_enable_all
                0x000000001fff8c58       0x3c CMakeFiles/rpmsg_str_echo_freertos_example.dir/home/neuberfran/projects/freertos-tn/middleware/multicore/open-amp/porting/imx7d_m4/platform.c.obj
                0x000000001fff8c58                platform_interrupt_enable_all
 .text.platform_interrupt_disable_all
                0x000000001fff8c94       0x34 CMakeFiles/rpmsg_str_echo_freertos_example.dir/home/neuberfran/projects/freertos-tn/middleware/multicore/open-amp/porting/imx7d_m4/platform.c.obj
                0x000000001fff8c94                platform_interrupt_disable_all
 .text.platform_map_mem_region
                0x000000001fff8cc8        0x2 CMakeFiles/rpmsg_str_echo_freertos_example.dir/home/neuberfran/projects/freertos-tn/middleware/multicore/open-amp/porting/imx7d_m4/platform.c.obj
                0x000000001fff8cc8                platform_map_mem_region
 .text.platform_vatopa
                0x000000001fff8cca        0x2 CMakeFiles/rpmsg_str_echo_freertos_example.dir/home/neuberfran/projects/freertos-tn/middleware/multicore/open-amp/porting/imx7d_m4/platform.c.obj
                0x000000001fff8cca                platform_vatopa
 .text.platform_patova
                0x000000001fff8ccc        0x2 CMakeFiles/rpmsg_str_echo_freertos_example.dir/home/neuberfran/projects/freertos-tn/middleware/multicore/open-amp/porting/imx7d_m4/platform.c.obj
                0x000000001fff8ccc                platform_patova
 .text.platform_init
                0x000000001fff8cce        0x4 CMakeFiles/rpmsg_str_echo_freertos_example.dir/home/neuberfran/projects/freertos-tn/middleware/multicore/open-amp/porting/imx7d_m4/platform.c.obj
                0x000000001fff8cce                platform_init
 .text.platform_deinit
                0x000000001fff8cd2        0x4 CMakeFiles/rpmsg_str_echo_freertos_example.dir/home/neuberfran/projects/freertos-tn/middleware/multicore/open-amp/porting/imx7d_m4/platform.c.obj
                0x000000001fff8cd2                platform_deinit
 *fill*         0x000000001fff8cd6        0x2 
 .text.platform_get_processor_info
                0x000000001fff8cd8       0x34 CMakeFiles/rpmsg_str_echo_freertos_example.dir/home/neuberfran/projects/freertos-tn/middleware/multicore/open-amp/porting/imx7d_m4/platform_info.c.obj
                0x000000001fff8cd8                platform_get_processor_info
 .text.hil_create_proc
                0x000000001fff8d0c       0x5c CMakeFiles/rpmsg_str_echo_freertos_example.dir/home/neuberfran/projects/freertos-tn/middleware/multicore/open-amp/common/hil/hil.c.obj
                0x000000001fff8d0c                hil_create_proc
 .text.hil_isr  0x000000001fff8d68        0x6 CMakeFiles/rpmsg_str_echo_freertos_example.dir/home/neuberfran/projects/freertos-tn/middleware/multicore/open-amp/common/hil/hil.c.obj
                0x000000001fff8d68                hil_isr
 .text.hil_get_chnl_info
                0x000000001fff8d6e        0x8 CMakeFiles/rpmsg_str_echo_freertos_example.dir/home/neuberfran/projects/freertos-tn/middleware/multicore/open-amp/common/hil/hil.c.obj
                0x000000001fff8d6e                hil_get_chnl_info
 .text.hil_get_vring_info
                0x000000001fff8d76        0x8 CMakeFiles/rpmsg_str_echo_freertos_example.dir/home/neuberfran/projects/freertos-tn/middleware/multicore/open-amp/common/hil/hil.c.obj
                0x000000001fff8d76                hil_get_vring_info
 .text.hil_get_shm_info
                0x000000001fff8d7e        0x4 CMakeFiles/rpmsg_str_echo_freertos_example.dir/home/neuberfran/projects/freertos-tn/middleware/multicore/open-amp/common/hil/hil.c.obj
                0x000000001fff8d7e                hil_get_shm_info
 .text.hil_enable_vring_notifications
                0x000000001fff8d82       0x20 CMakeFiles/rpmsg_str_echo_freertos_example.dir/home/neuberfran/projects/freertos-tn/middleware/multicore/open-amp/common/hil/hil.c.obj
                0x000000001fff8d82                hil_enable_vring_notifications
 .text.hil_vring_notify
                0x000000001fff8da2       0x1a CMakeFiles/rpmsg_str_echo_freertos_example.dir/home/neuberfran/projects/freertos-tn/middleware/multicore/open-amp/common/hil/hil.c.obj
                0x000000001fff8da2                hil_vring_notify
 .text.hil_get_status
                0x000000001fff8dbc        0x4 CMakeFiles/rpmsg_str_echo_freertos_example.dir/home/neuberfran/projects/freertos-tn/middleware/multicore/open-amp/common/hil/hil.c.obj
                0x000000001fff8dbc                hil_get_status
 .text.hil_set_status
                0x000000001fff8dc0        0x4 CMakeFiles/rpmsg_str_echo_freertos_example.dir/home/neuberfran/projects/freertos-tn/middleware/multicore/open-amp/common/hil/hil.c.obj
                0x000000001fff8dc0                hil_set_status
 .text.add_to_list
                0x000000001fff8dc4       0x1e CMakeFiles/rpmsg_str_echo_freertos_example.dir/home/neuberfran/projects/freertos-tn/middleware/multicore/open-amp/common/llist/llist.c.obj
                0x000000001fff8dc4                add_to_list
 .text.remove_from_list
                0x000000001fff8de2       0x1e CMakeFiles/rpmsg_str_echo_freertos_example.dir/home/neuberfran/projects/freertos-tn/middleware/multicore/open-amp/common/llist/llist.c.obj
                0x000000001fff8de2                remove_from_list
 .text.sh_mem_create_pool
                0x000000001fff8e00       0x84 CMakeFiles/rpmsg_str_echo_freertos_example.dir/home/neuberfran/projects/freertos-tn/middleware/multicore/open-amp/common/shm/sh_mem.c.obj
                0x000000001fff8e00                sh_mem_create_pool
 .text.sh_mem_free_buffer
                0x000000001fff8e84       0x56 CMakeFiles/rpmsg_str_echo_freertos_example.dir/home/neuberfran/projects/freertos-tn/middleware/multicore/open-amp/common/shm/sh_mem.c.obj
                0x000000001fff8e84                sh_mem_free_buffer
 .text.sh_mem_delete_pool
                0x000000001fff8eda       0x18 CMakeFiles/rpmsg_str_echo_freertos_example.dir/home/neuberfran/projects/freertos-tn/middleware/multicore/open-amp/common/shm/sh_mem.c.obj
                0x000000001fff8eda                sh_mem_delete_pool
 *fill*         0x000000001fff8ef2        0x2 
 .text.get_first_zero_bit
                0x000000001fff8ef4       0x44 CMakeFiles/rpmsg_str_echo_freertos_example.dir/home/neuberfran/projects/freertos-tn/middleware/multicore/open-amp/common/shm/sh_mem.c.obj
                0x000000001fff8ef4                get_first_zero_bit
 .text.sh_mem_get_buffer
                0x000000001fff8f38       0x6e CMakeFiles/rpmsg_str_echo_freertos_example.dir/home/neuberfran/projects/freertos-tn/middleware/multicore/open-amp/common/shm/sh_mem.c.obj
                0x000000001fff8f38                sh_mem_get_buffer
 .text.rpmsg_rdev_get_status
                0x000000001fff8fa6        0x4 CMakeFiles/rpmsg_str_echo_freertos_example.dir/home/neuberfran/projects/freertos-tn/middleware/multicore/open-amp/rpmsg/remote_device.c.obj
                0x000000001fff8fa6                rpmsg_rdev_get_status
 .text.rpmsg_rdev_set_status
                0x000000001fff8faa        0x2 CMakeFiles/rpmsg_str_echo_freertos_example.dir/home/neuberfran/projects/freertos-tn/middleware/multicore/open-amp/rpmsg/remote_device.c.obj
                0x000000001fff8faa                rpmsg_rdev_set_status
 .text.rpmsg_rdev_get_feature
                0x000000001fff8fac        0x4 CMakeFiles/rpmsg_str_echo_freertos_example.dir/home/neuberfran/projects/freertos-tn/middleware/multicore/open-amp/rpmsg/remote_device.c.obj
                0x000000001fff8fac                rpmsg_rdev_get_feature
 .text.rpmsg_rdev_set_feature
                0x000000001fff8fb0        0x8 CMakeFiles/rpmsg_str_echo_freertos_example.dir/home/neuberfran/projects/freertos-tn/middleware/multicore/open-amp/rpmsg/remote_device.c.obj
                0x000000001fff8fb0                rpmsg_rdev_set_feature
 .text.rpmsg_rdev_negotiate_feature
                0x000000001fff8fb8        0x4 CMakeFiles/rpmsg_str_echo_freertos_example.dir/home/neuberfran/projects/freertos-tn/middleware/multicore/open-amp/rpmsg/remote_device.c.obj
                0x000000001fff8fb8                rpmsg_rdev_negotiate_feature
 .text.rpmsg_rdev_read_config
                0x000000001fff8fbc        0x2 CMakeFiles/rpmsg_str_echo_freertos_example.dir/home/neuberfran/projects/freertos-tn/middleware/multicore/open-amp/rpmsg/remote_device.c.obj
                0x000000001fff8fbc                rpmsg_rdev_read_config
 .text.rpmsg_rdev_reset
                0x000000001fff8fbe        0x2 CMakeFiles/rpmsg_str_echo_freertos_example.dir/home/neuberfran/projects/freertos-tn/middleware/multicore/open-amp/rpmsg/remote_device.c.obj
                0x000000001fff8fbe                rpmsg_rdev_reset
 .text.rpmsg_rdev_create_virtqueues
                0x000000001fff8fc0      0x108 CMakeFiles/rpmsg_str_echo_freertos_example.dir/home/neuberfran/projects/freertos-tn/middleware/multicore/open-amp/rpmsg/remote_device.c.obj
                0x000000001fff8fc0                rpmsg_rdev_create_virtqueues
 .text.rpmsg_rdev_write_config
                0x000000001fff90c8        0x2 CMakeFiles/rpmsg_str_echo_freertos_example.dir/home/neuberfran/projects/freertos-tn/middleware/multicore/open-amp/rpmsg/remote_device.c.obj
                0x000000001fff90c8                rpmsg_rdev_write_config
 *fill*         0x000000001fff90ca        0x2 
 .text.rpmsg_rdev_init
                0x000000001fff90cc       0xdc CMakeFiles/rpmsg_str_echo_freertos_example.dir/home/neuberfran/projects/freertos-tn/middleware/multicore/open-amp/rpmsg/remote_device.c.obj
                0x000000001fff90cc                rpmsg_rdev_init
 .text.rpmsg_rdev_get_chnl_node_from_id
                0x000000001fff91a8       0x2a CMakeFiles/rpmsg_str_echo_freertos_example.dir/home/neuberfran/projects/freertos-tn/middleware/multicore/open-amp/rpmsg/remote_device.c.obj
                0x000000001fff91a8                rpmsg_rdev_get_chnl_node_from_id
 .text.rpmsg_rdev_get_endpoint_from_addr
                0x000000001fff91d2       0x26 CMakeFiles/rpmsg_str_echo_freertos_example.dir/home/neuberfran/projects/freertos-tn/middleware/multicore/open-amp/rpmsg/remote_device.c.obj
                0x000000001fff91d2                rpmsg_rdev_get_endpoint_from_addr
 .text.rpmsg_rdev_deinit
                0x000000001fff91f8       0x74 CMakeFiles/rpmsg_str_echo_freertos_example.dir/home/neuberfran/projects/freertos-tn/middleware/multicore/open-amp/rpmsg/remote_device.c.obj
                0x000000001fff91f8                rpmsg_rdev_deinit
 .text.rpmsg_rdev_notify
                0x000000001fff926c       0x28 CMakeFiles/rpmsg_str_echo_freertos_example.dir/home/neuberfran/projects/freertos-tn/middleware/multicore/open-amp/rpmsg/remote_device.c.obj
                0x000000001fff926c                rpmsg_rdev_notify
 .text.rpmsg_deinit
                0x000000001fff9294       0x12 CMakeFiles/rpmsg_str_echo_freertos_example.dir/home/neuberfran/projects/freertos-tn/middleware/multicore/open-amp/rpmsg/rpmsg.c.obj
                0x000000001fff9294                rpmsg_deinit
 .text.rpmsg_init
                0x000000001fff92a6       0x42 CMakeFiles/rpmsg_str_echo_freertos_example.dir/home/neuberfran/projects/freertos-tn/middleware/multicore/open-amp/rpmsg/rpmsg.c.obj
                0x000000001fff92a6                rpmsg_init
 .text.rpmsg_send_offchannel_raw
                0x000000001fff92e8      0x12c CMakeFiles/rpmsg_str_echo_freertos_example.dir/home/neuberfran/projects/freertos-tn/middleware/multicore/open-amp/rpmsg/rpmsg.c.obj
                0x000000001fff92e8                rpmsg_send_offchannel_raw
 .text.rpmsg_create_ept
                0x000000001fff9414       0x18 CMakeFiles/rpmsg_str_echo_freertos_example.dir/home/neuberfran/projects/freertos-tn/middleware/multicore/open-amp/rpmsg/rpmsg.c.obj
                0x000000001fff9414                rpmsg_create_ept
 .text.rpmsg_destroy_ept
                0x000000001fff942c        0xe CMakeFiles/rpmsg_str_echo_freertos_example.dir/home/neuberfran/projects/freertos-tn/middleware/multicore/open-amp/rpmsg/rpmsg.c.obj
                0x000000001fff942c                rpmsg_destroy_ept
 .text.rpmsg_hold_rx_buffer
                0x000000001fff943a       0x12 CMakeFiles/rpmsg_str_echo_freertos_example.dir/home/neuberfran/projects/freertos-tn/middleware/multicore/open-amp/rpmsg/rpmsg_ext.c.obj
                0x000000001fff943a                rpmsg_hold_rx_buffer
 .text.rpmsg_release_rx_buffer
                0x000000001fff944c       0x2e CMakeFiles/rpmsg_str_echo_freertos_example.dir/home/neuberfran/projects/freertos-tn/middleware/multicore/open-amp/rpmsg/rpmsg_ext.c.obj
                0x000000001fff944c                rpmsg_release_rx_buffer
 .text.rpmsg_alloc_tx_buffer
                0x000000001fff947a       0x74 CMakeFiles/rpmsg_str_echo_freertos_example.dir/home/neuberfran/projects/freertos-tn/middleware/multicore/open-amp/rpmsg/rpmsg_ext.c.obj
                0x000000001fff947a                rpmsg_alloc_tx_buffer
 *fill*         0x000000001fff94ee        0x2 
 .text.rpmsg_send_offchannel_nocopy
                0x000000001fff94f0       0x58 CMakeFiles/rpmsg_str_echo_freertos_example.dir/home/neuberfran/projects/freertos-tn/middleware/multicore/open-amp/rpmsg/rpmsg_ext.c.obj
                0x000000001fff94f0                rpmsg_send_offchannel_nocopy
 .text._rpmsg_create_channel
                0x000000001fff9548       0x60 CMakeFiles/rpmsg_str_echo_freertos_example.dir/home/neuberfran/projects/freertos-tn/middleware/multicore/open-amp/rpmsg/rpmsg_core.c.obj
                0x000000001fff9548                _rpmsg_create_channel
 .text._rpmsg_delete_channel
                0x000000001fff95a8       0x3e CMakeFiles/rpmsg_str_echo_freertos_example.dir/home/neuberfran/projects/freertos-tn/middleware/multicore/open-amp/rpmsg/rpmsg_core.c.obj
                0x000000001fff95a8                _rpmsg_delete_channel
 .text.rpmsg_ns_callback
                0x000000001fff95e6       0x82 CMakeFiles/rpmsg_str_echo_freertos_example.dir/home/neuberfran/projects/freertos-tn/middleware/multicore/open-amp/rpmsg/rpmsg_core.c.obj
                0x000000001fff95e6                rpmsg_ns_callback
 .text.rpmsg_enqueue_buffer
                0x000000001fff9668       0x30 CMakeFiles/rpmsg_str_echo_freertos_example.dir/home/neuberfran/projects/freertos-tn/middleware/multicore/open-amp/rpmsg/rpmsg_core.c.obj
                0x000000001fff9668                rpmsg_enqueue_buffer
 .text.rpmsg_return_buffer
                0x000000001fff9698       0x30 CMakeFiles/rpmsg_str_echo_freertos_example.dir/home/neuberfran/projects/freertos-tn/middleware/multicore/open-amp/rpmsg/rpmsg_core.c.obj
                0x000000001fff9698                rpmsg_return_buffer
 .text.rpmsg_get_tx_buffer
                0x000000001fff96c8       0x32 CMakeFiles/rpmsg_str_echo_freertos_example.dir/home/neuberfran/projects/freertos-tn/middleware/multicore/open-amp/rpmsg/rpmsg_core.c.obj
                0x000000001fff96c8                rpmsg_get_tx_buffer
 .text.rpmsg_send_ns_message
                0x000000001fff96fa       0x60 CMakeFiles/rpmsg_str_echo_freertos_example.dir/home/neuberfran/projects/freertos-tn/middleware/multicore/open-amp/rpmsg/rpmsg_core.c.obj
                0x000000001fff96fa                rpmsg_send_ns_message
 .text.rpmsg_tx_callback
                0x000000001fff975a       0x2c CMakeFiles/rpmsg_str_echo_freertos_example.dir/home/neuberfran/projects/freertos-tn/middleware/multicore/open-amp/rpmsg/rpmsg_core.c.obj
 .text.rpmsg_get_rx_buffer
                0x000000001fff9786       0x22 CMakeFiles/rpmsg_str_echo_freertos_example.dir/home/neuberfran/projects/freertos-tn/middleware/multicore/open-amp/rpmsg/rpmsg_core.c.obj
                0x000000001fff9786                rpmsg_get_rx_buffer
 .text.rpmsg_rx_callback
                0x000000001fff97a8       0xdc CMakeFiles/rpmsg_str_echo_freertos_example.dir/home/neuberfran/projects/freertos-tn/middleware/multicore/open-amp/rpmsg/rpmsg_core.c.obj
 .text.rpmsg_free_buffer
                0x000000001fff9884       0x10 CMakeFiles/rpmsg_str_echo_freertos_example.dir/home/neuberfran/projects/freertos-tn/middleware/multicore/open-amp/rpmsg/rpmsg_core.c.obj
                0x000000001fff9884                rpmsg_free_buffer
 .text.rpmsg_get_address
                0x000000001fff9894       0x38 CMakeFiles/rpmsg_str_echo_freertos_example.dir/home/neuberfran/projects/freertos-tn/middleware/multicore/open-amp/rpmsg/rpmsg_core.c.obj
                0x000000001fff9894                rpmsg_get_address
 .text.rpmsg_release_address
                0x000000001fff98cc       0x3e CMakeFiles/rpmsg_str_echo_freertos_example.dir/home/neuberfran/projects/freertos-tn/middleware/multicore/open-amp/rpmsg/rpmsg_core.c.obj
                0x000000001fff98cc                rpmsg_release_address
 .text._destroy_endpoint
                0x000000001fff990a       0x42 CMakeFiles/rpmsg_str_echo_freertos_example.dir/home/neuberfran/projects/freertos-tn/middleware/multicore/open-amp/rpmsg/rpmsg_core.c.obj
                0x000000001fff990a                _destroy_endpoint
 .text.rpmsg_is_address_set
                0x000000001fff994c       0x34 CMakeFiles/rpmsg_str_echo_freertos_example.dir/home/neuberfran/projects/freertos-tn/middleware/multicore/open-amp/rpmsg/rpmsg_core.c.obj
                0x000000001fff994c                rpmsg_is_address_set
 .text.rpmsg_set_address
                0x000000001fff9980       0x3c CMakeFiles/rpmsg_str_echo_freertos_example.dir/home/neuberfran/projects/freertos-tn/middleware/multicore/open-amp/rpmsg/rpmsg_core.c.obj
                0x000000001fff9980                rpmsg_set_address
 .text._create_endpoint
                0x000000001fff99bc       0x98 CMakeFiles/rpmsg_str_echo_freertos_example.dir/home/neuberfran/projects/freertos-tn/middleware/multicore/open-amp/rpmsg/rpmsg_core.c.obj
                0x000000001fff99bc                _create_endpoint
 .text.rpmsg_start_ipc
                0x000000001fff9a54       0xa4 CMakeFiles/rpmsg_str_echo_freertos_example.dir/home/neuberfran/projects/freertos-tn/middleware/multicore/open-amp/rpmsg/rpmsg_core.c.obj
                0x000000001fff9a54                rpmsg_start_ipc
 .text.vq_ring_update_avail
                0x000000001fff9af8       0x2c CMakeFiles/rpmsg_str_echo_freertos_example.dir/home/neuberfran/projects/freertos-tn/middleware/multicore/open-amp/virtio/virtqueue.c.obj
 .text.virtqueue_add_buffer
                0x000000001fff9b24       0x94 CMakeFiles/rpmsg_str_echo_freertos_example.dir/home/neuberfran/projects/freertos-tn/middleware/multicore/open-amp/virtio/virtqueue.c.obj
                0x000000001fff9b24                virtqueue_add_buffer
 .text.virtqueue_get_buffer
                0x000000001fff9bb8       0x8c CMakeFiles/rpmsg_str_echo_freertos_example.dir/home/neuberfran/projects/freertos-tn/middleware/multicore/open-amp/virtio/virtqueue.c.obj
                0x000000001fff9bb8                virtqueue_get_buffer
 .text.virtqueue_free
                0x000000001fff9c44       0x12 CMakeFiles/rpmsg_str_echo_freertos_example.dir/home/neuberfran/projects/freertos-tn/middleware/multicore/open-amp/virtio/virtqueue.c.obj
                0x000000001fff9c44                virtqueue_free
 .text.virtqueue_get_available_buffer
                0x000000001fff9c56       0x4a CMakeFiles/rpmsg_str_echo_freertos_example.dir/home/neuberfran/projects/freertos-tn/middleware/multicore/open-amp/virtio/virtqueue.c.obj
                0x000000001fff9c56                virtqueue_get_available_buffer
 .text.virtqueue_add_consumed_buffer
                0x000000001fff9ca0       0x34 CMakeFiles/rpmsg_str_echo_freertos_example.dir/home/neuberfran/projects/freertos-tn/middleware/multicore/open-amp/virtio/virtqueue.c.obj
                0x000000001fff9ca0                virtqueue_add_consumed_buffer
 .text.virtqueue_disable_cb
                0x000000001fff9cd4       0x26 CMakeFiles/rpmsg_str_echo_freertos_example.dir/home/neuberfran/projects/freertos-tn/middleware/multicore/open-amp/virtio/virtqueue.c.obj
                0x000000001fff9cd4                virtqueue_disable_cb
 *fill*         0x000000001fff9cfa        0x2 
 .text.virtqueue_create
                0x000000001fff9cfc       0xbc CMakeFiles/rpmsg_str_echo_freertos_example.dir/home/neuberfran/projects/freertos-tn/middleware/multicore/open-amp/virtio/virtqueue.c.obj
                0x000000001fff9cfc                virtqueue_create
 .text.virtqueue_kick
                0x000000001fff9db8       0x44 CMakeFiles/rpmsg_str_echo_freertos_example.dir/home/neuberfran/projects/freertos-tn/middleware/multicore/open-amp/virtio/virtqueue.c.obj
                0x000000001fff9db8                virtqueue_kick
 .text.virtqueue_notification
                0x000000001fff9dfc        0x8 CMakeFiles/rpmsg_str_echo_freertos_example.dir/home/neuberfran/projects/freertos-tn/middleware/multicore/open-amp/virtio/virtqueue.c.obj
                0x000000001fff9dfc                virtqueue_notification
 .text.env_init
                0x000000001fff9e04       0x48 CMakeFiles/rpmsg_str_echo_freertos_example.dir/home/neuberfran/projects/freertos-tn/middleware/multicore/open-amp/porting/env/freertos/rpmsg_porting.c.obj
                0x000000001fff9e04                env_init
 .text.env_deinit
                0x000000001fff9e4c       0x44 CMakeFiles/rpmsg_str_echo_freertos_example.dir/home/neuberfran/projects/freertos-tn/middleware/multicore/open-amp/porting/env/freertos/rpmsg_porting.c.obj
                0x000000001fff9e4c                env_deinit
 .text.env_allocate_memory
                0x000000001fff9e90        0x4 CMakeFiles/rpmsg_str_echo_freertos_example.dir/home/neuberfran/projects/freertos-tn/middleware/multicore/open-amp/porting/env/freertos/rpmsg_porting.c.obj
                0x000000001fff9e90                env_allocate_memory
 .text.env_free_memory
                0x000000001fff9e94        0x4 CMakeFiles/rpmsg_str_echo_freertos_example.dir/home/neuberfran/projects/freertos-tn/middleware/multicore/open-amp/porting/env/freertos/rpmsg_porting.c.obj
                0x000000001fff9e94                env_free_memory
 .text.env_memset
                0x000000001fff9e98        0x4 CMakeFiles/rpmsg_str_echo_freertos_example.dir/home/neuberfran/projects/freertos-tn/middleware/multicore/open-amp/porting/env/freertos/rpmsg_porting.c.obj
                0x000000001fff9e98                env_memset
 .text.env_memcpy
                0x000000001fff9e9c        0x4 CMakeFiles/rpmsg_str_echo_freertos_example.dir/home/neuberfran/projects/freertos-tn/middleware/multicore/open-amp/porting/env/freertos/rpmsg_porting.c.obj
                0x000000001fff9e9c                env_memcpy
 .text.env_strncpy
                0x000000001fff9ea0        0x4 CMakeFiles/rpmsg_str_echo_freertos_example.dir/home/neuberfran/projects/freertos-tn/middleware/multicore/open-amp/porting/env/freertos/rpmsg_porting.c.obj
                0x000000001fff9ea0                env_strncpy
 .text.env_strncmp
                0x000000001fff9ea4        0x4 CMakeFiles/rpmsg_str_echo_freertos_example.dir/home/neuberfran/projects/freertos-tn/middleware/multicore/open-amp/porting/env/freertos/rpmsg_porting.c.obj
                0x000000001fff9ea4                env_strncmp
 .text.env_mb   0x000000001fff9ea8        0x2 CMakeFiles/rpmsg_str_echo_freertos_example.dir/home/neuberfran/projects/freertos-tn/middleware/multicore/open-amp/porting/env/freertos/rpmsg_porting.c.obj
                0x000000001fff9ea8                env_mb
 .text.env_rmb  0x000000001fff9eaa        0x2 CMakeFiles/rpmsg_str_echo_freertos_example.dir/home/neuberfran/projects/freertos-tn/middleware/multicore/open-amp/porting/env/freertos/rpmsg_porting.c.obj
                0x000000001fff9eaa                env_rmb
 .text.env_wmb  0x000000001fff9eac        0x2 CMakeFiles/rpmsg_str_echo_freertos_example.dir/home/neuberfran/projects/freertos-tn/middleware/multicore/open-amp/porting/env/freertos/rpmsg_porting.c.obj
                0x000000001fff9eac                env_wmb
 .text.env_map_vatopa
                0x000000001fff9eae        0x4 CMakeFiles/rpmsg_str_echo_freertos_example.dir/home/neuberfran/projects/freertos-tn/middleware/multicore/open-amp/porting/env/freertos/rpmsg_porting.c.obj
                0x000000001fff9eae                env_map_vatopa
 .text.env_map_patova
                0x000000001fff9eb2        0x4 CMakeFiles/rpmsg_str_echo_freertos_example.dir/home/neuberfran/projects/freertos-tn/middleware/multicore/open-amp/porting/env/freertos/rpmsg_porting.c.obj
                0x000000001fff9eb2                env_map_patova
 .text.env_create_mutex
                0x000000001fff9eb6       0x16 CMakeFiles/rpmsg_str_echo_freertos_example.dir/home/neuberfran/projects/freertos-tn/middleware/multicore/open-amp/porting/env/freertos/rpmsg_porting.c.obj
                0x000000001fff9eb6                env_create_mutex
 .text.env_delete_mutex
                0x000000001fff9ecc        0x4 CMakeFiles/rpmsg_str_echo_freertos_example.dir/home/neuberfran/projects/freertos-tn/middleware/multicore/open-amp/porting/env/freertos/rpmsg_porting.c.obj
                0x000000001fff9ecc                env_delete_mutex
 .text.env_lock_mutex
                0x000000001fff9ed0       0x22 CMakeFiles/rpmsg_str_echo_freertos_example.dir/home/neuberfran/projects/freertos-tn/middleware/multicore/open-amp/porting/env/freertos/rpmsg_porting.c.obj
                0x000000001fff9ed0                env_lock_mutex
 .text.env_unlock_mutex
                0x000000001fff9ef2       0x22 CMakeFiles/rpmsg_str_echo_freertos_example.dir/home/neuberfran/projects/freertos-tn/middleware/multicore/open-amp/porting/env/freertos/rpmsg_porting.c.obj
                0x000000001fff9ef2                env_unlock_mutex
 .text.env_create_sync_lock
                0x000000001fff9f14        0x4 CMakeFiles/rpmsg_str_echo_freertos_example.dir/home/neuberfran/projects/freertos-tn/middleware/multicore/open-amp/porting/env/freertos/rpmsg_porting.c.obj
                0x000000001fff9f14                env_create_sync_lock
 .text.env_delete_sync_lock
                0x000000001fff9f18        0x8 CMakeFiles/rpmsg_str_echo_freertos_example.dir/home/neuberfran/projects/freertos-tn/middleware/multicore/open-amp/porting/env/freertos/rpmsg_porting.c.obj
                0x000000001fff9f18                env_delete_sync_lock
 .text.env_acquire_sync_lock
                0x000000001fff9f20       0x3c CMakeFiles/rpmsg_str_echo_freertos_example.dir/home/neuberfran/projects/freertos-tn/middleware/multicore/open-amp/porting/env/freertos/rpmsg_porting.c.obj
                0x000000001fff9f20                env_acquire_sync_lock
 .text.env_release_sync_lock
                0x000000001fff9f5c       0x3c CMakeFiles/rpmsg_str_echo_freertos_example.dir/home/neuberfran/projects/freertos-tn/middleware/multicore/open-amp/porting/env/freertos/rpmsg_porting.c.obj
                0x000000001fff9f5c                env_release_sync_lock
 .text.env_sleep_msec
                0x000000001fff9f98        0x4 CMakeFiles/rpmsg_str_echo_freertos_example.dir/home/neuberfran/projects/freertos-tn/middleware/multicore/open-amp/porting/env/freertos/rpmsg_porting.c.obj
                0x000000001fff9f98                env_sleep_msec
 .text.env_register_isr
                0x000000001fff9f9c       0x34 CMakeFiles/rpmsg_str_echo_freertos_example.dir/home/neuberfran/projects/freertos-tn/middleware/multicore/open-amp/porting/env/freertos/rpmsg_porting.c.obj
                0x000000001fff9f9c                env_register_isr
 .text.env_enable_interrupt
                0x000000001fff9fd0       0x40 CMakeFiles/rpmsg_str_echo_freertos_example.dir/home/neuberfran/projects/freertos-tn/middleware/multicore/open-amp/porting/env/freertos/rpmsg_porting.c.obj
                0x000000001fff9fd0                env_enable_interrupt
 .text.env_map_memory
                0x000000001fffa010       0x10 CMakeFiles/rpmsg_str_echo_freertos_example.dir/home/neuberfran/projects/freertos-tn/middleware/multicore/open-amp/porting/env/freertos/rpmsg_porting.c.obj
                0x000000001fffa010                env_map_memory
 .text.env_isr  0x000000001fffa020       0x5c CMakeFiles/rpmsg_str_echo_freertos_example.dir/home/neuberfran/projects/freertos-tn/middleware/multicore/open-amp/porting/env/freertos/rpmsg_porting.c.obj
                0x000000001fffa020                env_isr
 .text.env_create_queue
                0x000000001fffa07c       0x1a CMakeFiles/rpmsg_str_echo_freertos_example.dir/home/neuberfran/projects/freertos-tn/middleware/multicore/open-amp/porting/env/freertos/rpmsg_porting.c.obj
                0x000000001fffa07c                env_create_queue
 .text.env_put_queue
                0x000000001fffa096       0x48 CMakeFiles/rpmsg_str_echo_freertos_example.dir/home/neuberfran/projects/freertos-tn/middleware/multicore/open-amp/porting/env/freertos/rpmsg_porting.c.obj
                0x000000001fffa096                env_put_queue
 .text.env_get_queue
                0x000000001fffa0de       0x46 CMakeFiles/rpmsg_str_echo_freertos_example.dir/home/neuberfran/projects/freertos-tn/middleware/multicore/open-amp/porting/env/freertos/rpmsg_porting.c.obj
                0x000000001fffa0de                env_get_queue
 .text.vListInitialise
                0x000000001fffa124       0x16 CMakeFiles/rpmsg_str_echo_freertos_example.dir/home/neuberfran/projects/freertos-tn/rtos/FreeRTOS/Source/list.c.obj
                0x000000001fffa124                vListInitialise
 .text.vListInitialiseItem
                0x000000001fffa13a        0x6 CMakeFiles/rpmsg_str_echo_freertos_example.dir/home/neuberfran/projects/freertos-tn/rtos/FreeRTOS/Source/list.c.obj
                0x000000001fffa13a                vListInitialiseItem
 .text.vListInsertEnd
                0x000000001fffa140       0x16 CMakeFiles/rpmsg_str_echo_freertos_example.dir/home/neuberfran/projects/freertos-tn/rtos/FreeRTOS/Source/list.c.obj
                0x000000001fffa140                vListInsertEnd
 .text.vListInsert
                0x000000001fffa156       0x2e CMakeFiles/rpmsg_str_echo_freertos_example.dir/home/neuberfran/projects/freertos-tn/rtos/FreeRTOS/Source/list.c.obj
                0x000000001fffa156                vListInsert
 .text.uxListRemove
                0x000000001fffa184       0x22 CMakeFiles/rpmsg_str_echo_freertos_example.dir/home/neuberfran/projects/freertos-tn/rtos/FreeRTOS/Source/list.c.obj
                0x000000001fffa184                uxListRemove
 .text.prvCopyDataToQueue
                0x000000001fffa1a6       0x5a CMakeFiles/rpmsg_str_echo_freertos_example.dir/home/neuberfran/projects/freertos-tn/rtos/FreeRTOS/Source/queue.c.obj
 .text.prvCopyDataFromQueue
                0x000000001fffa200       0x24 CMakeFiles/rpmsg_str_echo_freertos_example.dir/home/neuberfran/projects/freertos-tn/rtos/FreeRTOS/Source/queue.c.obj
 .text.prvUnlockQueue
                0x000000001fffa224       0x6c CMakeFiles/rpmsg_str_echo_freertos_example.dir/home/neuberfran/projects/freertos-tn/rtos/FreeRTOS/Source/queue.c.obj
 .text.xQueueGenericReset
                0x000000001fffa290       0x62 CMakeFiles/rpmsg_str_echo_freertos_example.dir/home/neuberfran/projects/freertos-tn/rtos/FreeRTOS/Source/queue.c.obj
                0x000000001fffa290                xQueueGenericReset
 .text.xQueueGenericCreate
                0x000000001fffa2f2       0x3c CMakeFiles/rpmsg_str_echo_freertos_example.dir/home/neuberfran/projects/freertos-tn/rtos/FreeRTOS/Source/queue.c.obj
                0x000000001fffa2f2                xQueueGenericCreate
 .text.xQueueCreateCountingSemaphore
                0x000000001fffa32e       0x2a CMakeFiles/rpmsg_str_echo_freertos_example.dir/home/neuberfran/projects/freertos-tn/rtos/FreeRTOS/Source/queue.c.obj
                0x000000001fffa32e                xQueueCreateCountingSemaphore
 .text.xQueueGenericSend
                0x000000001fffa358      0x108 CMakeFiles/rpmsg_str_echo_freertos_example.dir/home/neuberfran/projects/freertos-tn/rtos/FreeRTOS/Source/queue.c.obj
                0x000000001fffa358                xQueueGenericSend
 .text.xQueueGenericSendFromISR
                0x000000001fffa460       0x8a CMakeFiles/rpmsg_str_echo_freertos_example.dir/home/neuberfran/projects/freertos-tn/rtos/FreeRTOS/Source/queue.c.obj
                0x000000001fffa460                xQueueGenericSendFromISR
 .text.xQueueGenericReceive
                0x000000001fffa4ea      0x112 CMakeFiles/rpmsg_str_echo_freertos_example.dir/home/neuberfran/projects/freertos-tn/rtos/FreeRTOS/Source/queue.c.obj
                0x000000001fffa4ea                xQueueGenericReceive
 .text.xQueueReceiveFromISR
                0x000000001fffa5fc       0x70 CMakeFiles/rpmsg_str_echo_freertos_example.dir/home/neuberfran/projects/freertos-tn/rtos/FreeRTOS/Source/queue.c.obj
                0x000000001fffa5fc                xQueueReceiveFromISR
 .text.vQueueUnregisterQueue
                0x000000001fffa66c       0x24 CMakeFiles/rpmsg_str_echo_freertos_example.dir/home/neuberfran/projects/freertos-tn/rtos/FreeRTOS/Source/queue.c.obj
                0x000000001fffa66c                vQueueUnregisterQueue
 .text.vQueueDelete
                0x000000001fffa690       0x22 CMakeFiles/rpmsg_str_echo_freertos_example.dir/home/neuberfran/projects/freertos-tn/rtos/FreeRTOS/Source/queue.c.obj
                0x000000001fffa690                vQueueDelete
 .text.prvIdleTask
                0x000000001fffa6b2        0x2 CMakeFiles/rpmsg_str_echo_freertos_example.dir/home/neuberfran/projects/freertos-tn/rtos/FreeRTOS/Source/tasks.c.obj
 .text.prvResetNextTaskUnblockTime
                0x000000001fffa6b4       0x24 CMakeFiles/rpmsg_str_echo_freertos_example.dir/home/neuberfran/projects/freertos-tn/rtos/FreeRTOS/Source/tasks.c.obj
 .text.prvAddCurrentTaskToDelayedList
                0x000000001fffa6d8       0x50 CMakeFiles/rpmsg_str_echo_freertos_example.dir/home/neuberfran/projects/freertos-tn/rtos/FreeRTOS/Source/tasks.c.obj
 .text.xTaskGenericCreate.part.0.isra.0
                0x000000001fffa728      0x184 CMakeFiles/rpmsg_str_echo_freertos_example.dir/home/neuberfran/projects/freertos-tn/rtos/FreeRTOS/Source/tasks.c.obj
 .text.xTaskGenericCreate
                0x000000001fffa8ac       0x1e CMakeFiles/rpmsg_str_echo_freertos_example.dir/home/neuberfran/projects/freertos-tn/rtos/FreeRTOS/Source/tasks.c.obj
                0x000000001fffa8ac                xTaskGenericCreate
 *fill*         0x000000001fffa8ca        0x2 
 .text.vTaskStartScheduler
                0x000000001fffa8cc       0x50 CMakeFiles/rpmsg_str_echo_freertos_example.dir/home/neuberfran/projects/freertos-tn/rtos/FreeRTOS/Source/tasks.c.obj
                0x000000001fffa8cc                vTaskStartScheduler
 .text.vTaskSuspendAll
                0x000000001fffa91c       0x10 CMakeFiles/rpmsg_str_echo_freertos_example.dir/home/neuberfran/projects/freertos-tn/rtos/FreeRTOS/Source/tasks.c.obj
                0x000000001fffa91c                vTaskSuspendAll
 .text.xTaskIncrementTick
                0x000000001fffa92c      0x124 CMakeFiles/rpmsg_str_echo_freertos_example.dir/home/neuberfran/projects/freertos-tn/rtos/FreeRTOS/Source/tasks.c.obj
                0x000000001fffa92c                xTaskIncrementTick
 .text.xTaskResumeAll
                0x000000001fffaa50       0xc8 CMakeFiles/rpmsg_str_echo_freertos_example.dir/home/neuberfran/projects/freertos-tn/rtos/FreeRTOS/Source/tasks.c.obj
                0x000000001fffaa50                xTaskResumeAll
 .text.vTaskDelay
                0x000000001fffab18       0x48 CMakeFiles/rpmsg_str_echo_freertos_example.dir/home/neuberfran/projects/freertos-tn/rtos/FreeRTOS/Source/tasks.c.obj
                0x000000001fffab18                vTaskDelay
 .text.vTaskSwitchContext
                0x000000001fffab60       0x6c CMakeFiles/rpmsg_str_echo_freertos_example.dir/home/neuberfran/projects/freertos-tn/rtos/FreeRTOS/Source/tasks.c.obj
                0x000000001fffab60                vTaskSwitchContext
 .text.vTaskPlaceOnEventList
                0x000000001fffabcc       0x4c CMakeFiles/rpmsg_str_echo_freertos_example.dir/home/neuberfran/projects/freertos-tn/rtos/FreeRTOS/Source/tasks.c.obj
                0x000000001fffabcc                vTaskPlaceOnEventList
 .text.xTaskRemoveFromEventList
                0x000000001fffac18       0x7c CMakeFiles/rpmsg_str_echo_freertos_example.dir/home/neuberfran/projects/freertos-tn/rtos/FreeRTOS/Source/tasks.c.obj
                0x000000001fffac18                xTaskRemoveFromEventList
 .text.vTaskSetTimeOutState
                0x000000001fffac94       0x20 CMakeFiles/rpmsg_str_echo_freertos_example.dir/home/neuberfran/projects/freertos-tn/rtos/FreeRTOS/Source/tasks.c.obj
                0x000000001fffac94                vTaskSetTimeOutState
 .text.xTaskCheckForTimeOut
                0x000000001fffacb4       0x5c CMakeFiles/rpmsg_str_echo_freertos_example.dir/home/neuberfran/projects/freertos-tn/rtos/FreeRTOS/Source/tasks.c.obj
                0x000000001fffacb4                xTaskCheckForTimeOut
 .text.vTaskMissedYield
                0x000000001fffad10        0xc CMakeFiles/rpmsg_str_echo_freertos_example.dir/home/neuberfran/projects/freertos-tn/rtos/FreeRTOS/Source/tasks.c.obj
                0x000000001fffad10                vTaskMissedYield
 .text.CCM_ANALOG_GetSysPllFreq
                0x000000001fffad1c       0x30 CMakeFiles/rpmsg_str_echo_freertos_example.dir/home/neuberfran/projects/freertos-tn/platform/drivers/src/ccm_analog_imx7d.c.obj
                0x000000001fffad1c                CCM_ANALOG_GetSysPllFreq
 .text.CCM_GetRootDivider
                0x000000001fffad4c       0x30 CMakeFiles/rpmsg_str_echo_freertos_example.dir/home/neuberfran/projects/freertos-tn/platform/drivers/src/ccm_imx7d.c.obj
                0x000000001fffad4c                CCM_GetRootDivider
 .text.CCM_UpdateRoot
                0x000000001fffad7c       0x4c CMakeFiles/rpmsg_str_echo_freertos_example.dir/home/neuberfran/projects/freertos-tn/platform/drivers/src/ccm_imx7d.c.obj
                0x000000001fffad7c                CCM_UpdateRoot
 .text.debug_putc
                0x000000001fffadc8       0x28 CMakeFiles/rpmsg_str_echo_freertos_example.dir/home/neuberfran/projects/freertos-tn/platform/utilities/src/debug_console_imx.c.obj
 .text.UART_ReceiveDataPolling
                0x000000001fffadf0       0x24 CMakeFiles/rpmsg_str_echo_freertos_example.dir/home/neuberfran/projects/freertos-tn/platform/utilities/src/debug_console_imx.c.obj
 .text.UART_SendDataPolling
                0x000000001fffae14       0x40 CMakeFiles/rpmsg_str_echo_freertos_example.dir/home/neuberfran/projects/freertos-tn/platform/utilities/src/debug_console_imx.c.obj
 .text.DbgConsole_Init
                0x000000001fffae54       0x54 CMakeFiles/rpmsg_str_echo_freertos_example.dir/home/neuberfran/projects/freertos-tn/platform/utilities/src/debug_console_imx.c.obj
                0x000000001fffae54                DbgConsole_Init
 .text._write   0x000000001fffaea8       0x28 CMakeFiles/rpmsg_str_echo_freertos_example.dir/home/neuberfran/projects/freertos-tn/platform/utilities/src/debug_console_imx.c.obj
                0x000000001fffaea8                _write
 .text._read    0x000000001fffaed0       0x20 CMakeFiles/rpmsg_str_echo_freertos_example.dir/home/neuberfran/projects/freertos-tn/platform/utilities/src/debug_console_imx.c.obj
                0x000000001fffaed0                _read
 .text.debug_printf
                0x000000001fffaef0       0x38 CMakeFiles/rpmsg_str_echo_freertos_example.dir/home/neuberfran/projects/freertos-tn/platform/utilities/src/debug_console_imx.c.obj
                0x000000001fffaef0                debug_printf
 .text.mknumstr
                0x000000001fffaf28       0x7c CMakeFiles/rpmsg_str_echo_freertos_example.dir/home/neuberfran/projects/freertos-tn/platform/utilities/src/print_scan.c.obj
 .text.fput_pad.constprop.0
                0x000000001fffafa4       0x26 CMakeFiles/rpmsg_str_echo_freertos_example.dir/home/neuberfran/projects/freertos-tn/platform/utilities/src/print_scan.c.obj
 *fill*         0x000000001fffafca        0x2 
 .text._doprint
                0x000000001fffafcc      0x40c CMakeFiles/rpmsg_str_echo_freertos_example.dir/home/neuberfran/projects/freertos-tn/platform/utilities/src/print_scan.c.obj
                0x000000001fffafcc                _doprint
 .text.SystemInit
                0x000000001fffb3d8      0x108 CMakeFiles/rpmsg_str_echo_freertos_example.dir/home/neuberfran/projects/freertos-tn/platform/devices/MCIMX7D/startup/system_MCIMX7D_M4.c.obj
                0x000000001fffb3d8                SystemInit
 .text.configure_uart_pins
                0x000000001fffb4e0       0x78 CMakeFiles/rpmsg_str_echo_freertos_example.dir/home/neuberfran/projects/freertos-tn/examples/imx7d_pico_m4/pin_mux.c.obj
                0x000000001fffb4e0                configure_uart_pins
 .text.BOARD_ClockInit
                0x000000001fffb558       0x7c CMakeFiles/rpmsg_str_echo_freertos_example.dir/home/neuberfran/projects/freertos-tn/examples/imx7d_pico_m4/board.c.obj
                0x000000001fffb558                BOARD_ClockInit
 .text.dbg_uart_init
                0x000000001fffb5d4       0x64 CMakeFiles/rpmsg_str_echo_freertos_example.dir/home/neuberfran/projects/freertos-tn/examples/imx7d_pico_m4/board.c.obj
                0x000000001fffb5d4                dbg_uart_init
 .text.BOARD_RdcInit
                0x000000001fffb638       0x10 CMakeFiles/rpmsg_str_echo_freertos_example.dir/home/neuberfran/projects/freertos-tn/examples/imx7d_pico_m4/board.c.obj
                0x000000001fffb638                BOARD_RdcInit
 .text.get_uart_clock_freq
                0x000000001fffb648       0xa4 CMakeFiles/rpmsg_str_echo_freertos_example.dir/home/neuberfran/projects/freertos-tn/examples/imx7d_pico_m4/clock_freq.c.obj
                0x000000001fffb648                get_uart_clock_freq
 .text.hardware_init
                0x000000001fffb6ec       0x28 CMakeFiles/rpmsg_str_echo_freertos_example.dir/home/neuberfran/projects/freertos-tn/examples/imx7d_pico_m4/demo_apps/rpmsg/str_echo_freertos/hardware_init.c.obj
                0x000000001fffb6ec                hardware_init
 .text.UART_Deinit
                0x000000001fffb714       0x5e CMakeFiles/rpmsg_str_echo_freertos_example.dir/home/neuberfran/projects/freertos-tn/platform/drivers/src/uart_imx.c.obj
                0x000000001fffb714                UART_Deinit
 *fill*         0x000000001fffb772        0x2 
 .text.UART_SetBaudRate
                0x000000001fffb774       0xc0 CMakeFiles/rpmsg_str_echo_freertos_example.dir/home/neuberfran/projects/freertos-tn/platform/drivers/src/uart_imx.c.obj
                0x000000001fffb774                UART_SetBaudRate
 .text.UART_Init
                0x000000001fffb834       0x60 CMakeFiles/rpmsg_str_echo_freertos_example.dir/home/neuberfran/projects/freertos-tn/platform/drivers/src/uart_imx.c.obj
                0x000000001fffb834                UART_Init
 .text.UART_GetStatusFlag
                0x000000001fffb894        0xe CMakeFiles/rpmsg_str_echo_freertos_example.dir/home/neuberfran/projects/freertos-tn/platform/drivers/src/uart_imx.c.obj
                0x000000001fffb894                UART_GetStatusFlag
 *fill*         0x000000001fffb8a2        0x2 
 .text.MU_SendMsg
                0x000000001fffb8a4       0x30 CMakeFiles/rpmsg_str_echo_freertos_example.dir/home/neuberfran/projects/freertos-tn/platform/drivers/src/mu_imx.c.obj
                0x000000001fffb8a4                MU_SendMsg
 .text.MU_TryReceiveMsg
                0x000000001fffb8d4       0x3c CMakeFiles/rpmsg_str_echo_freertos_example.dir/home/neuberfran/projects/freertos-tn/platform/drivers/src/mu_imx.c.obj
                0x000000001fffb8d4                MU_TryReceiveMsg
 .text.__assert_func
                0x000000001fffb910       0x3c /home/neuberfran/neuber/gcc-arm-none-eabi-10.3-2021.10/bin/../lib/gcc/arm-none-eabi/10.3.1/../../../../arm-none-eabi/lib/thumb/v7e-m+fp/hard/libc_nano.a(lib_a-assert.o)
                0x000000001fffb910                __assert_func
 .text.exit     0x000000001fffb94c       0x28 /home/neuberfran/neuber/gcc-arm-none-eabi-10.3-2021.10/bin/../lib/gcc/arm-none-eabi/10.3.1/../../../../arm-none-eabi/lib/thumb/v7e-m+fp/hard/libc_nano.a(lib_a-exit.o)
                0x000000001fffb94c                exit
 .text.fprintf  0x000000001fffb974       0x24 /home/neuberfran/neuber/gcc-arm-none-eabi-10.3-2021.10/bin/../lib/gcc/arm-none-eabi/10.3.1/../../../../arm-none-eabi/lib/thumb/v7e-m+fp/hard/libc_nano.a(lib_a-fprintf.o)
                0x000000001fffb974                fprintf
                0x000000001fffb974                fiprintf
 .text.__libc_init_array
                0x000000001fffb998       0x48 /home/neuberfran/neuber/gcc-arm-none-eabi-10.3-2021.10/bin/../lib/gcc/arm-none-eabi/10.3.1/../../../../arm-none-eabi/lib/thumb/v7e-m+fp/hard/libc_nano.a(lib_a-init.o)
                0x000000001fffb998                __libc_init_array
 .text.memcpy   0x000000001fffb9e0       0x1c /home/neuberfran/neuber/gcc-arm-none-eabi-10.3-2021.10/bin/../lib/gcc/arm-none-eabi/10.3.1/../../../../arm-none-eabi/lib/thumb/v7e-m+fp/hard/libc_nano.a(lib_a-memcpy-stub.o)
                0x000000001fffb9e0                memcpy
 .text.memset   0x000000001fffb9fc       0x10 /home/neuberfran/neuber/gcc-arm-none-eabi-10.3-2021.10/bin/../lib/gcc/arm-none-eabi/10.3.1/../../../../arm-none-eabi/lib/thumb/v7e-m+fp/hard/libc_nano.a(lib_a-memset.o)
                0x000000001fffb9fc                memset
 .text.__sfputc_r
                0x000000001fffba0c       0x2e /home/neuberfran/neuber/gcc-arm-none-eabi-10.3-2021.10/bin/../lib/gcc/arm-none-eabi/10.3.1/../../../../arm-none-eabi/lib/thumb/v7e-m+fp/hard/libc_nano.a(lib_a-nano-vfprintf.o)
 .text.__sfputs_r
                0x000000001fffba3a       0x24 /home/neuberfran/neuber/gcc-arm-none-eabi-10.3-2021.10/bin/../lib/gcc/arm-none-eabi/10.3.1/../../../../arm-none-eabi/lib/thumb/v7e-m+fp/hard/libc_nano.a(lib_a-nano-vfprintf.o)
                0x000000001fffba3a                __sfputs_r
 *fill*         0x000000001fffba5e        0x2 
 .text._vfprintf_r
                0x000000001fffba60      0x260 /home/neuberfran/neuber/gcc-arm-none-eabi-10.3-2021.10/bin/../lib/gcc/arm-none-eabi/10.3.1/../../../../arm-none-eabi/lib/thumb/v7e-m+fp/hard/libc_nano.a(lib_a-nano-vfprintf.o)
                0x000000001fffba60                _vfiprintf_r
                0x000000001fffba60                _vfprintf_r
 .text._printf_common
                0x000000001fffbcc0       0xda /home/neuberfran/neuber/gcc-arm-none-eabi-10.3-2021.10/bin/../lib/gcc/arm-none-eabi/10.3.1/../../../../arm-none-eabi/lib/thumb/v7e-m+fp/hard/libc_nano.a(lib_a-nano-vfprintf_i.o)
                0x000000001fffbcc0                _printf_common
 *fill*         0x000000001fffbd9a        0x2 
 .text._printf_i
                0x000000001fffbd9c      0x24c /home/neuberfran/neuber/gcc-arm-none-eabi-10.3-2021.10/bin/../lib/gcc/arm-none-eabi/10.3.1/../../../../arm-none-eabi/lib/thumb/v7e-m+fp/hard/libc_nano.a(lib_a-nano-vfprintf_i.o)
                0x000000001fffbd9c                _printf_i
 .text.strncmp  0x000000001fffbfe8       0x28 /home/neuberfran/neuber/gcc-arm-none-eabi-10.3-2021.10/bin/../lib/gcc/arm-none-eabi/10.3.1/../../../../arm-none-eabi/lib/thumb/v7e-m+fp/hard/libc_nano.a(lib_a-strncmp.o)
                0x000000001fffbfe8                strncmp
 .text.strncpy  0x000000001fffc010       0x26 /home/neuberfran/neuber/gcc-arm-none-eabi-10.3-2021.10/bin/../lib/gcc/arm-none-eabi/10.3.1/../../../../arm-none-eabi/lib/thumb/v7e-m+fp/hard/libc_nano.a(lib_a-strncpy.o)
                0x000000001fffc010                strncpy
 *fill*         0x000000001fffc036        0x2 
 .text.__swbuf_r
                0x000000001fffc038       0xa4 /home/neuberfran/neuber/gcc-arm-none-eabi-10.3-2021.10/bin/../lib/gcc/arm-none-eabi/10.3.1/../../../../arm-none-eabi/lib/thumb/v7e-m+fp/hard/libc_nano.a(lib_a-wbuf.o)
                0x000000001fffc038                __swbuf_r
 .text.__swsetup_r
                0x000000001fffc0dc       0xdc /home/neuberfran/neuber/gcc-arm-none-eabi-10.3-2021.10/bin/../lib/gcc/arm-none-eabi/10.3.1/../../../../arm-none-eabi/lib/thumb/v7e-m+fp/hard/libc_nano.a(lib_a-wsetup.o)
                0x000000001fffc0dc                __swsetup_r
 .text.abort    0x000000001fffc1b8        0xe /home/neuberfran/neuber/gcc-arm-none-eabi-10.3-2021.10/bin/../lib/gcc/arm-none-eabi/10.3.1/../../../../arm-none-eabi/lib/thumb/v7e-m+fp/hard/libc_nano.a(lib_a-abort.o)
                0x000000001fffc1b8                abort
 *fill*         0x000000001fffc1c6        0x2 
 .text.__sflush_r
                0x000000001fffc1c8      0x10c /home/neuberfran/neuber/gcc-arm-none-eabi-10.3-2021.10/bin/../lib/gcc/arm-none-eabi/10.3.1/../../../../arm-none-eabi/lib/thumb/v7e-m+fp/hard/libc_nano.a(lib_a-fflush.o)
                0x000000001fffc1c8                __sflush_r
 .text._fflush_r
                0x000000001fffc2d4       0x78 /home/neuberfran/neuber/gcc-arm-none-eabi-10.3-2021.10/bin/../lib/gcc/arm-none-eabi/10.3.1/../../../../arm-none-eabi/lib/thumb/v7e-m+fp/hard/libc_nano.a(lib_a-fflush.o)
                0x000000001fffc2d4                _fflush_r
 .text.std      0x000000001fffc34c       0x48 /home/neuberfran/neuber/gcc-arm-none-eabi-10.3-2021.10/bin/../lib/gcc/arm-none-eabi/10.3.1/../../../../arm-none-eabi/lib/thumb/v7e-m+fp/hard/libc_nano.a(lib_a-findfp.o)
 .text._cleanup_r
                0x000000001fffc394        0xc /home/neuberfran/neuber/gcc-arm-none-eabi-10.3-2021.10/bin/../lib/gcc/arm-none-eabi/10.3.1/../../../../arm-none-eabi/lib/thumb/v7e-m+fp/hard/libc_nano.a(lib_a-findfp.o)
                0x000000001fffc394                _cleanup_r
 .text.__sfmoreglue
                0x000000001fffc3a0       0x2c /home/neuberfran/neuber/gcc-arm-none-eabi-10.3-2021.10/bin/../lib/gcc/arm-none-eabi/10.3.1/../../../../arm-none-eabi/lib/thumb/v7e-m+fp/hard/libc_nano.a(lib_a-findfp.o)
                0x000000001fffc3a0                __sfmoreglue
 .text.__sfp_lock_acquire
                0x000000001fffc3cc        0xc /home/neuberfran/neuber/gcc-arm-none-eabi-10.3-2021.10/bin/../lib/gcc/arm-none-eabi/10.3.1/../../../../arm-none-eabi/lib/thumb/v7e-m+fp/hard/libc_nano.a(lib_a-findfp.o)
                0x000000001fffc3cc                __sfp_lock_acquire
 .text.__sfp_lock_release
                0x000000001fffc3d8        0xc /home/neuberfran/neuber/gcc-arm-none-eabi-10.3-2021.10/bin/../lib/gcc/arm-none-eabi/10.3.1/../../../../arm-none-eabi/lib/thumb/v7e-m+fp/hard/libc_nano.a(lib_a-findfp.o)
                0x000000001fffc3d8                __sfp_lock_release
 .text.__sinit_lock_acquire
                0x000000001fffc3e4        0xc /home/neuberfran/neuber/gcc-arm-none-eabi-10.3-2021.10/bin/../lib/gcc/arm-none-eabi/10.3.1/../../../../arm-none-eabi/lib/thumb/v7e-m+fp/hard/libc_nano.a(lib_a-findfp.o)
                0x000000001fffc3e4                __sinit_lock_acquire
 .text.__sinit_lock_release
                0x000000001fffc3f0        0xc /home/neuberfran/neuber/gcc-arm-none-eabi-10.3-2021.10/bin/../lib/gcc/arm-none-eabi/10.3.1/../../../../arm-none-eabi/lib/thumb/v7e-m+fp/hard/libc_nano.a(lib_a-findfp.o)
                0x000000001fffc3f0                __sinit_lock_release
 .text.__sinit  0x000000001fffc3fc       0x70 /home/neuberfran/neuber/gcc-arm-none-eabi-10.3-2021.10/bin/../lib/gcc/arm-none-eabi/10.3.1/../../../../arm-none-eabi/lib/thumb/v7e-m+fp/hard/libc_nano.a(lib_a-findfp.o)
                0x000000001fffc3fc                __sinit
 .text.__sfp    0x000000001fffc46c       0x8c /home/neuberfran/neuber/gcc-arm-none-eabi-10.3-2021.10/bin/../lib/gcc/arm-none-eabi/10.3.1/../../../../arm-none-eabi/lib/thumb/v7e-m+fp/hard/libc_nano.a(lib_a-findfp.o)
                0x000000001fffc46c                __sfp
 .text._fwalk_reent
                0x000000001fffc4f8       0x3e /home/neuberfran/neuber/gcc-arm-none-eabi-10.3-2021.10/bin/../lib/gcc/arm-none-eabi/10.3.1/../../../../arm-none-eabi/lib/thumb/v7e-m+fp/hard/libc_nano.a(lib_a-fwalk.o)
                0x000000001fffc4f8                _fwalk_reent
 .text.__retarget_lock_init_recursive
                0x000000001fffc536        0x2 /home/neuberfran/neuber/gcc-arm-none-eabi-10.3-2021.10/bin/../lib/gcc/arm-none-eabi/10.3.1/../../../../arm-none-eabi/lib/thumb/v7e-m+fp/hard/libc_nano.a(lib_a-lock.o)
                0x000000001fffc536                __retarget_lock_init_recursive
 .text.__retarget_lock_acquire_recursive
                0x000000001fffc538        0x2 /home/neuberfran/neuber/gcc-arm-none-eabi-10.3-2021.10/bin/../lib/gcc/arm-none-eabi/10.3.1/../../../../arm-none-eabi/lib/thumb/v7e-m+fp/hard/libc_nano.a(lib_a-lock.o)
                0x000000001fffc538                __retarget_lock_acquire_recursive
 .text.__retarget_lock_release_recursive
                0x000000001fffc53a        0x2 /home/neuberfran/neuber/gcc-arm-none-eabi-10.3-2021.10/bin/../lib/gcc/arm-none-eabi/10.3.1/../../../../arm-none-eabi/lib/thumb/v7e-m+fp/hard/libc_nano.a(lib_a-lock.o)
                0x000000001fffc53a                __retarget_lock_release_recursive
 .text.__swhatbuf_r
                0x000000001fffc53c       0x4a /home/neuberfran/neuber/gcc-arm-none-eabi-10.3-2021.10/bin/../lib/gcc/arm-none-eabi/10.3.1/../../../../arm-none-eabi/lib/thumb/v7e-m+fp/hard/libc_nano.a(lib_a-makebuf.o)
                0x000000001fffc53c                __swhatbuf_r
 *fill*         0x000000001fffc586        0x2 
 .text.__smakebuf_r
                0x000000001fffc588       0x80 /home/neuberfran/neuber/gcc-arm-none-eabi-10.3-2021.10/bin/../lib/gcc/arm-none-eabi/10.3.1/../../../../arm-none-eabi/lib/thumb/v7e-m+fp/hard/libc_nano.a(lib_a-makebuf.o)
                0x000000001fffc588                __smakebuf_r
 .text._free_r  0x000000001fffc608       0x98 /home/neuberfran/neuber/gcc-arm-none-eabi-10.3-2021.10/bin/../lib/gcc/arm-none-eabi/10.3.1/../../../../arm-none-eabi/lib/thumb/v7e-m+fp/hard/libc_nano.a(lib_a-nano-freer.o)
                0x000000001fffc608                _free_r
 .text.sbrk_aligned
                0x000000001fffc6a0       0x40 /home/neuberfran/neuber/gcc-arm-none-eabi-10.3-2021.10/bin/../lib/gcc/arm-none-eabi/10.3.1/../../../../arm-none-eabi/lib/thumb/v7e-m+fp/hard/libc_nano.a(lib_a-nano-mallocr.o)
 .text._malloc_r
                0x000000001fffc6e0       0xe8 /home/neuberfran/neuber/gcc-arm-none-eabi-10.3-2021.10/bin/../lib/gcc/arm-none-eabi/10.3.1/../../../../arm-none-eabi/lib/thumb/v7e-m+fp/hard/libc_nano.a(lib_a-nano-mallocr.o)
                0x000000001fffc6e0                _malloc_r
 .text._sbrk_r  0x000000001fffc7c8       0x20 /home/neuberfran/neuber/gcc-arm-none-eabi-10.3-2021.10/bin/../lib/gcc/arm-none-eabi/10.3.1/../../../../arm-none-eabi/lib/thumb/v7e-m+fp/hard/libc_nano.a(lib_a-sbrkr.o)
                0x000000001fffc7c8                _sbrk_r
 .text._raise_r
                0x000000001fffc7e8       0x50 /home/neuberfran/neuber/gcc-arm-none-eabi-10.3-2021.10/bin/../lib/gcc/arm-none-eabi/10.3.1/../../../../arm-none-eabi/lib/thumb/v7e-m+fp/hard/libc_nano.a(lib_a-signal.o)
                0x000000001fffc7e8                _raise_r
 .text.raise    0x000000001fffc838       0x10 /home/neuberfran/neuber/gcc-arm-none-eabi-10.3-2021.10/bin/../lib/gcc/arm-none-eabi/10.3.1/../../../../arm-none-eabi/lib/thumb/v7e-m+fp/hard/libc_nano.a(lib_a-signal.o)
                0x000000001fffc838                raise
 .text._kill_r  0x000000001fffc848       0x24 /home/neuberfran/neuber/gcc-arm-none-eabi-10.3-2021.10/bin/../lib/gcc/arm-none-eabi/10.3.1/../../../../arm-none-eabi/lib/thumb/v7e-m+fp/hard/libc_nano.a(lib_a-signalr.o)
                0x000000001fffc848                _kill_r
 .text._getpid_r
                0x000000001fffc86c        0x4 /home/neuberfran/neuber/gcc-arm-none-eabi-10.3-2021.10/bin/../lib/gcc/arm-none-eabi/10.3.1/../../../../arm-none-eabi/lib/thumb/v7e-m+fp/hard/libc_nano.a(lib_a-signalr.o)
                0x000000001fffc86c                _getpid_r
 .text.__sread  0x000000001fffc870       0x22 /home/neuberfran/neuber/gcc-arm-none-eabi-10.3-2021.10/bin/../lib/gcc/arm-none-eabi/10.3.1/../../../../arm-none-eabi/lib/thumb/v7e-m+fp/hard/libc_nano.a(lib_a-stdio.o)
                0x000000001fffc870                __sread
 .text.__swrite
                0x000000001fffc892       0x38 /home/neuberfran/neuber/gcc-arm-none-eabi-10.3-2021.10/bin/../lib/gcc/arm-none-eabi/10.3.1/../../../../arm-none-eabi/lib/thumb/v7e-m+fp/hard/libc_nano.a(lib_a-stdio.o)
                0x000000001fffc892                __swrite
 .text.__sseek  0x000000001fffc8ca       0x24 /home/neuberfran/neuber/gcc-arm-none-eabi-10.3-2021.10/bin/../lib/gcc/arm-none-eabi/10.3.1/../../../../arm-none-eabi/lib/thumb/v7e-m+fp/hard/libc_nano.a(lib_a-stdio.o)
                0x000000001fffc8ca                __sseek
 .text.__sclose
                0x000000001fffc8ee        0x8 /home/neuberfran/neuber/gcc-arm-none-eabi-10.3-2021.10/bin/../lib/gcc/arm-none-eabi/10.3.1/../../../../arm-none-eabi/lib/thumb/v7e-m+fp/hard/libc_nano.a(lib_a-stdio.o)
                0x000000001fffc8ee                __sclose
 *fill*         0x000000001fffc8f6        0x2 
 .text._write_r
                0x000000001fffc8f8       0x24 /home/neuberfran/neuber/gcc-arm-none-eabi-10.3-2021.10/bin/../lib/gcc/arm-none-eabi/10.3.1/../../../../arm-none-eabi/lib/thumb/v7e-m+fp/hard/libc_nano.a(lib_a-writer.o)
                0x000000001fffc8f8                _write_r
 .text._close_r
                0x000000001fffc91c       0x20 /home/neuberfran/neuber/gcc-arm-none-eabi-10.3-2021.10/bin/../lib/gcc/arm-none-eabi/10.3.1/../../../../arm-none-eabi/lib/thumb/v7e-m+fp/hard/libc_nano.a(lib_a-closer.o)
                0x000000001fffc91c                _close_r
 .text._fstat_r
                0x000000001fffc93c       0x24 /home/neuberfran/neuber/gcc-arm-none-eabi-10.3-2021.10/bin/../lib/gcc/arm-none-eabi/10.3.1/../../../../arm-none-eabi/lib/thumb/v7e-m+fp/hard/libc_nano.a(lib_a-fstatr.o)
                0x000000001fffc93c                _fstat_r
 .text._isatty_r
                0x000000001fffc960       0x20 /home/neuberfran/neuber/gcc-arm-none-eabi-10.3-2021.10/bin/../lib/gcc/arm-none-eabi/10.3.1/../../../../arm-none-eabi/lib/thumb/v7e-m+fp/hard/libc_nano.a(lib_a-isattyr.o)
                0x000000001fffc960                _isatty_r
 .text._lseek_r
                0x000000001fffc980       0x24 /home/neuberfran/neuber/gcc-arm-none-eabi-10.3-2021.10/bin/../lib/gcc/arm-none-eabi/10.3.1/../../../../arm-none-eabi/lib/thumb/v7e-m+fp/hard/libc_nano.a(lib_a-lseekr.o)
                0x000000001fffc980                _lseek_r
 .text.__malloc_lock
                0x000000001fffc9a4        0xc /home/neuberfran/neuber/gcc-arm-none-eabi-10.3-2021.10/bin/../lib/gcc/arm-none-eabi/10.3.1/../../../../arm-none-eabi/lib/thumb/v7e-m+fp/hard/libc_nano.a(lib_a-mlock.o)
                0x000000001fffc9a4                __malloc_lock
 .text.__malloc_unlock
                0x000000001fffc9b0        0xc /home/neuberfran/neuber/gcc-arm-none-eabi-10.3-2021.10/bin/../lib/gcc/arm-none-eabi/10.3.1/../../../../arm-none-eabi/lib/thumb/v7e-m+fp/hard/libc_nano.a(lib_a-mlock.o)
                0x000000001fffc9b0                __malloc_unlock
 .text._read_r  0x000000001fffc9bc       0x24 /home/neuberfran/neuber/gcc-arm-none-eabi-10.3-2021.10/bin/../lib/gcc/arm-none-eabi/10.3.1/../../../../arm-none-eabi/lib/thumb/v7e-m+fp/hard/libc_nano.a(lib_a-readr.o)
                0x000000001fffc9bc                _read_r
 .text._close   0x000000001fffc9e0       0x10 /home/neuberfran/neuber/gcc-arm-none-eabi-10.3-2021.10/bin/../lib/gcc/arm-none-eabi/10.3.1/../../../../arm-none-eabi/lib/thumb/v7e-m+fp/hard/libnosys.a(close.o)
                0x000000001fffc9e0                _close
 .text._fstat   0x000000001fffc9f0       0x10 /home/neuberfran/neuber/gcc-arm-none-eabi-10.3-2021.10/bin/../lib/gcc/arm-none-eabi/10.3.1/../../../../arm-none-eabi/lib/thumb/v7e-m+fp/hard/libnosys.a(fstat.o)
                0x000000001fffc9f0                _fstat
 .text._getpid  0x000000001fffca00       0x10 /home/neuberfran/neuber/gcc-arm-none-eabi-10.3-2021.10/bin/../lib/gcc/arm-none-eabi/10.3.1/../../../../arm-none-eabi/lib/thumb/v7e-m+fp/hard/libnosys.a(getpid.o)
                0x000000001fffca00                _getpid
 .text._isatty  0x000000001fffca10       0x10 /home/neuberfran/neuber/gcc-arm-none-eabi-10.3-2021.10/bin/../lib/gcc/arm-none-eabi/10.3.1/../../../../arm-none-eabi/lib/thumb/v7e-m+fp/hard/libnosys.a(isatty.o)
                0x000000001fffca10                _isatty
 .text._kill    0x000000001fffca20       0x10 /home/neuberfran/neuber/gcc-arm-none-eabi-10.3-2021.10/bin/../lib/gcc/arm-none-eabi/10.3.1/../../../../arm-none-eabi/lib/thumb/v7e-m+fp/hard/libnosys.a(kill.o)
                0x000000001fffca20                _kill
 .text._lseek   0x000000001fffca30       0x10 /home/neuberfran/neuber/gcc-arm-none-eabi-10.3-2021.10/bin/../lib/gcc/arm-none-eabi/10.3.1/../../../../arm-none-eabi/lib/thumb/v7e-m+fp/hard/libnosys.a(lseek.o)
                0x000000001fffca30                _lseek
 .text._sbrk    0x000000001fffca40       0x1c /home/neuberfran/neuber/gcc-arm-none-eabi-10.3-2021.10/bin/../lib/gcc/arm-none-eabi/10.3.1/../../../../arm-none-eabi/lib/thumb/v7e-m+fp/hard/libnosys.a(sbrk.o)
                0x000000001fffca40                _sbrk
 .text._exit    0x000000001fffca5c        0x4 /home/neuberfran/neuber/gcc-arm-none-eabi-10.3-2021.10/bin/../lib/gcc/arm-none-eabi/10.3.1/../../../../arm-none-eabi/lib/thumb/v7e-m+fp/hard/libnosys.a(_exit.o)
                0x000000001fffca5c                _exit
 *(.rodata)
 *(.rodata*)
 .rodata.StrEchoTask.str1.1
                0x000000001fffca60      0x180 CMakeFiles/rpmsg_str_echo_freertos_example.dir/home/neuberfran/projects/freertos-tn/examples/imx7d_pico_m4/demo_apps/rpmsg/str_echo_freertos/str_echo_freertos.c.obj
 .rodata.main.str1.1
                0x000000001fffcbe0       0x11 CMakeFiles/rpmsg_str_echo_freertos_example.dir/home/neuberfran/projects/freertos-tn/examples/imx7d_pico_m4/demo_apps/rpmsg/str_echo_freertos/str_echo_freertos.c.obj
 .rodata.__func__.0
                0x000000001fffcbf1        0xc CMakeFiles/rpmsg_str_echo_freertos_example.dir/home/neuberfran/projects/freertos-tn/examples/imx7d_pico_m4/demo_apps/rpmsg/str_echo_freertos/str_echo_freertos.c.obj
 .rodata.rpmsg_read_rtos_cb.str1.1
                0x000000001fffcbfd       0x64 CMakeFiles/rpmsg_str_echo_freertos_example.dir/home/neuberfran/projects/freertos-tn/middleware/multicore/open-amp/rpmsg/rpmsg_rtos.c.obj
 .rodata.rpmsg_channel_created_rtos.str1.1
                0x000000001fffcc61       0x25 CMakeFiles/rpmsg_str_echo_freertos_example.dir/home/neuberfran/projects/freertos-tn/middleware/multicore/open-amp/rpmsg/rpmsg_rtos.c.obj
 .rodata.__func__.1
                0x000000001fffcc86       0x1b CMakeFiles/rpmsg_str_echo_freertos_example.dir/home/neuberfran/projects/freertos-tn/middleware/multicore/open-amp/rpmsg/rpmsg_rtos.c.obj
 .rodata.__func__.2
                0x000000001fffcca1       0x1b CMakeFiles/rpmsg_str_echo_freertos_example.dir/home/neuberfran/projects/freertos-tn/middleware/multicore/open-amp/rpmsg/rpmsg_rtos.c.obj
 .rodata.__func__.3
                0x000000001fffccbc       0x13 CMakeFiles/rpmsg_str_echo_freertos_example.dir/home/neuberfran/projects/freertos-tn/middleware/multicore/open-amp/rpmsg/rpmsg_rtos.c.obj
 .rodata._shutdown_cpu.str1.1
                0x000000001fffcccf       0x60 CMakeFiles/rpmsg_str_echo_freertos_example.dir/home/neuberfran/projects/freertos-tn/middleware/multicore/open-amp/porting/imx7d_m4/platform.c.obj
                                         0x62 (size before relaxing)
 .rodata.platform_interrupt_enable.str1.1
                0x000000001fffcd2f       0x46 CMakeFiles/rpmsg_str_echo_freertos_example.dir/home/neuberfran/projects/freertos-tn/middleware/multicore/open-amp/porting/imx7d_m4/platform.c.obj
 .rodata.platform_interrupt_disable.str1.1
                0x000000001fffcd75       0x21 CMakeFiles/rpmsg_str_echo_freertos_example.dir/home/neuberfran/projects/freertos-tn/middleware/multicore/open-amp/porting/imx7d_m4/platform.c.obj
 .rodata.platform_interrupt_enable_all.str1.1
                0x000000001fffcd96       0x18 CMakeFiles/rpmsg_str_echo_freertos_example.dir/home/neuberfran/projects/freertos-tn/middleware/multicore/open-amp/porting/imx7d_m4/platform.c.obj
 .rodata.platform_interrupt_disable_all.str1.1
                0x000000001fffcdae       0x19 CMakeFiles/rpmsg_str_echo_freertos_example.dir/home/neuberfran/projects/freertos-tn/middleware/multicore/open-amp/porting/imx7d_m4/platform.c.obj
 .rodata.__func__.0
                0x000000001fffcdc7       0x1f CMakeFiles/rpmsg_str_echo_freertos_example.dir/home/neuberfran/projects/freertos-tn/middleware/multicore/open-amp/porting/imx7d_m4/platform.c.obj
 .rodata.__func__.1
                0x000000001fffcde6       0x1e CMakeFiles/rpmsg_str_echo_freertos_example.dir/home/neuberfran/projects/freertos-tn/middleware/multicore/open-amp/porting/imx7d_m4/platform.c.obj
 .rodata.__func__.2
                0x000000001fffce04       0x1b CMakeFiles/rpmsg_str_echo_freertos_example.dir/home/neuberfran/projects/freertos-tn/middleware/multicore/open-amp/porting/imx7d_m4/platform.c.obj
 .rodata.__func__.3