Archive member included to satisfy reference by file (symbol)

/home/neuberfran/neuber/gcc-arm-none-eabi-10.3-2021.10/bin/../lib/gcc/arm-none-eabi/10.3.1/../../../../arm-none-eabi/lib/thumb/v7e-m+fp/hard/libc_nano.a(lib_a-assert.o)
                              CMakeFiles/rpmsg_str_echo_rpmsglite_example.dir/home/neuberfran/projects/freertos-tn/platform/drivers/src/ccm_analog_imx7d.c.obj (__assert_func)
/home/neuberfran/neuber/gcc-arm-none-eabi-10.3-2021.10/bin/../lib/gcc/arm-none-eabi/10.3.1/../../../../arm-none-eabi/lib/thumb/v7e-m+fp/hard/libc_nano.a(lib_a-exit.o)
                              /home/neuberfran/neuber/gcc-arm-none-eabi-10.3-2021.10/bin/../lib/gcc/arm-none-eabi/10.3.1/../../../../arm-none-eabi/lib/thumb/v7e-m+fp/hard/crt0.o (exit)
/home/neuberfran/neuber/gcc-arm-none-eabi-10.3-2021.10/bin/../lib/gcc/arm-none-eabi/10.3.1/../../../../arm-none-eabi/lib/thumb/v7e-m+fp/hard/libc_nano.a(lib_a-fprintf.o)
                              /home/neuberfran/neuber/gcc-arm-none-eabi-10.3-2021.10/bin/../lib/gcc/arm-none-eabi/10.3.1/../../../../arm-none-eabi/lib/thumb/v7e-m+fp/hard/libc_nano.a(lib_a-assert.o) (fiprintf)
/home/neuberfran/neuber/gcc-arm-none-eabi-10.3-2021.10/bin/../lib/gcc/arm-none-eabi/10.3.1/../../../../arm-none-eabi/lib/thumb/v7e-m+fp/hard/libc_nano.a(lib_a-impure.o)
                              /home/neuberfran/neuber/gcc-arm-none-eabi-10.3-2021.10/bin/../lib/gcc/arm-none-eabi/10.3.1/../../../../arm-none-eabi/lib/thumb/v7e-m+fp/hard/libc_nano.a(lib_a-exit.o) (_global_impure_ptr)
/home/neuberfran/neuber/gcc-arm-none-eabi-10.3-2021.10/bin/../lib/gcc/arm-none-eabi/10.3.1/../../../../arm-none-eabi/lib/thumb/v7e-m+fp/hard/libc_nano.a(lib_a-init.o)
                              /home/neuberfran/neuber/gcc-arm-none-eabi-10.3-2021.10/bin/../lib/gcc/arm-none-eabi/10.3.1/../../../../arm-none-eabi/lib/thumb/v7e-m+fp/hard/crt0.o (__libc_init_array)
/home/neuberfran/neuber/gcc-arm-none-eabi-10.3-2021.10/bin/../lib/gcc/arm-none-eabi/10.3.1/../../../../arm-none-eabi/lib/thumb/v7e-m+fp/hard/libc_nano.a(lib_a-memcpy-stub.o)
                              CMakeFiles/rpmsg_str_echo_rpmsglite_example.dir/home/neuberfran/projects/freertos-tn/middleware/multicore/open-amp/lib/rpmsg_lite/porting/environment/rpmsg_env_freertos.c.obj (memcpy)
/home/neuberfran/neuber/gcc-arm-none-eabi-10.3-2021.10/bin/../lib/gcc/arm-none-eabi/10.3.1/../../../../arm-none-eabi/lib/thumb/v7e-m+fp/hard/libc_nano.a(lib_a-memset.o)
                              /home/neuberfran/neuber/gcc-arm-none-eabi-10.3-2021.10/bin/../lib/gcc/arm-none-eabi/10.3.1/../../../../arm-none-eabi/lib/thumb/v7e-m+fp/hard/crt0.o (memset)
/home/neuberfran/neuber/gcc-arm-none-eabi-10.3-2021.10/bin/../lib/gcc/arm-none-eabi/10.3.1/../../../../arm-none-eabi/lib/thumb/v7e-m+fp/hard/libc_nano.a(lib_a-nano-vfprintf.o)
                              /home/neuberfran/neuber/gcc-arm-none-eabi-10.3-2021.10/bin/../lib/gcc/arm-none-eabi/10.3.1/../../../../arm-none-eabi/lib/thumb/v7e-m+fp/hard/libc_nano.a(lib_a-fprintf.o) (_vfprintf_r)
/home/neuberfran/neuber/gcc-arm-none-eabi-10.3-2021.10/bin/../lib/gcc/arm-none-eabi/10.3.1/../../../../arm-none-eabi/lib/thumb/v7e-m+fp/hard/libc_nano.a(lib_a-nano-vfprintf_i.o)
                              /home/neuberfran/neuber/gcc-arm-none-eabi-10.3-2021.10/bin/../lib/gcc/arm-none-eabi/10.3.1/../../../../arm-none-eabi/lib/thumb/v7e-m+fp/hard/libc_nano.a(lib_a-nano-vfprintf.o) (_printf_i)
/home/neuberfran/neuber/gcc-arm-none-eabi-10.3-2021.10/bin/../lib/gcc/arm-none-eabi/10.3.1/../../../../arm-none-eabi/lib/thumb/v7e-m+fp/hard/libc_nano.a(lib_a-printf.o)
                              CMakeFiles/rpmsg_str_echo_rpmsglite_example.dir/home/neuberfran/projects/freertos-tn/examples/imx7d_pico_m4/demo_apps/rpmsg/str_echo_rpmsglite/str_echo_rpmsglite.c.obj (printf)
/home/neuberfran/neuber/gcc-arm-none-eabi-10.3-2021.10/bin/../lib/gcc/arm-none-eabi/10.3.1/../../../../arm-none-eabi/lib/thumb/v7e-m+fp/hard/libc_nano.a(lib_a-strcmp.o)
                              CMakeFiles/rpmsg_str_echo_rpmsglite_example.dir/home/neuberfran/projects/freertos-tn/middleware/multicore/open-amp/lib/rpmsg_lite/porting/environment/rpmsg_env_freertos.c.obj (strcmp)
/home/neuberfran/neuber/gcc-arm-none-eabi-10.3-2021.10/bin/../lib/gcc/arm-none-eabi/10.3.1/../../../../arm-none-eabi/lib/thumb/v7e-m+fp/hard/libc_nano.a(lib_a-strlen.o)
                              CMakeFiles/rpmsg_str_echo_rpmsglite_example.dir/home/neuberfran/projects/freertos-tn/platform/utilities/src/print_scan.c.obj (strlen)
/home/neuberfran/neuber/gcc-arm-none-eabi-10.3-2021.10/bin/../lib/gcc/arm-none-eabi/10.3.1/../../../../arm-none-eabi/lib/thumb/v7e-m+fp/hard/libc_nano.a(lib_a-strncmp.o)
                              CMakeFiles/rpmsg_str_echo_rpmsglite_example.dir/home/neuberfran/projects/freertos-tn/middleware/multicore/open-amp/lib/rpmsg_lite/porting/environment/rpmsg_env_freertos.c.obj (strncmp)
[...]
Memory Configuration

Name             Origin             Length             Attributes
m_interrupts     0x000000001fff8000 0x0000000000000240 xr
m_text           0x000000001fff8240 0x0000000000007dc0 xr
m_data           0x0000000020000000 0x0000000000008000 rw
*default*        0x0000000000000000 0xffffffffffffffff

Linker script and memory map

LOAD /home/neuberfran/neuber/gcc-arm-none-eabi-10.3-2021.10/bin/../lib/gcc/arm-none-eabi/10.3.1/thumb/v7e-m+fp/hard/crti.o
LOAD /home/neuberfran/neuber/gcc-arm-none-eabi-10.3-2021.10/bin/../lib/gcc/arm-none-eabi/10.3.1/thumb/v7e-m+fp/hard/crtbegin.o
LOAD /home/neuberfran/neuber/gcc-arm-none-eabi-10.3-2021.10/bin/../lib/gcc/arm-none-eabi/10.3.1/../../../../arm-none-eabi/lib/thumb/v7e-m+fp/hard/crt0.o
LOAD /home/neuberfran/neuber/gcc-arm-none-eabi-10.3-2021.10/bin/../lib/gcc/arm-none-eabi/10.3.1/../../../../arm-none-eabi/lib/thumb/v7e-m+fp/hard/libm.a
LOAD CMakeFiles/rpmsg_str_echo_rpmsglite_example.dir/home/neuberfran/projects/freertos-tn/rtos/FreeRTOS/Source/portable/GCC/ARM_CM4F/port.c.obj
LOAD CMakeFiles/rpmsg_str_echo_rpmsglite_example.dir/home/neuberfran/projects/freertos-tn/platform/devices/MCIMX7D/startup/gcc/startup_MCIMX7D_M4.S.obj
LOAD CMakeFiles/rpmsg_str_echo_rpmsglite_example.dir/home/neuberfran/projects/freertos-tn/rtos/FreeRTOS/Source/portable/MemMang/heap_2.c.obj
LOAD CMakeFiles/rpmsg_str_echo_rpmsglite_example.dir/home/neuberfran/projects/freertos-tn/examples/imx7d_pico_m4/demo_apps/rpmsg/str_echo_rpmsglite/str_echo_rpmsglite.c.obj
LOAD CMakeFiles/rpmsg_str_echo_rpmsglite_example.dir/home/neuberfran/projects/freertos-tn/middleware/multicore/open-amp/lib/rpmsg_lite/rpmsg_lite.c.obj
LOAD CMakeFiles/rpmsg_str_echo_rpmsglite_example.dir/home/neuberfran/projects/freertos-tn/middleware/multicore/open-amp/lib/rpmsg_lite/rpmsg_ns.c.obj
LOAD CMakeFiles/rpmsg_str_echo_rpmsglite_example.dir/home/neuberfran/projects/freertos-tn/middleware/multicore/open-amp/lib/rpmsg_lite/rpmsg_queue.c.obj
LOAD CMakeFiles/rpmsg_str_echo_rpmsglite_example.dir/home/neuberfran/projects/freertos-tn/middleware/multicore/open-amp/lib/rpmsg_lite/porting/environment/rpmsg_env_freertos.c.obj
LOAD CMakeFiles/rpmsg_str_echo_rpmsglite_example.dir/home/neuberfran/projects/freertos-tn/rtos/FreeRTOS/Source/croutine.c.obj
LOAD CMakeFiles/rpmsg_str_echo_rpmsglite_example.dir/home/neuberfran/projects/freertos-tn/rtos/FreeRTOS/Source/event_groups.c.obj
LOAD CMakeFiles/rpmsg_str_echo_rpmsglite_example.dir/home/neuberfran/projects/freertos-tn/rtos/FreeRTOS/Source/list.c.obj
LOAD CMakeFiles/rpmsg_str_echo_rpmsglite_example.dir/home/neuberfran/projects/freertos-tn/rtos/FreeRTOS/Source/queue.c.obj
LOAD CMakeFiles/rpmsg_str_echo_rpmsglite_example.dir/home/neuberfran/projects/freertos-tn/rtos/FreeRTOS/Source/tasks.c.obj
LOAD CMakeFiles/rpmsg_str_echo_rpmsglite_example.dir/home/neuberfran/projects/freertos-tn/rtos/FreeRTOS/Source/timers.c.obj
LOAD CMakeFiles/rpmsg_str_echo_rpmsglite_example.dir/home/neuberfran/projects/freertos-tn/platform/drivers/src/ccm_analog_imx7d.c.obj
LOAD CMakeFiles/rpmsg_str_echo_rpmsglite_example.dir/home/neuberfran/projects/freertos-tn/platform/drivers/src/ccm_imx7d.c.obj
LOAD CMakeFiles/rpmsg_str_echo_rpmsglite_example.dir/home/neuberfran/projects/freertos-tn/platform/drivers/src/lmem.c.obj
LOAD CMakeFiles/rpmsg_str_echo_rpmsglite_example.dir/home/neuberfran/projects/freertos-tn/platform/drivers/src/rdc.c.obj
LOAD CMakeFiles/rpmsg_str_echo_rpmsglite_example.dir/home/neuberfran/projects/freertos-tn/platform/drivers/src/wdog_imx.c.obj
LOAD CMakeFiles/rpmsg_str_echo_rpmsglite_example.dir/home/neuberfran/projects/freertos-tn/platform/utilities/src/debug_console_imx.c.obj
LOAD CMakeFiles/rpmsg_str_echo_rpmsglite_example.dir/home/neuberfran/projects/freertos-tn/platform/utilities/src/print_scan.c.obj
LOAD CMakeFiles/rpmsg_str_echo_rpmsglite_example.dir/home/neuberfran/projects/freertos-tn/platform/devices/MCIMX7D/startup/system_MCIMX7D_M4.c.obj
LOAD CMakeFiles/rpmsg_str_echo_rpmsglite_example.dir/home/neuberfran/projects/freertos-tn/examples/imx7d_pico_m4/pin_mux.c.obj
LOAD CMakeFiles/rpmsg_str_echo_rpmsglite_example.dir/home/neuberfran/projects/freertos-tn/examples/imx7d_pico_m4/board.c.obj
LOAD CMakeFiles/rpmsg_str_echo_rpmsglite_example.dir/home/neuberfran/projects/freertos-tn/examples/imx7d_pico_m4/clock_freq.c.obj
LOAD CMakeFiles/rpmsg_str_echo_rpmsglite_example.dir/home/neuberfran/projects/freertos-tn/examples/imx7d_pico_m4/demo_apps/rpmsg/str_echo_rpmsglite/hardware_init.c.obj
LOAD CMakeFiles/rpmsg_str_echo_rpmsglite_example.dir/home/neuberfran/projects/freertos-tn/platform/drivers/src/uart_imx.c.obj
LOAD CMakeFiles/rpmsg_str_echo_rpmsglite_example.dir/home/neuberfran/projects/freertos-tn/platform/drivers/src/mu_imx.c.obj
START GROUP
LOAD /home/neuberfran/neuber/gcc-arm-none-eabi-10.3-2021.10/bin/../lib/gcc/arm-none-eabi/10.3.1/../../../../arm-none-eabi/lib/thumb/v7e-m+fp/hard/libm.a
LOAD /home/neuberfran/neuber/gcc-arm-none-eabi-10.3-2021.10/bin/../lib/gcc/arm-none-eabi/10.3.1/../../../../arm-none-eabi/lib/thumb/v7e-m+fp/hard/libc_nano.a
LOAD /home/neuberfran/neuber/gcc-arm-none-eabi-10.3-2021.10/bin/../lib/gcc/arm-none-eabi/10.3.1/thumb/v7e-m+fp/hard/libgcc.a
LOAD /home/neuberfran/neuber/gcc-arm-none-eabi-10.3-2021.10/bin/../lib/gcc/arm-none-eabi/10.3.1/../../../../arm-none-eabi/lib/thumb/v7e-m+fp/hard/libnosys.a
END GROUP
START GROUP
LOAD /home/neuberfran/neuber/gcc-arm-none-eabi-10.3-2021.10/bin/../lib/gcc/arm-none-eabi/10.3.1/thumb/v7e-m+fp/hard/libgcc.a
LOAD /home/neuberfran/neuber/gcc-arm-none-eabi-10.3-2021.10/bin/../lib/gcc/arm-none-eabi/10.3.1/../../../../arm-none-eabi/lib/thumb/v7e-m+fp/hard/libc_nano.a
END GROUP
START GROUP
LOAD /home/neuberfran/neuber/gcc-arm-none-eabi-10.3-2021.10/bin/../lib/gcc/arm-none-eabi/10.3.1/thumb/v7e-m+fp/hard/libgcc.a
LOAD /home/neuberfran/neuber/gcc-arm-none-eabi-10.3-2021.10/bin/../lib/gcc/arm-none-eabi/10.3.1/../../../../arm-none-eabi/lib/thumb/v7e-m+fp/hard/libc_nano.a
LOAD /home/neuberfran/neuber/gcc-arm-none-eabi-10.3-2021.10/bin/../lib/gcc/arm-none-eabi/10.3.1/../../../../arm-none-eabi/lib/thumb/v7e-m+fp/hard/libnosys.a
END GROUP
START GROUP
LOAD /home/neuberfran/neuber/gcc-arm-none-eabi-10.3-2021.10/bin/../lib/gcc/arm-none-eabi/10.3.1/thumb/v7e-m+fp/hard/libgcc.a
LOAD /home/neuberfran/neuber/gcc-arm-none-eabi-10.3-2021.10/bin/../lib/gcc/arm-none-eabi/10.3.1/../../../../arm-none-eabi/lib/thumb/v7e-m+fp/hard/libc_nano.a
LOAD /home/neuberfran/neuber/gcc-arm-none-eabi-10.3-2021.10/bin/../lib/gcc/arm-none-eabi/10.3.1/../../../../arm-none-eabi/lib/thumb/v7e-m+fp/hard/libnosys.a
END GROUP
LOAD /home/neuberfran/neuber/gcc-arm-none-eabi-10.3-2021.10/bin/../lib/gcc/arm-none-eabi/10.3.1/thumb/v7e-m+fp/hard/crtend.o
LOAD /home/neuberfran/neuber/gcc-arm-none-eabi-10.3-2021.10/bin/../lib/gcc/arm-none-eabi/10.3.1/thumb/v7e-m+fp/hard/crtn.o
                0x0000000000000400                HEAP_SIZE = DEFINED (__heap_size__)?__heap_size__:0x400
                0x0000000000000400                STACK_SIZE = DEFINED (__stack_size__)?__stack_size__:0x400

.interrupts     0x000000001fff8000      0x240
                0x000000001fff8000                __VECTOR_TABLE = .
                0x000000001fff8000                . = ALIGN (0x4)
 *(.isr_vector)
 .isr_vector    0x000000001fff8000      0x240 CMakeFiles/rpmsg_str_echo_rpmsglite_example.dir/home/neuberfran/projects/freertos-tn/platform/devices/MCIMX7D/startup/gcc/startup_MCIMX7D_M4.S.obj
                0x000000001fff8000                __isr_vector
                0x000000001fff8240                . = ALIGN (0x4)

.text           0x000000001fff8240     0x3160
                0x000000001fff8240                . = ALIGN (0x4)
 *(.text)
 .text          0x000000001fff8240       0x40 /home/neuberfran/neuber/gcc-arm-none-eabi-10.3-2021.10/bin/../lib/gcc/arm-none-eabi/10.3.1/thumb/v7e-m+fp/hard/crtbegin.o
 .text          0x000000001fff8280       0x7c /home/neuberfran/neuber/gcc-arm-none-eabi-10.3-2021.10/bin/../lib/gcc/arm-none-eabi/10.3.1/../../../../arm-none-eabi/lib/thumb/v7e-m+fp/hard/crt0.o
                0x000000001fff8280                _stack_init
                0x000000001fff8288                _mainCRTStartup
                0x000000001fff8288                _start
 .text          0x000000001fff82fc       0x30 CMakeFiles/rpmsg_str_echo_rpmsglite_example.dir/home/neuberfran/projects/freertos-tn/platform/devices/MCIMX7D/startup/gcc/startup_MCIMX7D_M4.S.obj
                0x000000001fff82fc                Reset_Handler
                0x000000001fff8328                ENET2_MAC0_TRANS1_Handler
                0x000000001fff8328                SAI3_Handler
                0x000000001fff8328                DebugMon_Handler
                0x000000001fff8328                USB_OH3_OTG2_1_Handler
                0x000000001fff8328                GPIO3_INT31_16_Handler
                0x000000001fff8328                eCSPI4_Handler
                0x000000001fff8328                SIM2_Handler
                0x000000001fff8328                FLEXCAN1_Handler
                0x000000001fff8328                UART3_Handler
                0x000000001fff8328                UART2_Handler
                0x000000001fff8328                GPIO1_INT3_Handler
                0x000000001fff8328                HardFault_Handler
                0x000000001fff8328                SNVS_SECURITY_Handler
                0x000000001fff8328                SEMA4_HS_M4_Handler
                0x000000001fff8328                GPIO6_INT31_16_Handler
                0x000000001fff8328                SRC_Handler
                0x000000001fff8328                GPT2_Handler
                0x000000001fff8328                CCM2_Handler
                0x000000001fff8328                I2C1_Handler
                0x000000001fff8328                CPU_CTI_Handler
                0x000000001fff8328                NMI_Handler
                0x000000001fff8328                SAI1_Handler
                0x000000001fff8328                ENET2_MAC0_IRQ_Handler
                0x000000001fff8328                KPP_Handler
                0x000000001fff8328                USB_OTG1_Handler
                0x000000001fff8328                MIPI_CSI_Handler
                0x000000001fff8328                WDOG4_Handler
                0x000000001fff8328                Reserved9_Handler
                0x000000001fff8328                QSPI_Handler
                0x000000001fff8328                CAAM_QUEUE_Handler
                0x000000001fff8328                GPIO2_INT15_0_Handler
                0x000000001fff8328                PCIE_CTRL4_Handler
                0x000000001fff8328                uSDHC2_Handler
                0x000000001fff8328                GPIO1_INT6_Handler
                0x000000001fff8328                PCIE_CTRL_REQUEST_Handler
                0x000000001fff8328                SCTR1_Handler
                0x000000001fff8328                RDC_Handler
                0x000000001fff8328                EPDC_Handler
                0x000000001fff8328                CCM1_Handler
                0x000000001fff8328                UsageFault_Handler
                0x000000001fff8328                ADC1_Handler
                0x000000001fff8328                GPIO1_INT0_Handler
                0x000000001fff8328                Analog_brown_out_Handler
                0x000000001fff8328                PXP2_Handler
                0x000000001fff8328                SEMA4_HS_A7_Handler
                0x000000001fff8328                RTIC_Handler
                0x000000001fff8328                DefaultISR
                0x000000001fff8328                GPIO6_INT15_0_Handler
                0x000000001fff8328                SCTR2_Handler
                0x000000001fff8328                WDOG3_Handler
                0x000000001fff8328                USB_OH2_OTG_Handler
                0x000000001fff8328                SAI2_Handler
                0x000000001fff8328                GPIO3_INT15_0_Handler
                0x000000001fff8328                FTM2_Handler
                0x000000001fff8328                eCSPI1_Handler
                0x000000001fff8328                GPC_Handler
                0x000000001fff8328                GPIO1_INT15_0_Handler
                0x000000001fff8328                UART1_Handler
                0x000000001fff8328                ENET1_MAC0_TRANS2_Handler
                0x000000001fff8328                eCSPI3_Handler
                0x000000001fff8328                BCH_Handler
                0x000000001fff8328                CAAM_ERROR_Handler
                0x000000001fff8328                Analog_TempSensor_Handler
                0x000000001fff8328                PXP1_Handler
                0x000000001fff8328                SNVS_Handler
                0x000000001fff8328                GPT4_Handler
                0x000000001fff8328                GPIO5_INT15_0_Handler
                0x000000001fff8328                ENET2_MAC0_TRANS2_Handler
                0x000000001fff8328                GPMI_Handler
                0x000000001fff8328                I2C4_Handler
                0x000000001fff8328                CCM_SRC_GPC_Handler
                0x000000001fff8328                CPU_Handler
                0x000000001fff8328                UART4_Handler
                0x000000001fff8328                GPIO1_INT1_Handler
                0x000000001fff8328                uSDHC3_Handler
                0x000000001fff8328                EIM_Handler
                0x000000001fff8328                PWM1_Handler
                0x000000001fff8328                ENET2_1588_TIMER_IRQ_Handler
                0x000000001fff8328                UART6_Handler
                0x000000001fff8328                GPIO1_INT4_Handler
                0x000000001fff8328                GPIO1_INT31_16_Handler
                0x000000001fff8328                APBHDMA_Handler
                0x000000001fff8328                uSDHC1_Handler
                0x000000001fff8328                DBGMON_Handler
                0x000000001fff8328                UART7_Handler
                0x000000001fff8328                SDMA_Handler
                0x000000001fff8328                GPT1_Handler
                0x000000001fff8328                PWM3_Handler
                0x000000001fff8328                PCIE_CTRL2_Handler
                0x000000001fff8328                MemManage_Handler
                0x000000001fff8328                GPIO5_INT31_16_Handler
                0x000000001fff8328                TZASC1_Handler
                0x000000001fff8328                I2C2_Handler
                0x000000001fff8328                DAP_Handler
                0x000000001fff8328                GPIO4_INT15_0_Handler
                0x000000001fff8328                CSI_Handler
                0x000000001fff8328                eCSPI2_Handler
                0x000000001fff8328                ENET1_1588_TIMER_Handler
                0x000000001fff8328                WDOG2_Handler
                0x000000001fff8328                FLEXCAN2_Handler
                0x000000001fff8328                PCIE_CTRL1_Handler
                0x000000001fff8328                PCIE_CTRL3_Handler
                0x000000001fff8328                GPT3_Handler
                0x000000001fff8328                GPIO1_INT5_Handler
                0x000000001fff8328                CAAM_WRAPPER2_Handler
                0x000000001fff8328                SNVS_CONSOLIDATED_Handler
                0x000000001fff8328                CAAM_WRAPPER1_Handler
                0x000000001fff8328                GPIO4_INT31_16_Handler
                0x000000001fff8328                GPIO1_INT2_Handler
                0x000000001fff8328                LCDIF_Handler
                0x000000001fff8328                UART5_Handler
                0x000000001fff8328                PERFMON1_Handler
                0x000000001fff8328                GPIO1_INT7_Handler
                0x000000001fff8328                I2C3_Handler
                0x000000001fff8328                CSU_Handler
                0x000000001fff8328                MIPI_DSI_Handler
                0x000000001fff8328                PWM2_Handler
                0x000000001fff8328                GPR_Handler
                0x000000001fff8328                SIM1_Handler
                0x000000001fff8328                USB_OTG2_Handler
                0x000000001fff8328                ENET1_MAC0_TRANS1_Handler
                0x000000001fff8328                BusFault_Handler
                0x000000001fff8328                USB_OH3_OTG2_2_Handler
                0x000000001fff8328                ENET1_MAC0_Handler
                0x000000001fff8328                PERFMON2_Handler
                0x000000001fff8328                GPIO7_INT31_16_Handler
                0x000000001fff8328                PWM4_Handler
                0x000000001fff8328                GPIO2_INT31_16_Handler
                0x000000001fff8328                FTM1_Handler
                0x000000001fff8328                GPIO7_INT15_0_Handler
                0x000000001fff8328                WDOG1_Handler
                0x000000001fff8328                MU_A7_Handler
                0x000000001fff8328                ADC2_Handler
                0x000000001fff8328                TPR_Handler
 .text          0x000000001fff832c       0x10 /home/neuberfran/neuber/gcc-arm-none-eabi-10.3-2021.10/bin/../lib/gcc/arm-none-eabi/10.3.1/../../../../arm-none-eabi/lib/thumb/v7e-m+fp/hard/libc_nano.a(lib_a-strlen.o)
                0x000000001fff832c                strlen
 *fill*         0x000000001fff833c        0x4 
 .text          0x000000001fff8340       0xa0 /home/neuberfran/neuber/gcc-arm-none-eabi-10.3-2021.10/bin/../lib/gcc/arm-none-eabi/10.3.1/../../../../arm-none-eabi/lib/thumb/v7e-m+fp/hard/libc_nano.a(lib_a-memchr.o)
                0x000000001fff8340                memchr
 *(.text*)
 .text.prvPortStartFirstTask
                0x000000001fff83e0       0x1c CMakeFiles/rpmsg_str_echo_rpmsglite_example.dir/home/neuberfran/projects/freertos-tn/rtos/FreeRTOS/Source/portable/GCC/ARM_CM4F/port.c.obj
 .text.vPortEnableVFP
                0x000000001fff83fc       0x14 CMakeFiles/rpmsg_str_echo_rpmsglite_example.dir/home/neuberfran/projects/freertos-tn/rtos/FreeRTOS/Source/portable/GCC/ARM_CM4F/port.c.obj
 .text.pxPortInitialiseStack
                0x000000001fff8410       0x24 CMakeFiles/rpmsg_str_echo_rpmsglite_example.dir/home/neuberfran/projects/freertos-tn/rtos/FreeRTOS/Source/portable/GCC/ARM_CM4F/port.c.obj
                0x000000001fff8410                pxPortInitialiseStack
 .text.SVC_Handler
                0x000000001fff8434       0x20 CMakeFiles/rpmsg_str_echo_rpmsglite_example.dir/home/neuberfran/projects/freertos-tn/rtos/FreeRTOS/Source/portable/GCC/ARM_CM4F/port.c.obj
                0x000000001fff8434                SVC_Handler
 .text.vPortYield
                0x000000001fff8454       0x16 CMakeFiles/rpmsg_str_echo_rpmsglite_example.dir/home/neuberfran/projects/freertos-tn/rtos/FreeRTOS/Source/portable/GCC/ARM_CM4F/port.c.obj
                0x000000001fff8454                vPortYield
 .text.ulPortSetInterruptMask
                0x000000001fff846a       0x10 CMakeFiles/rpmsg_str_echo_rpmsglite_example.dir/home/neuberfran/projects/freertos-tn/rtos/FreeRTOS/Source/portable/GCC/ARM_CM4F/port.c.obj
                0x000000001fff846a                ulPortSetInterruptMask
 *fill*         0x000000001fff847a        0x2 
 .text.prvTaskExitError
                0x000000001fff847c       0x1c CMakeFiles/rpmsg_str_echo_rpmsglite_example.dir/home/neuberfran/projects/freertos-tn/rtos/FreeRTOS/Source/portable/GCC/ARM_CM4F/port.c.obj
 .text.vPortEnterCritical
                0x000000001fff8498       0x1c CMakeFiles/rpmsg_str_echo_rpmsglite_example.dir/home/neuberfran/projects/freertos-tn/rtos/FreeRTOS/Source/portable/GCC/ARM_CM4F/port.c.obj
                0x000000001fff8498                vPortEnterCritical
 .text.vPortClearInterruptMask
                0x000000001fff84b4        0x6 CMakeFiles/rpmsg_str_echo_rpmsglite_example.dir/home/neuberfran/projects/freertos-tn/rtos/FreeRTOS/Source/portable/GCC/ARM_CM4F/port.c.obj
                0x000000001fff84b4                vPortClearInterruptMask
 *fill*         0x000000001fff84ba        0x2 
 .text.vPortExitCritical
                0x000000001fff84bc       0x24 CMakeFiles/rpmsg_str_echo_rpmsglite_example.dir/home/neuberfran/projects/freertos-tn/rtos/FreeRTOS/Source/portable/GCC/ARM_CM4F/port.c.obj
                0x000000001fff84bc                vPortExitCritical
 .text.PendSV_Handler
                0x000000001fff84e0       0x58 CMakeFiles/rpmsg_str_echo_rpmsglite_example.dir/home/neuberfran/projects/freertos-tn/rtos/FreeRTOS/Source/portable/GCC/ARM_CM4F/port.c.obj
                0x000000001fff84e0                PendSV_Handler
 .text.SysTick_Handler
                0x000000001fff8538       0x22 CMakeFiles/rpmsg_str_echo_rpmsglite_example.dir/home/neuberfran/projects/freertos-tn/rtos/FreeRTOS/Source/portable/GCC/ARM_CM4F/port.c.obj
                0x000000001fff8538                SysTick_Handler
 *fill*         0x000000001fff855a        0x2 
 .text.vPortSetupTimerInterrupt
                0x000000001fff855c       0x14 CMakeFiles/rpmsg_str_echo_rpmsglite_example.dir/home/neuberfran/projects/freertos-tn/rtos/FreeRTOS/Source/portable/GCC/ARM_CM4F/port.c.obj
                0x000000001fff855c                vPortSetupTimerInterrupt
 .text.xPortStartScheduler
                0x000000001fff8570       0xac CMakeFiles/rpmsg_str_echo_rpmsglite_example.dir/home/neuberfran/projects/freertos-tn/rtos/FreeRTOS/Source/portable/GCC/ARM_CM4F/port.c.obj
                0x000000001fff8570                xPortStartScheduler
 .text.pvPortMalloc
                0x000000001fff861c       0xb4 CMakeFiles/rpmsg_str_echo_rpmsglite_example.dir/home/neuberfran/projects/freertos-tn/rtos/FreeRTOS/Source/portable/MemMang/heap_2.c.obj
                0x000000001fff861c                pvPortMalloc
 .text.vPortFree
                0x000000001fff86d0       0x44 CMakeFiles/rpmsg_str_echo_rpmsglite_example.dir/home/neuberfran/projects/freertos-tn/rtos/FreeRTOS/Source/portable/MemMang/heap_2.c.obj
                0x000000001fff86d0                vPortFree
 .text.StrEchoTask
                0x000000001fff8714       0x48 CMakeFiles/rpmsg_str_echo_rpmsglite_example.dir/home/neuberfran/projects/freertos-tn/examples/imx7d_pico_m4/demo_apps/rpmsg/str_echo_rpmsglite/str_echo_rpmsglite.c.obj
 .text.MU_M4_Handler
                0x000000001fff875c        0x2 CMakeFiles/rpmsg_str_echo_rpmsglite_example.dir/home/neuberfran/projects/freertos-tn/examples/imx7d_pico_m4/demo_apps/rpmsg/str_echo_rpmsglite/str_echo_rpmsglite.c.obj
                0x000000001fff875c                MU_M4_Handler
 *fill*         0x000000001fff875e        0x2 
 .text.startup.main
                0x000000001fff8760       0x50 CMakeFiles/rpmsg_str_echo_rpmsglite_example.dir/home/neuberfran/projects/freertos-tn/examples/imx7d_pico_m4/demo_apps/rpmsg/str_echo_rpmsglite/str_echo_rpmsglite.c.obj
                0x000000001fff8760                main
 .text.rpmsg_lite_tx_callback
                0x000000001fff87b0        0xc CMakeFiles/rpmsg_str_echo_rpmsglite_example.dir/home/neuberfran/projects/freertos-tn/middleware/multicore/open-amp/lib/rpmsg_lite/rpmsg_lite.c.obj
 .text.virtqueue_notify
                0x000000001fff87bc        0x8 CMakeFiles/rpmsg_str_echo_rpmsglite_example.dir/home/neuberfran/projects/freertos-tn/middleware/multicore/open-amp/lib/rpmsg_lite/rpmsg_lite.c.obj
 .text.vq_tx_remote
                0x000000001fff87c4        0xe CMakeFiles/rpmsg_str_echo_rpmsglite_example.dir/home/neuberfran/projects/freertos-tn/middleware/multicore/open-amp/lib/rpmsg_lite/rpmsg_lite.c.obj
 .text.vq_rx_free_remote
                0x000000001fff87d2        0x4 CMakeFiles/rpmsg_str_echo_rpmsglite_example.dir/home/neuberfran/projects/freertos-tn/middleware/multicore/open-amp/lib/rpmsg_lite/rpmsg_lite.c.obj
 .text.vq_tx_alloc_remote
                0x000000001fff87d6        0xa CMakeFiles/rpmsg_str_echo_rpmsglite_example.dir/home/neuberfran/projects/freertos-tn/middleware/multicore/open-amp/lib/rpmsg_lite/rpmsg_lite.c.obj
 .text.rpmsg_lite_get_endpoint_from_addr.isra.0
                0x000000001fff87e0       0x10 CMakeFiles/rpmsg_str_echo_rpmsglite_example.dir/home/neuberfran/projects/freertos-tn/middleware/multicore/open-amp/lib/rpmsg_lite/rpmsg_lite.c.obj
 .text.rpmsg_lite_rx_callback
                0x000000001fff87f0       0x56 CMakeFiles/rpmsg_str_echo_rpmsglite_example.dir/home/neuberfran/projects/freertos-tn/middleware/multicore/open-amp/lib/rpmsg_lite/rpmsg_lite.c.obj
 .text.vq_rx_remote
                0x000000001fff8846        0xa CMakeFiles/rpmsg_str_echo_rpmsglite_example.dir/home/neuberfran/projects/freertos-tn/middleware/multicore/open-amp/lib/rpmsg_lite/rpmsg_lite.c.obj
 .text.rpmsg_lite_is_link_up
                0x000000001fff8850        0x6 CMakeFiles/rpmsg_str_echo_rpmsglite_example.dir/home/neuberfran/projects/freertos-tn/middleware/multicore/open-amp/lib/rpmsg_lite/rpmsg_lite.c.obj
                0x000000001fff8850                rpmsg_lite_is_link_up
 *fill*         0x000000001fff8856        0x2 
 .text.rpmsg_lite_remote_init
                0x000000001fff8858      0x108 CMakeFiles/rpmsg_str_echo_rpmsglite_example.dir/home/neuberfran/projects/freertos-tn/middleware/multicore/open-amp/lib/rpmsg_lite/rpmsg_lite.c.obj
                0x000000001fff8858                rpmsg_lite_remote_init
 .text.env_init
                0x000000001fff8960       0x78 CMakeFiles/rpmsg_str_echo_rpmsglite_example.dir/home/neuberfran/projects/freertos-tn/middleware/multicore/open-amp/lib/rpmsg_lite/porting/environment/rpmsg_env_freertos.c.obj
                0x000000001fff8960                env_init
 .text.env_allocate_memory
                0x000000001fff89d8        0x4 CMakeFiles/rpmsg_str_echo_rpmsglite_example.dir/home/neuberfran/projects/freertos-tn/middleware/multicore/open-amp/lib/rpmsg_lite/porting/environment/rpmsg_env_freertos.c.obj
                0x000000001fff89d8                env_allocate_memory
 .text.env_free_memory
                0x000000001fff89dc        0x8 CMakeFiles/rpmsg_str_echo_rpmsglite_example.dir/home/neuberfran/projects/freertos-tn/middleware/multicore/open-amp/lib/rpmsg_lite/porting/environment/rpmsg_env_freertos.c.obj
                0x000000001fff89dc                env_free_memory
 .text.env_memset
                0x000000001fff89e4        0x4 CMakeFiles/rpmsg_str_echo_rpmsglite_example.dir/home/neuberfran/projects/freertos-tn/middleware/multicore/open-amp/lib/rpmsg_lite/porting/environment/rpmsg_env_freertos.c.obj
                0x000000001fff89e4                env_memset
 .text.env_create_mutex
                0x000000001fff89e8       0x16 CMakeFiles/rpmsg_str_echo_rpmsglite_example.dir/home/neuberfran/projects/freertos-tn/middleware/multicore/open-amp/lib/rpmsg_lite/porting/environment/rpmsg_env_freertos.c.obj
                0x000000001fff89e8                env_create_mutex
 .text.env_enable_interrupt
                0x000000001fff89fe        0x4 CMakeFiles/rpmsg_str_echo_rpmsglite_example.dir/home/neuberfran/projects/freertos-tn/middleware/multicore/open-amp/lib/rpmsg_lite/porting/environment/rpmsg_env_freertos.c.obj
                0x000000001fff89fe                env_enable_interrupt
 .text.env_disable_interrupt
                0x000000001fff8a02        0x4 CMakeFiles/rpmsg_str_echo_rpmsglite_example.dir/home/neuberfran/projects/freertos-tn/middleware/multicore/open-amp/lib/rpmsg_lite/porting/environment/rpmsg_env_freertos.c.obj
                0x000000001fff8a02                env_disable_interrupt
 .text.vListInitialise
                0x000000001fff8a06       0x16 CMakeFiles/rpmsg_str_echo_rpmsglite_example.dir/home/neuberfran/projects/freertos-tn/rtos/FreeRTOS/Source/list.c.obj
                0x000000001fff8a06                vListInitialise
 .text.vListInitialiseItem
                0x000000001fff8a1c        0x6 CMakeFiles/rpmsg_str_echo_rpmsglite_example.dir/home/neuberfran/projects/freertos-tn/rtos/FreeRTOS/Source/list.c.obj
                0x000000001fff8a1c                vListInitialiseItem
 .text.vListInsertEnd
                0x000000001fff8a22       0x16 CMakeFiles/rpmsg_str_echo_rpmsglite_example.dir/home/neuberfran/projects/freertos-tn/rtos/FreeRTOS/Source/list.c.obj
                0x000000001fff8a22                vListInsertEnd
 .text.vListInsert
                0x000000001fff8a38       0x2e CMakeFiles/rpmsg_str_echo_rpmsglite_example.dir/home/neuberfran/projects/freertos-tn/rtos/FreeRTOS/Source/list.c.obj
                0x000000001fff8a38                vListInsert
 .text.uxListRemove
                0x000000001fff8a66       0x22 CMakeFiles/rpmsg_str_echo_rpmsglite_example.dir/home/neuberfran/projects/freertos-tn/rtos/FreeRTOS/Source/list.c.obj
                0x000000001fff8a66                uxListRemove
 .text.prvCopyDataToQueue
                0x000000001fff8a88       0x5a CMakeFiles/rpmsg_str_echo_rpmsglite_example.dir/home/neuberfran/projects/freertos-tn/rtos/FreeRTOS/Source/queue.c.obj
 .text.prvCopyDataFromQueue
                0x000000001fff8ae2       0x24 CMakeFiles/rpmsg_str_echo_rpmsglite_example.dir/home/neuberfran/projects/freertos-tn/rtos/FreeRTOS/Source/queue.c.obj
 .text.prvUnlockQueue
                0x000000001fff8b06       0x6c CMakeFiles/rpmsg_str_echo_rpmsglite_example.dir/home/neuberfran/projects/freertos-tn/rtos/FreeRTOS/Source/queue.c.obj
 .text.xQueueGenericReset
                0x000000001fff8b72       0x62 CMakeFiles/rpmsg_str_echo_rpmsglite_example.dir/home/neuberfran/projects/freertos-tn/rtos/FreeRTOS/Source/queue.c.obj
                0x000000001fff8b72                xQueueGenericReset
 .text.xQueueGenericCreate
                0x000000001fff8bd4       0x3c CMakeFiles/rpmsg_str_echo_rpmsglite_example.dir/home/neuberfran/projects/freertos-tn/rtos/FreeRTOS/Source/queue.c.obj
                0x000000001fff8bd4                xQueueGenericCreate
 .text.xQueueCreateCountingSemaphore
                0x000000001fff8c10       0x2a CMakeFiles/rpmsg_str_echo_rpmsglite_example.dir/home/neuberfran/projects/freertos-tn/rtos/FreeRTOS/Source/queue.c.obj
                0x000000001fff8c10                xQueueCreateCountingSemaphore
 .text.xQueueGenericSend
                0x000000001fff8c3a      0x108 CMakeFiles/rpmsg_str_echo_rpmsglite_example.dir/home/neuberfran/projects/freertos-tn/rtos/FreeRTOS/Source/queue.c.obj
                0x000000001fff8c3a                xQueueGenericSend
 .text.xQueueGenericReceive
                0x000000001fff8d42      0x112 CMakeFiles/rpmsg_str_echo_rpmsglite_example.dir/home/neuberfran/projects/freertos-tn/rtos/FreeRTOS/Source/queue.c.obj
                0x000000001fff8d42                xQueueGenericReceive
 .text.prvIdleTask
                0x000000001fff8e54        0x2 CMakeFiles/rpmsg_str_echo_rpmsglite_example.dir/home/neuberfran/projects/freertos-tn/rtos/FreeRTOS/Source/tasks.c.obj
 *fill*         0x000000001fff8e56        0x2 
 .text.prvResetNextTaskUnblockTime
                0x000000001fff8e58       0x24 CMakeFiles/rpmsg_str_echo_rpmsglite_example.dir/home/neuberfran/projects/freertos-tn/rtos/FreeRTOS/Source/tasks.c.obj
 .text.prvAddCurrentTaskToDelayedList
                0x000000001fff8e7c       0x50 CMakeFiles/rpmsg_str_echo_rpmsglite_example.dir/home/neuberfran/projects/freertos-tn/rtos/FreeRTOS/Source/tasks.c.obj
 .text.xTaskGenericCreate.part.0.isra.0
                0x000000001fff8ecc      0x184 CMakeFiles/rpmsg_str_echo_rpmsglite_example.dir/home/neuberfran/projects/freertos-tn/rtos/FreeRTOS/Source/tasks.c.obj
 .text.xTaskGenericCreate
                0x000000001fff9050       0x1e CMakeFiles/rpmsg_str_echo_rpmsglite_example.dir/home/neuberfran/projects/freertos-tn/rtos/FreeRTOS/Source/tasks.c.obj
                0x000000001fff9050                xTaskGenericCreate
 *fill*         0x000000001fff906e        0x2 
 .text.vTaskStartScheduler
                0x000000001fff9070       0x50 CMakeFiles/rpmsg_str_echo_rpmsglite_example.dir/home/neuberfran/projects/freertos-tn/rtos/FreeRTOS/Source/tasks.c.obj
                0x000000001fff9070                vTaskStartScheduler
 .text.vTaskSuspendAll
                0x000000001fff90c0       0x10 CMakeFiles/rpmsg_str_echo_rpmsglite_example.dir/home/neuberfran/projects/freertos-tn/rtos/FreeRTOS/Source/tasks.c.obj
                0x000000001fff90c0                vTaskSuspendAll
 .text.xTaskIncrementTick
                0x000000001fff90d0      0x124 CMakeFiles/rpmsg_str_echo_rpmsglite_example.dir/home/neuberfran/projects/freertos-tn/rtos/FreeRTOS/Source/tasks.c.obj
                0x000000001fff90d0                xTaskIncrementTick
 .text.xTaskResumeAll
                0x000000001fff91f4       0xc8 CMakeFiles/rpmsg_str_echo_rpmsglite_example.dir/home/neuberfran/projects/freertos-tn/rtos/FreeRTOS/Source/tasks.c.obj
                0x000000001fff91f4                xTaskResumeAll
 .text.vTaskSwitchContext
                0x000000001fff92bc       0x6c CMakeFiles/rpmsg_str_echo_rpmsglite_example.dir/home/neuberfran/projects/freertos-tn/rtos/FreeRTOS/Source/tasks.c.obj
                0x000000001fff92bc                vTaskSwitchContext
 .text.vTaskPlaceOnEventList
                0x000000001fff9328       0x4c CMakeFiles/rpmsg_str_echo_rpmsglite_example.dir/home/neuberfran/projects/freertos-tn/rtos/FreeRTOS/Source/tasks.c.obj
                0x000000001fff9328                vTaskPlaceOnEventList
 .text.xTaskRemoveFromEventList
                0x000000001fff9374       0x7c CMakeFiles/rpmsg_str_echo_rpmsglite_example.dir/home/neuberfran/projects/freertos-tn/rtos/FreeRTOS/Source/tasks.c.obj
                0x000000001fff9374                xTaskRemoveFromEventList
 .text.vTaskSetTimeOutState
                0x000000001fff93f0       0x20 CMakeFiles/rpmsg_str_echo_rpmsglite_example.dir/home/neuberfran/projects/freertos-tn/rtos/FreeRTOS/Source/tasks.c.obj
                0x000000001fff93f0                vTaskSetTimeOutState
 .text.xTaskCheckForTimeOut
                0x000000001fff9410       0x5c CMakeFiles/rpmsg_str_echo_rpmsglite_example.dir/home/neuberfran/projects/freertos-tn/rtos/FreeRTOS/Source/tasks.c.obj
                0x000000001fff9410                xTaskCheckForTimeOut
 .text.vTaskMissedYield
                0x000000001fff946c        0xc CMakeFiles/rpmsg_str_echo_rpmsglite_example.dir/home/neuberfran/projects/freertos-tn/rtos/FreeRTOS/Source/tasks.c.obj
                0x000000001fff946c                vTaskMissedYield
 .text.CCM_ANALOG_GetSysPllFreq
                0x000000001fff9478       0x30 CMakeFiles/rpmsg_str_echo_rpmsglite_example.dir/home/neuberfran/projects/freertos-tn/platform/drivers/src/ccm_analog_imx7d.c.obj
                0x000000001fff9478                CCM_ANALOG_GetSysPllFreq
 .text.CCM_GetRootDivider
                0x000000001fff94a8       0x30 CMakeFiles/rpmsg_str_echo_rpmsglite_example.dir/home/neuberfran/projects/freertos-tn/platform/drivers/src/ccm_imx7d.c.obj
                0x000000001fff94a8                CCM_GetRootDivider
 .text.CCM_UpdateRoot
                0x000000001fff94d8       0x4c CMakeFiles/rpmsg_str_echo_rpmsglite_example.dir/home/neuberfran/projects/freertos-tn/platform/drivers/src/ccm_imx7d.c.obj
                0x000000001fff94d8                CCM_UpdateRoot
 .text.debug_putc
                0x000000001fff9524       0x28 CMakeFiles/rpmsg_str_echo_rpmsglite_example.dir/home/neuberfran/projects/freertos-tn/platform/utilities/src/debug_console_imx.c.obj
 .text.UART_ReceiveDataPolling
                0x000000001fff954c       0x24 CMakeFiles/rpmsg_str_echo_rpmsglite_example.dir/home/neuberfran/projects/freertos-tn/platform/utilities/src/debug_console_imx.c.obj
 .text.UART_SendDataPolling
                0x000000001fff9570       0x40 CMakeFiles/rpmsg_str_echo_rpmsglite_example.dir/home/neuberfran/projects/freertos-tn/platform/utilities/src/debug_console_imx.c.obj
 .text.DbgConsole_Init
                0x000000001fff95b0       0x54 CMakeFiles/rpmsg_str_echo_rpmsglite_example.dir/home/neuberfran/projects/freertos-tn/platform/utilities/src/debug_console_imx.c.obj
                0x000000001fff95b0                DbgConsole_Init
 .text._write   0x000000001fff9604       0x28 CMakeFiles/rpmsg_str_echo_rpmsglite_example.dir/home/neuberfran/projects/freertos-tn/platform/utilities/src/debug_console_imx.c.obj
                0x000000001fff9604                _write
 .text._read    0x000000001fff962c       0x20 CMakeFiles/rpmsg_str_echo_rpmsglite_example.dir/home/neuberfran/projects/freertos-tn/platform/utilities/src/debug_console_imx.c.obj
                0x000000001fff962c                _read
 .text.debug_printf
                0x000000001fff964c       0x38 CMakeFiles/rpmsg_str_echo_rpmsglite_example.dir/home/neuberfran/projects/freertos-tn/platform/utilities/src/debug_console_imx.c.obj
                0x000000001fff964c                debug_printf
 .text.mknumstr
                0x000000001fff9684       0x7c CMakeFiles/rpmsg_str_echo_rpmsglite_example.dir/home/neuberfran/projects/freertos-tn/platform/utilities/src/print_scan.c.obj
 .text.fput_pad.constprop.0
                0x000000001fff9700       0x26 CMakeFiles/rpmsg_str_echo_rpmsglite_example.dir/home/neuberfran/projects/freertos-tn/platform/utilities/src/print_scan.c.obj
 *fill*         0x000000001fff9726        0x2 
 .text._doprint
                0x000000001fff9728      0x40c CMakeFiles/rpmsg_str_echo_rpmsglite_example.dir/home/neuberfran/projects/freertos-tn/platform/utilities/src/print_scan.c.obj
                0x000000001fff9728                _doprint
 .text.SystemInit
                0x000000001fff9b34      0x108 CMakeFiles/rpmsg_str_echo_rpmsglite_example.dir/home/neuberfran/projects/freertos-tn/platform/devices/MCIMX7D/startup/system_MCIMX7D_M4.c.obj
                0x000000001fff9b34                SystemInit
 .text.configure_uart_pins
                0x000000001fff9c3c       0x78 CMakeFiles/rpmsg_str_echo_rpmsglite_example.dir/home/neuberfran/projects/freertos-tn/examples/imx7d_pico_m4/pin_mux.c.obj
                0x000000001fff9c3c                configure_uart_pins
 .text.BOARD_ClockInit
                0x000000001fff9cb4       0x7c CMakeFiles/rpmsg_str_echo_rpmsglite_example.dir/home/neuberfran/projects/freertos-tn/examples/imx7d_pico_m4/board.c.obj
                0x000000001fff9cb4                BOARD_ClockInit
 .text.dbg_uart_init
                0x000000001fff9d30       0x64 CMakeFiles/rpmsg_str_echo_rpmsglite_example.dir/home/neuberfran/projects/freertos-tn/examples/imx7d_pico_m4/board.c.obj
                0x000000001fff9d30                dbg_uart_init
 .text.BOARD_RdcInit
                0x000000001fff9d94       0x10 CMakeFiles/rpmsg_str_echo_rpmsglite_example.dir/home/neuberfran/projects/freertos-tn/examples/imx7d_pico_m4/board.c.obj
                0x000000001fff9d94                BOARD_RdcInit
 .text.get_uart_clock_freq
                0x000000001fff9da4       0xa4 CMakeFiles/rpmsg_str_echo_rpmsglite_example.dir/home/neuberfran/projects/freertos-tn/examples/imx7d_pico_m4/clock_freq.c.obj
                0x000000001fff9da4                get_uart_clock_freq
 .text.hardware_init
                0x000000001fff9e48       0x28 CMakeFiles/rpmsg_str_echo_rpmsglite_example.dir/home/neuberfran/projects/freertos-tn/examples/imx7d_pico_m4/demo_apps/rpmsg/str_echo_rpmsglite/hardware_init.c.obj
                0x000000001fff9e48                hardware_init
 .text.UART_Deinit
                0x000000001fff9e70       0x5e CMakeFiles/rpmsg_str_echo_rpmsglite_example.dir/home/neuberfran/projects/freertos-tn/platform/drivers/src/uart_imx.c.obj
                0x000000001fff9e70                UART_Deinit
 *fill*         0x000000001fff9ece        0x2 
 .text.UART_SetBaudRate
                0x000000001fff9ed0       0xc0 CMakeFiles/rpmsg_str_echo_rpmsglite_example.dir/home/neuberfran/projects/freertos-tn/platform/drivers/src/uart_imx.c.obj
                0x000000001fff9ed0                UART_SetBaudRate
 .text.UART_Init
                0x000000001fff9f90       0x60 CMakeFiles/rpmsg_str_echo_rpmsglite_example.dir/home/neuberfran/projects/freertos-tn/platform/drivers/src/uart_imx.c.obj
                0x000000001fff9f90                UART_Init
 .text.UART_GetStatusFlag
                0x000000001fff9ff0        0xe CMakeFiles/rpmsg_str_echo_rpmsglite_example.dir/home/neuberfran/projects/freertos-tn/platform/drivers/src/uart_imx.c.obj
                0x000000001fff9ff0                UART_GetStatusFlag
 *fill*         0x000000001fff9ffe        0x2 
 .text.__assert_func
                0x000000001fffa000       0x3c /home/neuberfran/neuber/gcc-arm-none-eabi-10.3-2021.10/bin/../lib/gcc/arm-none-eabi/10.3.1/../../../../arm-none-eabi/lib/thumb/v7e-m+fp/hard/libc_nano.a(lib_a-assert.o)
                0x000000001fffa000                __assert_func
 .text.exit     0x000000001fffa03c       0x28 /home/neuberfran/neuber/gcc-arm-none-eabi-10.3-2021.10/bin/../lib/gcc/arm-none-eabi/10.3.1/../../../../arm-none-eabi/lib/thumb/v7e-m+fp/hard/libc_nano.a(lib_a-exit.o)
                0x000000001fffa03c                exit
 .text.fprintf  0x000000001fffa064       0x24 /home/neuberfran/neuber/gcc-arm-none-eabi-10.3-2021.10/bin/../lib/gcc/arm-none-eabi/10.3.1/../../../../arm-none-eabi/lib/thumb/v7e-m+fp/hard/libc_nano.a(lib_a-fprintf.o)
                0x000000001fffa064                fprintf
                0x000000001fffa064                fiprintf
 .text.__libc_init_array
                0x000000001fffa088       0x48 /home/neuberfran/neuber/gcc-arm-none-eabi-10.3-2021.10/bin/../lib/gcc/arm-none-eabi/10.3.1/../../../../arm-none-eabi/lib/thumb/v7e-m+fp/hard/libc_nano.a(lib_a-init.o)
                0x000000001fffa088                __libc_init_array
 .text.memcpy   0x000000001fffa0d0       0x1c /home/neuberfran/neuber/gcc-arm-none-eabi-10.3-2021.10/bin/../lib/gcc/arm-none-eabi/10.3.1/../../../../arm-none-eabi/lib/thumb/v7e-m+fp/hard/libc_nano.a(lib_a-memcpy-stub.o)
                0x000000001fffa0d0                memcpy
 .text.memset   0x000000001fffa0ec       0x10 /home/neuberfran/neuber/gcc-arm-none-eabi-10.3-2021.10/bin/../lib/gcc/arm-none-eabi/10.3.1/../../../../arm-none-eabi/lib/thumb/v7e-m+fp/hard/libc_nano.a(lib_a-memset.o)
                0x000000001fffa0ec                memset
 .text.__sfputc_r
                0x000000001fffa0fc       0x2e /home/neuberfran/neuber/gcc-arm-none-eabi-10.3-2021.10/bin/../lib/gcc/arm-none-eabi/10.3.1/../../../../arm-none-eabi/lib/thumb/v7e-m+fp/hard/libc_nano.a(lib_a-nano-vfprintf.o)
 .text.__sfputs_r
                0x000000001fffa12a       0x24 /home/neuberfran/neuber/gcc-arm-none-eabi-10.3-2021.10/bin/../lib/gcc/arm-none-eabi/10.3.1/../../../../arm-none-eabi/lib/thumb/v7e-m+fp/hard/libc_nano.a(lib_a-nano-vfprintf.o)
                0x000000001fffa12a                __sfputs_r
 *fill*         0x000000001fffa14e        0x2 
 .text._vfprintf_r
                0x000000001fffa150      0x260 /home/neuberfran/neuber/gcc-arm-none-eabi-10.3-2021.10/bin/../lib/gcc/arm-none-eabi/10.3.1/../../../../arm-none-eabi/lib/thumb/v7e-m+fp/hard/libc_nano.a(lib_a-nano-vfprintf.o)
                0x000000001fffa150                _vfiprintf_r
                0x000000001fffa150                _vfprintf_r
 .text._printf_common
                0x000000001fffa3b0       0xda /home/neuberfran/neuber/gcc-arm-none-eabi-10.3-2021.10/bin/../lib/gcc/arm-none-eabi/10.3.1/../../../../arm-none-eabi/lib/thumb/v7e-m+fp/hard/libc_nano.a(lib_a-nano-vfprintf_i.o)
                0x000000001fffa3b0                _printf_common
 *fill*         0x000000001fffa48a        0x2 
 .text._printf_i
                0x000000001fffa48c      0x24c /home/neuberfran/neuber/gcc-arm-none-eabi-10.3-2021.10/bin/../lib/gcc/arm-none-eabi/10.3.1/../../../../arm-none-eabi/lib/thumb/v7e-m+fp/hard/libc_nano.a(lib_a-nano-vfprintf_i.o)
                0x000000001fffa48c                _printf_i
 .text.printf   0x000000001fffa6d8       0x30 /home/neuberfran/neuber/gcc-arm-none-eabi-10.3-2021.10/bin/../lib/gcc/arm-none-eabi/10.3.1/../../../../arm-none-eabi/lib/thumb/v7e-m+fp/hard/libc_nano.a(lib_a-printf.o)
                0x000000001fffa6d8                printf
                0x000000001fffa6d8                iprintf
 .text.__swbuf_r
                0x000000001fffa708       0xa4 /home/neuberfran/neuber/gcc-arm-none-eabi-10.3-2021.10/bin/../lib/gcc/arm-none-eabi/10.3.1/../../../../arm-none-eabi/lib/thumb/v7e-m+fp/hard/libc_nano.a(lib_a-wbuf.o)
                0x000000001fffa708                __swbuf_r
 .text.__swsetup_r
                0x000000001fffa7ac       0xdc /home/neuberfran/neuber/gcc-arm-none-eabi-10.3-2021.10/bin/../lib/gcc/arm-none-eabi/10.3.1/../../../../arm-none-eabi/lib/thumb/v7e-m+fp/hard/libc_nano.a(lib_a-wsetup.o)
                0x000000001fffa7ac                __swsetup_r
 .text.abort    0x000000001fffa888        0xe /home/neuberfran/neuber/gcc-arm-none-eabi-10.3-2021.10/bin/../lib/gcc/arm-none-eabi/10.3.1/../../../../arm-none-eabi/lib/thumb/v7e-m+fp/hard/libc_nano.a(lib_a-abort.o)
                0x000000001fffa888                abort
 *fill*         0x000000001fffa896        0x2 
 .text.__sflush_r
                0x000000001fffa898      0x10c /home/neuberfran/neuber/gcc-arm-none-eabi-10.3-2021.10/bin/../lib/gcc/arm-none-eabi/10.3.1/../../../../arm-none-eabi/lib/thumb/v7e-m+fp/hard/libc_nano.a(lib_a-fflush.o)
                0x000000001fffa898                __sflush_r
 .text._fflush_r
                0x000000001fffa9a4       0x78 /home/neuberfran/neuber/gcc-arm-none-eabi-10.3-2021.10/bin/../lib/gcc/arm-none-eabi/10.3.1/../../../../arm-none-eabi/lib/thumb/v7e-m+fp/hard/libc_nano.a(lib_a-fflush.o)
                0x000000001fffa9a4                _fflush_r
 .text.std      0x000000001fffaa1c       0x48 /home/neuberfran/neuber/gcc-arm-none-eabi-10.3-2021.10/bin/../lib/gcc/arm-none-eabi/10.3.1/../../../../arm-none-eabi/lib/thumb/v7e-m+fp/hard/libc_nano.a(lib_a-findfp.o)
 .text._cleanup_r
                0x000000001fffaa64        0xc /home/neuberfran/neuber/gcc-arm-none-eabi-10.3-2021.10/bin/../lib/gcc/arm-none-eabi/10.3.1/../../../../arm-none-eabi/lib/thumb/v7e-m+fp/hard/libc_nano.a(lib_a-findfp.o)
                0x000000001fffaa64                _cleanup_r
 .text.__sfmoreglue
                0x000000001fffaa70       0x2c /home/neuberfran/neuber/gcc-arm-none-eabi-10.3-2021.10/bin/../lib/gcc/arm-none-eabi/10.3.1/../../../../arm-none-eabi/lib/thumb/v7e-m+fp/hard/libc_nano.a(lib_a-findfp.o)
                0x000000001fffaa70                __sfmoreglue
 .text.__sfp_lock_acquire
                0x000000001fffaa9c        0xc /home/neuberfran/neuber/gcc-arm-none-eabi-10.3-2021.10/bin/../lib/gcc/arm-none-eabi/10.3.1/../../../../arm-none-eabi/lib/thumb/v7e-m+fp/hard/libc_nano.a(lib_a-findfp.o)
                0x000000001fffaa9c                __sfp_lock_acquire
 .text.__sfp_lock_release
                0x000000001fffaaa8        0xc /home/neuberfran/neuber/gcc-arm-none-eabi-10.3-2021.10/bin/../lib/gcc/arm-none-eabi/10.3.1/../../../../arm-none-eabi/lib/thumb/v7e-m+fp/hard/libc_nano.a(lib_a-findfp.o)
                0x000000001fffaaa8                __sfp_lock_release
 .text.__sinit_lock_acquire
                0x000000001fffaab4        0xc /home/neuberfran/neuber/gcc-arm-none-eabi-10.3-2021.10/bin/../lib/gcc/arm-none-eabi/10.3.1/../../../../arm-none-eabi/lib/thumb/v7e-m+fp/hard/libc_nano.a(lib_a-findfp.o)
                0x000000001fffaab4                __sinit_lock_acquire
 .text.__sinit_lock_release
                0x000000001fffaac0        0xc /home/neuberfran/neuber/gcc-arm-none-eabi-10.3-2021.10/bin/../lib/gcc/arm-none-eabi/10.3.1/../../../../arm-none-eabi/lib/thumb/v7e-m+fp/hard/libc_nano.a(lib_a-findfp.o)
                0x000000001fffaac0                __sinit_lock_release
 .text.__sinit  0x000000001fffaacc       0x70 /home/neuberfran/neuber/gcc-arm-none-eabi-10.3-2021.10/bin/../lib/gcc/arm-none-eabi/10.3.1/../../../../arm-none-eabi/lib/thumb/v7e-m+fp/hard/libc_nano.a(lib_a-findfp.o)
                0x000000001fffaacc                __sinit
 .text.__sfp    0x000000001fffab3c       0x8c /home/neuberfran/neuber/gcc-arm-none-eabi-10.3-2021.10/bin/../lib/gcc/arm-none-eabi/10.3.1/../../../../arm-none-eabi/lib/thumb/v7e-m+fp/hard/libc_nano.a(lib_a-findfp.o)
                0x000000001fffab3c                __sfp
 .text._fwalk_reent
                0x000000001fffabc8       0x3e /home/neuberfran/neuber/gcc-arm-none-eabi-10.3-2021.10/bin/../lib/gcc/arm-none-eabi/10.3.1/../../../../arm-none-eabi/lib/thumb/v7e-m+fp/hard/libc_nano.a(lib_a-fwalk.o)
                0x000000001fffabc8                _fwalk_reent
 .text.__retarget_lock_init_recursive
                0x000000001fffac06        0x2 /home/neuberfran/neuber/gcc-arm-none-eabi-10.3-2021.10/bin/../lib/gcc/arm-none-eabi/10.3.1/../../../../arm-none-eabi/lib/thumb/v7e-m+fp/hard/libc_nano.a(lib_a-lock.o)
                0x000000001fffac06                __retarget_lock_init_recursive
 .text.__retarget_lock_acquire_recursive
                0x000000001fffac08        0x2 /home/neuberfran/neuber/gcc-arm-none-eabi-10.3-2021.10/bin/../lib/gcc/arm-none-eabi/10.3.1/../../../../arm-none-eabi/lib/thumb/v7e-m+fp/hard/libc_nano.a(lib_a-lock.o)
                0x000000001fffac08                __retarget_lock_acquire_recursive
 .text.__retarget_lock_release_recursive
                0x000000001fffac0a        0x2 /home/neuberfran/neuber/gcc-arm-none-eabi-10.3-2021.10/bin/../lib/gcc/arm-none-eabi/10.3.1/../../../../arm-none-eabi/lib/thumb/v7e-m+fp/hard/libc_nano.a(lib_a-lock.o)
                0x000000001fffac0a                __retarget_lock_release_recursive
 .text.__swhatbuf_r
                0x000000001fffac0c       0x4a /home/neuberfran/neuber/gcc-arm-none-eabi-10.3-2021.10/bin/../lib/gcc/arm-none-eabi/10.3.1/../../../../arm-none-eabi/lib/thumb/v7e-m+fp/hard/libc_nano.a(lib_a-makebuf.o)
                0x000000001fffac0c                __swhatbuf_r
 *fill*         0x000000001fffac56        0x2 
 .text.__smakebuf_r
                0x000000001fffac58       0x80 /home/neuberfran/neuber/gcc-arm-none-eabi-10.3-2021.10/bin/../lib/gcc/arm-none-eabi/10.3.1/../../../../arm-none-eabi/lib/thumb/v7e-m+fp/hard/libc_nano.a(lib_a-makebuf.o)
                0x000000001fffac58                __smakebuf_r
 .text._free_r  0x000000001fffacd8       0x98 /home/neuberfran/neuber/gcc-arm-none-eabi-10.3-2021.10/bin/../lib/gcc/arm-none-eabi/10.3.1/../../../../arm-none-eabi/lib/thumb/v7e-m+fp/hard/libc_nano.a(lib_a-nano-freer.o)
                0x000000001fffacd8                _free_r
 .text.sbrk_aligned
                0x000000001fffad70       0x40 /home/neuberfran/neuber/gcc-arm-none-eabi-10.3-2021.10/bin/../lib/gcc/arm-none-eabi/10.3.1/../../../../arm-none-eabi/lib/thumb/v7e-m+fp/hard/libc_nano.a(lib_a-nano-mallocr.o)
 .text._malloc_r
                0x000000001fffadb0       0xe8 /home/neuberfran/neuber/gcc-arm-none-eabi-10.3-2021.10/bin/../lib/gcc/arm-none-eabi/10.3.1/../../../../arm-none-eabi/lib/thumb/v7e-m+fp/hard/libc_nano.a(lib_a-nano-mallocr.o)
                0x000000001fffadb0                _malloc_r
 .text._sbrk_r  0x000000001fffae98       0x20 /home/neuberfran/neuber/gcc-arm-none-eabi-10.3-2021.10/bin/../lib/gcc/arm-none-eabi/10.3.1/../../../../arm-none-eabi/lib/thumb/v7e-m+fp/hard/libc_nano.a(lib_a-sbrkr.o)
                0x000000001fffae98                _sbrk_r
 .text._raise_r
                0x000000001fffaeb8       0x50 /home/neuberfran/neuber/gcc-arm-none-eabi-10.3-2021.10/bin/../lib/gcc/arm-none-eabi/10.3.1/../../../../arm-none-eabi/lib/thumb/v7e-m+fp/hard/libc_nano.a(lib_a-signal.o)
                0x000000001fffaeb8                _raise_r
 .text.raise    0x000000001fffaf08       0x10 /home/neuberfran/neuber/gcc-arm-none-eabi-10.3-2021.10/bin/../lib/gcc/arm-none-eabi/10.3.1/../../../../arm-none-eabi/lib/thumb/v7e-m+fp/hard/libc_nano.a(lib_a-signal.o)
                0x000000001fffaf08                raise
 .text._kill_r  0x000000001fffaf18       0x24 /home/neuberfran/neuber/gcc-arm-none-eabi-10.3-2021.10/bin/../lib/gcc/arm-none-eabi/10.3.1/../../../../arm-none-eabi/lib/thumb/v7e-m+fp/hard/libc_nano.a(lib_a-signalr.o)
                0x000000001fffaf18                _kill_r
 .text._getpid_r
                0x000000001fffaf3c        0x4 /home/neuberfran/neuber/gcc-arm-none-eabi-10.3-2021.10/bin/../lib/gcc/arm-none-eabi/10.3.1/../../../../arm-none-eabi/lib/thumb/v7e-m+fp/hard/libc_nano.a(lib_a-signalr.o)
                0x000000001fffaf3c                _getpid_r
 .text.__sread  0x000000001fffaf40       0x22 /home/neuberfran/neuber/gcc-arm-none-eabi-10.3-2021.10/bin/../lib/gcc/arm-none-eabi/10.3.1/../../../../arm-none-eabi/lib/thumb/v7e-m+fp/hard/libc_nano.a(lib_a-stdio.o)
                0x000000001fffaf40                __sread
 .text.__swrite
                0x000000001fffaf62       0x38 /home/neuberfran/neuber/gcc-arm-none-eabi-10.3-2021.10/bin/../lib/gcc/arm-none-eabi/10.3.1/../../../../arm-none-eabi/lib/thumb/v7e-m+fp/hard/libc_nano.a(lib_a-stdio.o)
                0x000000001fffaf62                __swrite
 .text.__sseek  0x000000001fffaf9a       0x24 /home/neuberfran/neuber/gcc-arm-none-eabi-10.3-2021.10/bin/../lib/gcc/arm-none-eabi/10.3.1/../../../../arm-none-eabi/lib/thumb/v7e-m+fp/hard/libc_nano.a(lib_a-stdio.o)
                0x000000001fffaf9a                __sseek
 .text.__sclose
                0x000000001fffafbe        0x8 /home/neuberfran/neuber/gcc-arm-none-eabi-10.3-2021.10/bin/../lib/gcc/arm-none-eabi/10.3.1/../../../../arm-none-eabi/lib/thumb/v7e-m+fp/hard/libc_nano.a(lib_a-stdio.o)
                0x000000001fffafbe                __sclose
 *fill*         0x000000001fffafc6        0x2 
 .text._write_r
                0x000000001fffafc8       0x24 /home/neuberfran/neuber/gcc-arm-none-eabi-10.3-2021.10/bin/../lib/gcc/arm-none-eabi/10.3.1/../../../../arm-none-eabi/lib/thumb/v7e-m+fp/hard/libc_nano.a(lib_a-writer.o)
                0x000000001fffafc8                _write_r
 .text._close_r
                0x000000001fffafec       0x20 /home/neuberfran/neuber/gcc-arm-none-eabi-10.3-2021.10/bin/../lib/gcc/arm-none-eabi/10.3.1/../../../../arm-none-eabi/lib/thumb/v7e-m+fp/hard/libc_nano.a(lib_a-closer.o)
                0x000000001fffafec                _close_r
 .text._fstat_r
                0x000000001fffb00c       0x24 /home/neuberfran/neuber/gcc-arm-none-eabi-10.3-2021.10/bin/../lib/gcc/arm-none-eabi/10.3.1/../../../../arm-none-eabi/lib/thumb/v7e-m+fp/hard/libc_nano.a(lib_a-fstatr.o)
                0x000000001fffb00c                _fstat_r
 .text._isatty_r
                0x000000001fffb030       0x20 /home/neuberfran/neuber/gcc-arm-none-eabi-10.3-2021.10/bin/../lib/gcc/arm-none-eabi/10.3.1/../../../../arm-none-eabi/lib/thumb/v7e-m+fp/hard/libc_nano.a(lib_a-isattyr.o)
                0x000000001fffb030                _isatty_r
 .text._lseek_r
                0x000000001fffb050       0x24 /home/neuberfran/neuber/gcc-arm-none-eabi-10.3-2021.10/bin/../lib/gcc/arm-none-eabi/10.3.1/../../../../arm-none-eabi/lib/thumb/v7e-m+fp/hard/libc_nano.a(lib_a-lseekr.o)
                0x000000001fffb050                _lseek_r
 .text.__malloc_lock
                0x000000001fffb074        0xc /home/neuberfran/neuber/gcc-arm-none-eabi-10.3-2021.10/bin/../lib/gcc/arm-none-eabi/10.3.1/../../../../arm-none-eabi/lib/thumb/v7e-m+fp/hard/libc_nano.a(lib_a-mlock.o)
                0x000000001fffb074                __malloc_lock
 .text.__malloc_unlock
                0x000000001fffb080        0xc /home/neuberfran/neuber/gcc-arm-none-eabi-10.3-2021.10/bin/../lib/gcc/arm-none-eabi/10.3.1/../../../../arm-none-eabi/lib/thumb/v7e-m+fp/hard/libc_nano.a(lib_a-mlock.o)
                0x000000001fffb080                __malloc_unlock
 .text._read_r  0x000000001fffb08c       0x24 /home/neuberfran/neuber/gcc-arm-none-eabi-10.3-2021.10/bin/../lib/gcc/arm-none-eabi/10.3.1/../../../../arm-none-eabi/lib/thumb/v7e-m+fp/hard/libc_nano.a(lib_a-readr.o)
                0x000000001fffb08c                _read_r
 .text._close   0x000000001fffb0b0       0x10 /home/neuberfran/neuber/gcc-arm-none-eabi-10.3-2021.10/bin/../lib/gcc/arm-none-eabi/10.3.1/../../../../arm-none-eabi/lib/thumb/v7e-m+fp/hard/libnosys.a(close.o)
                0x000000001fffb0b0                _close
 .text._fstat   0x000000001fffb0c0       0x10 /home/neuberfran/neuber/gcc-arm-none-eabi-10.3-2021.10/bin/../lib/gcc/arm-none-eabi/10.3.1/../../../../arm-none-eabi/lib/thumb/v7e-m+fp/hard/libnosys.a(fstat.o)
                0x000000001fffb0c0                _fstat
 .text._getpid  0x000000001fffb0d0       0x10 /home/neuberfran/neuber/gcc-arm-none-eabi-10.3-2021.10/bin/../lib/gcc/arm-none-eabi/10.3.1/../../../../arm-none-eabi/lib/thumb/v7e-m+fp/hard/libnosys.a(getpid.o)
                0x000000001fffb0d0                _getpid
 .text._isatty  0x000000001fffb0e0       0x10 /home/neuberfran/neuber/gcc-arm-none-eabi-10.3-2021.10/bin/../lib/gcc/arm-none-eabi/10.3.1/../../../../arm-none-eabi/lib/thumb/v7e-m+fp/hard/libnosys.a(isatty.o)
                0x000000001fffb0e0                _isatty
 .text._kill    0x000000001fffb0f0       0x10 /home/neuberfran/neuber/gcc-arm-none-eabi-10.3-2021.10/bin/../lib/gcc/arm-none-eabi/10.3.1/../../../../arm-none-eabi/lib/thumb/v7e-m+fp/hard/libnosys.a(kill.o)
                0x000000001fffb0f0                _kill
 .text._lseek   0x000000001fffb100       0x10 /home/neuberfran/neuber/gcc-arm-none-eabi-10.3-2021.10/bin/../lib/gcc/arm-none-eabi/10.3.1/../../../../arm-none-eabi/lib/thumb/v7e-m+fp/hard/libnosys.a(lseek.o)
                0x000000001fffb100                _lseek
 .text._sbrk    0x000000001fffb110       0x1c /home/neuberfran/neuber/gcc-arm-none-eabi-10.3-2021.10/bin/../lib/gcc/arm-none-eabi/10.3.1/../../../../arm-none-eabi/lib/thumb/v7e-m+fp/hard/libnosys.a(sbrk.o)
                0x000000001fffb110                _sbrk
 .text._exit    0x000000001fffb12c        0x4 /home/neuberfran/neuber/gcc-arm-none-eabi-10.3-2021.10/bin/../lib/gcc/arm-none-eabi/10.3.1/../../../../arm-none-eabi/lib/thumb/v7e-m+fp/hard/libnosys.a(_exit.o)
                0x000000001fffb12c                _exit
 *(.rodata)
 *(.rodata*)
 .rodata.StrEchoTask.str1.1
                0x000000001fffb130       0x65 CMakeFiles/rpmsg_str_echo_rpmsglite_example.dir/home/neuberfran/projects/freertos-tn/examples/imx7d_pico_m4/demo_apps/rpmsg/str_echo_rpmsglite/str_echo_rpmsglite.c.obj
 .rodata.main.str1.1
                0x000000001fffb195       0x11 CMakeFiles/rpmsg_str_echo_rpmsglite_example.dir/home/neuberfran/projects/freertos-tn/examples/imx7d_pico_m4/demo_apps/rpmsg/str_echo_rpmsglite/str_echo_rpmsglite.c.obj
 .rodata.rpmsg_lite_master_init.str1.1
                0x000000001fffb1a6        0xc CMakeFiles/rpmsg_str_echo_rpmsglite_example.dir/home/neuberfran/projects/freertos-tn/middleware/multicore/open-amp/lib/rpmsg_lite/rpmsg_lite.c.obj
 *fill*         0x000000001fffb1b2        0x2 
 .rodata.remote_vq_ops
                0x000000001fffb1b4       0x10 CMakeFiles/rpmsg_str_echo_rpmsglite_example.dir/home/neuberfran/projects/freertos-tn/middleware/multicore/open-amp/lib/rpmsg_lite/rpmsg_lite.c.obj
 .rodata.vTaskStartScheduler.str1.1
                0x000000001fffb1c4        0x5 CMakeFiles/rpmsg_str_echo_rpmsglite_example.dir/home/neuberfran/projects/freertos-tn/rtos/FreeRTOS/Source/tasks.c.obj
 .rodata.CCM_SetRootDivider.str1.1
                0x000000001fffb1c9       0x59 CMakeFiles/rpmsg_str_echo_rpmsglite_example.dir/home/neuberfran/projects/freertos-tn/platform/drivers/src/ccm_imx7d.c.obj
 .rodata.CCM_GetRootDivider.str1.1
                0x000000001fffb222        0xc CMakeFiles/rpmsg_str_echo_rpmsglite_example.dir/home/neuberfran/projects/freertos-tn/platform/drivers/src/ccm_imx7d.c.obj
 .rodata.__func__.0
                0x000000001fffb22e        0xf CMakeFiles/rpmsg_str_echo_rpmsglite_example.dir/home/neuberfran/projects/freertos-tn/platform/drivers/src/ccm_imx7d.c.obj
 .rodata.__func__.1
                0x000000001fffb23d       0x13 CMakeFiles/rpmsg_str_echo_rpmsglite_example.dir/home/neuberfran/projects/freertos-tn/platform/drivers/src/ccm_imx7d.c.obj
 .rodata.UART_Init.str1.1
                0x000000001fffb250       0x51 CMakeFiles/rpmsg_str_echo_rpmsglite_example.dir/home/neuberfran/projects/freertos-tn/platform/drivers/src/uart_imx.c.obj
 .rodata.CSWTCH.7
                0x000000001fffb2a1        0x6 CMakeFiles/rpmsg_str_echo_rpmsglite_example.dir/home/neuberfran/projects/freertos-tn/platform/drivers/src/uart_imx.c.obj
 .rodata.__func__.4
                0x000000001fffb2a7        0xa CMakeFiles/rpmsg_str_echo_rpmsglite_example.dir/home/neuberfran/projects/freertos-tn/platform/drivers/src/uart_imx.c.obj
 .rodata.__assert_func.str1.1
                0x000000001fffb2b1       0x3c /home/neuberfran/neuber/gcc-arm-none-eabi-10.3-2021.10/bin/../lib/gcc/arm-none-eabi/10.3.1/../../../../arm-none-eabi/lib/thumb/v7e-m+fp/hard/libc_nano.a(lib_a-assert.o)
                                         0x3d (size before relaxing)
 *fill*         0x000000001fffb2ed        0x3 
 .rodata._global_impure_ptr
                0x000000001fffb2f0        0x4 /home/neuberfran/neuber/gcc-arm-none-eabi-10.3-2021.10/bin/../lib/gcc/arm-none-eabi/10.3.1/../../../../arm-none-eabi/lib/thumb/v7e-m+fp/hard/libc_nano.a(lib_a-impure.o)
                0x000000001fffb2f0                _global_impure_ptr
 .rodata._vfprintf_r.str1.1
                0x000000001fffb2f4       0x11 /home/neuberfran/neuber/gcc-arm-none-eabi-10.3-2021.10/bin/../lib/gcc/arm-none-eabi/10.3.1/../../../../arm-none-eabi/lib/thumb/v7e-m+fp/hard/libc_nano.a(lib_a-nano-vfprintf.o)
 .rodata._printf_i.str1.1
                0x000000001fffb305       0x22 /home/neuberfran/neuber/gcc-arm-none-eabi-10.3-2021.10/bin/../lib/gcc/arm-none-eabi/10.3.1/../../../../arm-none-eabi/lib/thumb/v7e-m+fp/hard/libc_nano.a(lib_a-nano-vfprintf_i.o)
 *fill*         0x000000001fffb327        0x1 
 .rodata.__sf_fake_stderr
                0x000000001fffb328       0x20 /home/neuberfran/neuber/gcc-arm-none-eabi-10.3-2021.10/bin/../lib/gcc/arm-none-eabi/10.3.1/../../../../arm-none-eabi/lib/thumb/v7e-m+fp/hard/libc_nano.a(lib_a-findfp.o)
                0x000000001fffb328                __sf_fake_stderr
 .rodata.__sf_fake_stdin
                0x000000001fffb348       0x20 /home/neuberfran/neuber/gcc-arm-none-eabi-10.3-2021.10/bin/../lib/gcc/arm-none-eabi/10.3.1/../../../../arm-none-eabi/lib/thumb/v7e-m+fp/hard/libc_nano.a(lib_a-findfp.o)
                0x000000001fffb348                __sf_fake_stdin
 .rodata.__sf_fake_stdout
                0x000000001fffb368       0x20 /home/neuberfran/neuber/gcc-arm-none-eabi-10.3-2021.10/bin/../lib/gcc/arm-none-eabi/10.3.1/../../../../arm-none-eabi/lib/thumb/v7e-m+fp/hard/libc_nano.a(lib_a-findfp.o)
                0x000000001fffb368                __sf_fake_stdout
 *(.glue_7)
 .glue_7        0x000000001fffb388        0x0 linker stubs
 *(.glue_7t)
 .glue_7t       0x000000001fffb388        0x0 linker stubs
 *(.eh_frame)
 .eh_frame      0x000000001fffb388        0x0 /home/neuberfran/neuber/gcc-arm-none-eabi-10.3-2021.10/bin/../lib/gcc/arm-none-eabi/10.3.1/thumb/v7e-m+fp/hard/crtbegin.o
 *(.init)
 .init          0x000000001fffb388        0x4 /home/neuberfran/neuber/gcc-arm-none-eabi-10.3-2021.10/bin/../lib/gcc/arm-none-eabi/10.3.1/thumb/v7e-m+fp/hard/crti.o
                0x000000001fffb388                _init
 .init          0x000000001fffb38c        0x8 /home/neuberfran/neuber/gcc-arm-none-eabi-10.3-2021.10/bin/../lib/gcc/arm-none-eabi/10.3.1/thumb/v7e-m+fp/hard/crtn.o
 *(.fini)
 .fini          0x000000001fffb394        0x4 /home/neuberfran/neuber/gcc-arm-none-eabi-10.3-2021.10/bin/../lib/gcc/arm-none-eabi/10.3.1/thumb/v7e-m+fp/hard/crti.o
                0x000000001fffb394                _fini
 .fini          0x000000001fffb398        0x8 /home/neuberfran/neuber/gcc-arm-none-eabi-10.3-2021.10/bin/../lib/gcc/arm-none-eabi/10.3.1/thumb/v7e-m+fp/hard/crtn.o
                0x000000001fffb3a0                . = ALIGN (0x4)

.vfp11_veneer   0x000000001fffb3a0        0x0
 .vfp11_veneer  0x000000001fffb3a0        0x0 linker stubs

.v4_bx          0x000000001fffb3a0        0x0
 .v4_bx         0x000000001fffb3a0        0x0 linker stubs

.iplt           0x000000001fffb3a0        0x0
 .iplt          0x000000001fffb3a0        0x0 /home/neuberfran/neuber/gcc-arm-none-eabi-10.3-2021.10/bin/../lib/gcc/arm-none-eabi/10.3.1/thumb/v7e-m+fp/hard/crtbegin.o

.ARM.extab
 *(.ARM.extab* .gnu.linkonce.armextab.*)

.ARM            0x000000001fffb3a0        0x8
                0x000000001fffb3a0                __exidx_start = .
 *(.ARM.exidx*)
 .ARM.exidx     0x000000001fffb3a0        0x8 /home/neuberfran/neuber/gcc-arm-none-eabi-10.3-2021.10/bin/../lib/gcc/arm-none-eabi/10.3.1/../../../../arm-none-eabi/lib/thumb/v7e-m+fp/hard/crt0.o
                                         0x10 (size before relaxing)
                0x000000001fffb3a8                __exidx_end = .

.rel.dyn        0x000000001fffb3a8        0x0
 .rel.iplt      0x000000001fffb3a8        0x0 /home/neuberfran/neuber/gcc-arm-none-eabi-10.3-2021.10/bin/../lib/gcc/arm-none-eabi/10.3.1/thumb/v7e-m+fp/hard/crtbegin.o

.ctors          0x000000001fffb3a8        0x0
                0x000000001fffb3a8                __CTOR_LIST__ = .
 *crtbegin.o(.ctors)
 *crtbegin?.o(.ctors)
 *(EXCLUDE_FILE(*crtend.o *crtend?.o) .ctors)
 *(SORT_BY_NAME(.ctors.*))
 *(.ctors)
                0x000000001fffb3a8                __CTOR_END__ = .

.dtors          0x000000001fffb3a8        0x0
                0x000000001fffb3a8                __DTOR_LIST__ = .
 *crtbegin.o(.dtors)
 *crtbegin?.o(.dtors)
 *(EXCLUDE_FILE(*crtend.o *crtend?.o) .dtors)
 *(SORT_BY_NAME(.dtors.*))
 *(.dtors)
                0x000000001fffb3a8                __DTOR_END__ = .

.preinit_array  0x000000001fffb3a8        0x0
                0x000000001fffb3a8                PROVIDE (__preinit_array_start = .)
 *(.preinit_array*)
                0x000000001fffb3a8                PROVIDE (__preinit_array_end = .)

.init_array     0x000000001fffb3a8        0x4
                0x000000001fffb3a8                PROVIDE (__init_array_start = .)
 *(SORT_BY_NAME(.init_array.*))
 *(.init_array*)
 .init_array    0x000000001fffb3a8        0x4 /home/neuberfran/neuber/gcc-arm-none-eabi-10.3-2021.10/bin/../lib/gcc/arm-none-eabi/10.3.1/thumb/v7e-m+fp/hard/crtbegin.o
                0x000000001fffb3ac                PROVIDE (__init_array_end = .)

.fini_array     0x000000001fffb3ac        0x4
                [!provide]                        PROVIDE (__fini_array_start = .)
 *(SORT_BY_NAME(.fini_array.*))
 *(.fini_array*)
 .fini_array    0x000000001fffb3ac        0x4 /home/neuberfran/neuber/gcc-arm-none-eabi-10.3-2021.10/bin/../lib/gcc/arm-none-eabi/10.3.1/thumb/v7e-m+fp/hard/crtbegin.o
                [!provide]                        PROVIDE (__fini_array_end = .)
                0x000000001fffb3b0                __etext = .
                0x000000001fffb3b0                __DATA_ROM = .

.data           0x0000000020000000       0x70 load address 0x000000001fffb3b0
                0x0000000020000000                . = ALIGN (0x4)
                0x0000000020000000                __DATA_RAM = .
                0x0000000020000000                __data_start__ = .
 *(.data)
 *(.data*)
 .data.uxCriticalNesting
                0x0000000020000000        0x4 CMakeFiles/rpmsg_str_echo_rpmsglite_example.dir/home/neuberfran/projects/freertos-tn/rtos/FreeRTOS/Source/portable/GCC/ARM_CM4F/port.c.obj
 .data.xFreeBytesRemaining
                0x0000000020000004        0x4 CMakeFiles/rpmsg_str_echo_rpmsglite_example.dir/home/neuberfran/projects/freertos-tn/rtos/FreeRTOS/Source/portable/MemMang/heap_2.c.obj
 .data.xNextTaskUnblockTime
                0x0000000020000008        0x4 CMakeFiles/rpmsg_str_echo_rpmsglite_example.dir/home/neuberfran/projects/freertos-tn/rtos/FreeRTOS/Source/tasks.c.obj
 .data._impure_ptr
                0x000000002000000c        0x4 /home/neuberfran/neuber/gcc-arm-none-eabi-10.3-2021.10/bin/../lib/gcc/arm-none-eabi/10.3.1/../../../../arm-none-eabi/lib/thumb/v7e-m+fp/hard/libc_nano.a(lib_a-impure.o)
                0x000000002000000c                _impure_ptr
 .data.impure_data
                0x0000000020000010       0x60 /home/neuberfran/neuber/gcc-arm-none-eabi-10.3-2021.10/bin/../lib/gcc/arm-none-eabi/10.3.1/../../../../arm-none-eabi/lib/thumb/v7e-m+fp/hard/libc_nano.a(lib_a-impure.o)
 *(.jcr*)
                0x0000000020000070                . = ALIGN (0x4)
                0x0000000020000070                __data_end__ = .
                0x000000001fffb420                __DATA_END = (__DATA_ROM + (__data_end__ - __data_start__))
                0x0000000020000000                text_end = (ORIGIN (m_text) + LENGTH (m_text))
                0x0000000000000001                ASSERT ((__DATA_END <= text_end), region m_text overflowed with text and data)

.igot.plt       0x0000000020000070        0x0 load address 0x000000001fffb420
 .igot.plt      0x0000000020000070        0x0 /home/neuberfran/neuber/gcc-arm-none-eabi-10.3-2021.10/bin/../lib/gcc/arm-none-eabi/10.3.1/thumb/v7e-m+fp/hard/crtbegin.o

.bss            0x0000000020000070     0x51c8 load address 0x000000001fffb420
                0x0000000020000070                . = ALIGN (0x4)
                0x0000000020000070                __START_BSS = .
                0x0000000020000070                __bss_start__ = .
 *(.bss)
 .bss           0x0000000020000070       0x1c /home/neuberfran/neuber/gcc-arm-none-eabi-10.3-2021.10/bin/../lib/gcc/arm-none-eabi/10.3.1/thumb/v7e-m+fp/hard/crtbegin.o
 *(.bss*)
 .bss.ucMaxSysCallPriority
                0x000000002000008c        0x1 CMakeFiles/rpmsg_str_echo_rpmsglite_example.dir/home/neuberfran/projects/freertos-tn/rtos/FreeRTOS/Source/portable/GCC/ARM_CM4F/port.c.obj
 *fill*         0x000000002000008d        0x3 
 .bss.ulMaxPRIGROUPValue
                0x0000000020000090        0x4 CMakeFiles/rpmsg_str_echo_rpmsglite_example.dir/home/neuberfran/projects/freertos-tn/rtos/FreeRTOS/Source/portable/GCC/ARM_CM4F/port.c.obj
 .bss.ucHeap    0x0000000020000094     0x5000 CMakeFiles/rpmsg_str_echo_rpmsglite_example.dir/home/neuberfran/projects/freertos-tn/rtos/FreeRTOS/Source/portable/MemMang/heap_2.c.obj
 .bss.xEnd      0x0000000020005094        0x8 CMakeFiles/rpmsg_str_echo_rpmsglite_example.dir/home/neuberfran/projects/freertos-tn/rtos/FreeRTOS/Source/portable/MemMang/heap_2.c.obj
 .bss.xHeapHasBeenInitialised.0
                0x000000002000509c        0x4 CMakeFiles/rpmsg_str_echo_rpmsglite_example.dir/home/neuberfran/projects/freertos-tn/rtos/FreeRTOS/Source/portable/MemMang/heap_2.c.obj
 .bss.xStart    0x00000000200050a0        0x8 CMakeFiles/rpmsg_str_echo_rpmsglite_example.dir/home/neuberfran/projects/freertos-tn/rtos/FreeRTOS/Source/portable/MemMang/heap_2.c.obj
 .bss.env_init_counter
                0x00000000200050a8        0x4 CMakeFiles/rpmsg_str_echo_rpmsglite_example.dir/home/neuberfran/projects/freertos-tn/middleware/multicore/open-amp/lib/rpmsg_lite/porting/environment/rpmsg_env_freertos.c.obj
 .bss.env_sema  0x00000000200050ac        0x4 CMakeFiles/rpmsg_str_echo_rpmsglite_example.dir/home/neuberfran/projects/freertos-tn/middleware/multicore/open-amp/lib/rpmsg_lite/porting/environment/rpmsg_env_freertos.c.obj
                0x00000000200050ac                env_sema
 .bss.isr_table
                0x00000000200050b0       0x80 CMakeFiles/rpmsg_str_echo_rpmsglite_example.dir/home/neuberfran/projects/freertos-tn/middleware/multicore/open-amp/lib/rpmsg_lite/porting/environment/rpmsg_env_freertos.c.obj
 .bss.pxCurrentTCB
                0x0000000020005130        0x4 CMakeFiles/rpmsg_str_echo_rpmsglite_example.dir/home/neuberfran/projects/freertos-tn/rtos/FreeRTOS/Source/tasks.c.obj
                0x0000000020005130                pxCurrentTCB
 .bss.pxDelayedTaskList
                0x0000000020005134        0x4 CMakeFiles/rpmsg_str_echo_rpmsglite_example.dir/home/neuberfran/projects/freertos-tn/rtos/FreeRTOS/Source/tasks.c.obj
 .bss.pxOverflowDelayedTaskList
                0x0000000020005138        0x4 CMakeFiles/rpmsg_str_echo_rpmsglite_example.dir/home/neuberfran/projects/freertos-tn/rtos/FreeRTOS/Source/tasks.c.obj
 .bss.pxReadyTasksLists
                0x000000002000513c       0x64 CMakeFiles/rpmsg_str_echo_rpmsglite_example.dir/home/neuberfran/projects/freertos-tn/rtos/FreeRTOS/Source/tasks.c.obj
 .bss.uxCurrentNumberOfTasks
                0x00000000200051a0        0x4 CMakeFiles/rpmsg_str_echo_rpmsglite_example.dir/home/neuberfran/projects/freertos-tn/rtos/FreeRTOS/Source/tasks.c.obj
 .bss.uxPendedTicks
                0x00000000200051a4        0x4 CMakeFiles/rpmsg_str_echo_rpmsglite_example.dir/home/neuberfran/projects/freertos-tn/rtos/FreeRTOS/Source/tasks.c.obj
 .bss.uxSchedulerSuspended
                0x00000000200051a8        0x4 CMakeFiles/rpmsg_str_echo_rpmsglite_example.dir/home/neuberfran/projects/freertos-tn/rtos/FreeRTOS/Source/tasks.c.obj
 .bss.uxTaskNumber
                0x00000000200051ac        0x4 CMakeFiles/rpmsg_str_echo_rpmsglite_example.dir/home/neuberfran/projects/freertos-tn/rtos/FreeRTOS/Source/tasks.c.obj
 .bss.uxTopReadyPriority
                0x00000000200051b0        0x4 CMakeFiles/rpmsg_str_echo_rpmsglite_example.dir/home/neuberfran/projects/freertos-tn/rtos/FreeRTOS/Source/tasks.c.obj
 .bss.xDelayedTaskList1
                0x00000000200051b4       0x14 CMakeFiles/rpmsg_str_echo_rpmsglite_example.dir/home/neuberfran/projects/freertos-tn/rtos/FreeRTOS/Source/tasks.c.obj
 .bss.xDelayedTaskList2
                0x00000000200051c8       0x14 CMakeFiles/rpmsg_str_echo_rpmsglite_example.dir/home/neuberfran/projects/freertos-tn/rtos/FreeRTOS/Source/tasks.c.obj
 .bss.xNumOfOverflows
                0x00000000200051dc        0x4 CMakeFiles/rpmsg_str_echo_rpmsglite_example.dir/home/neuberfran/projects/freertos-tn/rtos/FreeRTOS/Source/tasks.c.obj
 .bss.xPendingReadyList
                0x00000000200051e0       0x14 CMakeFiles/rpmsg_str_echo_rpmsglite_example.dir/home/neuberfran/projects/freertos-tn/rtos/FreeRTOS/Source/tasks.c.obj
 .bss.xSchedulerRunning
                0x00000000200051f4        0x4 CMakeFiles/rpmsg_str_echo_rpmsglite_example.dir/home/neuberfran/projects/freertos-tn/rtos/FreeRTOS/Source/tasks.c.obj
 .bss.xSuspendedTaskList
                0x00000000200051f8       0x14 CMakeFiles/rpmsg_str_echo_rpmsglite_example.dir/home/neuberfran/projects/freertos-tn/rtos/FreeRTOS/Source/tasks.c.obj
 .bss.xTickCount
                0x000000002000520c        0x4 CMakeFiles/rpmsg_str_echo_rpmsglite_example.dir/home/neuberfran/projects/freertos-tn/rtos/FreeRTOS/Source/tasks.c.obj
 .bss.xYieldPending
                0x0000000020005210        0x4 CMakeFiles/rpmsg_str_echo_rpmsglite_example.dir/home/neuberfran/projects/freertos-tn/rtos/FreeRTOS/Source/tasks.c.obj
 .bss.s_debugConsole
                0x0000000020005214       0x10 CMakeFiles/rpmsg_str_echo_rpmsglite_example.dir/home/neuberfran/projects/freertos-tn/platform/utilities/src/debug_console_imx.c.obj
 .bss.__lock___malloc_recursive_mutex
                0x0000000020005224        0x1 /home/neuberfran/neuber/gcc-arm-none-eabi-10.3-2021.10/bin/../lib/gcc/arm-none-eabi/10.3.1/../../../../arm-none-eabi/lib/thumb/v7e-m+fp/hard/libc_nano.a(lib_a-lock.o)
                0x0000000020005224                __lock___malloc_recursive_mutex
 .bss.__lock___sfp_recursive_mutex
                0x0000000020005225        0x1 /home/neuberfran/neuber/gcc-arm-none-eabi-10.3-2021.10/bin/../lib/gcc/arm-none-eabi/10.3.1/../../../../arm-none-eabi/lib/thumb/v7e-m+fp/hard/libc_nano.a(lib_a-lock.o)
                0x0000000020005225                __lock___sfp_recursive_mutex
 .bss.__lock___sinit_recursive_mutex
                0x0000000020005226        0x1 /home/neuberfran/neuber/gcc-arm-none-eabi-10.3-2021.10/bin/../lib/gcc/arm-none-eabi/10.3.1/../../../../arm-none-eabi/lib/thumb/v7e-m+fp/hard/libc_nano.a(lib_a-lock.o)
                0x0000000020005226                __lock___sinit_recursive_mutex
 *fill*         0x0000000020005227        0x1 
 .bss.__malloc_free_list
                0x0000000020005228        0x4 /home/neuberfran/neuber/gcc-arm-none-eabi-10.3-2021.10/bin/../lib/gcc/arm-none-eabi/10.3.1/../../../../arm-none-eabi/lib/thumb/v7e-m+fp/hard/libc_nano.a(lib_a-nano-mallocr.o)
                0x0000000020005228                __malloc_free_list
 .bss.__malloc_sbrk_start
                0x000000002000522c        0x4 /home/neuberfran/neuber/gcc-arm-none-eabi-10.3-2021.10/bin/../lib/gcc/arm-none-eabi/10.3.1/../../../../arm-none-eabi/lib/thumb/v7e-m+fp/hard/libc_nano.a(lib_a-nano-mallocr.o)
                0x000000002000522c                __malloc_sbrk_start
 .bss.errno     0x0000000020005230        0x4 /home/neuberfran/neuber/gcc-arm-none-eabi-10.3-2021.10/bin/../lib/gcc/arm-none-eabi/10.3.1/../../../../arm-none-eabi/lib/thumb/v7e-m+fp/hard/libc_nano.a(lib_a-reent.o)
                0x0000000020005230                errno
 .bss.heap_end.0
                0x0000000020005234        0x4 /home/neuberfran/neuber/gcc-arm-none-eabi-10.3-2021.10/bin/../lib/gcc/arm-none-eabi/10.3.1/../../../../arm-none-eabi/lib/thumb/v7e-m+fp/hard/libnosys.a(sbrk.o)
 *(COMMON)
                0x0000000020005238                . = ALIGN (0x4)
                0x0000000020005238                __bss_end__ = .
                0x0000000020005238                __END_BSS = .

.heap           0x0000000020005238      0x400 load address 0x00000000200005e8
                0x0000000020005238                . = ALIGN (0x8)
                0x0000000020005238                __end__ = .
                0x0000000020005238                PROVIDE (end = .)
                0x0000000020005238                __HeapBase = .
                0x0000000020005638                . = (. + HEAP_SIZE)
 *fill*         0x0000000020005238      0x400 
                0x0000000020005638                __HeapLimit = .

.stack          0x0000000020005638      0x400 load address 0x00000000200009e8
                0x0000000020005638                . = ALIGN (0x8)
                0x0000000020005a38                . = (. + STACK_SIZE)
 *fill*         0x0000000020005638      0x400 
                0x0000000020008000                __StackTop = (ORIGIN (m_data) + LENGTH (m_data))
                0x0000000020007c00                __StackLimit = (__StackTop - STACK_SIZE)
                0x0000000020008000                PROVIDE (__stack = __StackTop)

.ARM.attributes
                0x0000000000000000       0x30
 *(.ARM.attributes)
 .ARM.attributes
                0x0000000000000000       0x1e /home/neuberfran/neuber/gcc-arm-none-eabi-10.3-2021.10/bin/../lib/gcc/arm-none-eabi/10.3.1/thumb/v7e-m+fp/hard/crti.o
 .ARM.attributes
                0x000000000000001e       0x34 /home/neuberfran/neuber/gcc-arm-none-eabi-10.3-2021.10/bin/../lib/gcc/arm-none-eabi/10.3.1/thumb/v7e-m+fp/hard/crtbegin.o
 .ARM.attributes
                0x0000000000000052       0x1c /home/neuberfran/neuber/gcc-arm-none-eabi-10.3-2021.10/bin/../lib/gcc/arm-none-eabi/10.3.1/../../../../arm-none-eabi/lib/thumb/v7e-m+fp/hard/crt0.o
 .ARM.attributes
                0x000000000000006e       0x34 CMakeFiles/rpmsg_str_echo_rpmsglite_example.dir/home/neuberfran/projects/freertos-tn/rtos/FreeRTOS/Source/portable/GCC/ARM_CM4F/port.c.obj
 .ARM.attributes
                0x00000000000000a2       0x1f CMakeFiles/rpmsg_str_echo_rpmsglite_example.dir/home/neuberfran/projects/freertos-tn/platform/devices/MCIMX7D/startup/gcc/startup_MCIMX7D_M4.S.obj
 .ARM.attributes
                0x00000000000000c1       0x34 CMakeFiles/rpmsg_str_echo_rpmsglite_example.dir/home/neuberfran/projects/freertos-tn/rtos/FreeRTOS/Source/portable/MemMang/heap_2.c.obj
 .ARM.attributes
                0x00000000000000f5       0x34 CMakeFiles/rpmsg_str_echo_rpmsglite_example.dir/home/neuberfran/projects/freertos-tn/examples/imx7d_pico_m4/demo_apps/rpmsg/str_echo_rpmsglite/str_echo_rpmsglite.c.obj
 .ARM.attributes
                0x0000000000000129       0x34 CMakeFiles/rpmsg_str_echo_rpmsglite_example.dir/home/neuberfran/projects/freertos-tn/middleware/multicore/open-amp/lib/rpmsg_lite/rpmsg_lite.c.obj
 .ARM.attributes
                0x000000000000015d       0x34 CMakeFiles/rpmsg_str_echo_rpmsglite_example.dir/home/neuberfran/projects/freertos-tn/middleware/multicore/open-amp/lib/rpmsg_lite/porting/environment/rpmsg_env_freertos.c.obj
 .ARM.attributes
                0x0000000000000191       0x34 CMakeFiles/rpmsg_str_echo_rpmsglite_example.dir/home/neuberfran/projects/freertos-tn/rtos/FreeRTOS/Source/list.c.obj
 .ARM.attributes
                0x00000000000001c5       0x34 CMakeFiles/rpmsg_str_echo_rpmsglite_example.dir/home/neuberfran/projects/freertos-tn/rtos/FreeRTOS/Source/queue.c.obj
 .ARM.attributes
                0x00000000000001f9       0x34 CMakeFiles/rpmsg_str_echo_rpmsglite_example.dir/home/neuberfran/projects/freertos-tn/rtos/FreeRTOS/Source/tasks.c.obj
 .ARM.attributes
                0x000000000000022d       0x34 CMakeFiles/rpmsg_str_echo_rpmsglite_example.dir/home/neuberfran/projects/freertos-tn/platform/drivers/src/ccm_analog_imx7d.c.obj
 .ARM.attributes
                0x0000000000000261       0x34 CMakeFiles/rpmsg_str_echo_rpmsglite_example.dir/home/neuberfran/projects/freertos-tn/platform/drivers/src/ccm_imx7d.c.obj
 .ARM.attributes
                0x0000000000000295       0x34 CMakeFiles/rpmsg_str_echo_rpmsglite_example.dir/home/neuberfran/projects/freertos-tn/platform/utilities/src/debug_console_imx.c.obj
 .ARM.attributes
                0x00000000000002c9       0x34 CMakeFiles/rpmsg_str_echo_rpmsglite_example.dir/home/neuberfran/projects/freertos-tn/platform/utilities/src/print_scan.c.obj
 .ARM.attributes
                0x00000000000002fd       0x34 CMakeFiles/rpmsg_str_echo_rpmsglite_example.dir/home/neuberfran/projects/freertos-tn/platform/devices/MCIMX7D/startup/system_MCIMX7D_M4.c.obj
 .ARM.attributes
                0x0000000000000331       0x34 CMakeFiles/rpmsg_str_echo_rpmsglite_example.dir/home/neuberfran/projects/freertos-tn/examples/imx7d_pico_m4/pin_mux.c.obj
 .ARM.attributes
                0x0000000000000365       0x34 CMakeFiles/rpmsg_str_echo_rpmsglite_example.dir/home/neuberfran/projects/freertos-tn/examples/imx7d_pico_m4/board.c.obj
 .ARM.attributes
                0x0000000000000399       0x34 CMakeFiles/rpmsg_str_echo_rpmsglite_example.dir/home/neuberfran/projects/freertos-tn/examples/imx7d_pico_m4/clock_freq.c.obj
 .ARM.attributes
                0x00000000000003cd       0x34 CMakeFiles/rpmsg_str_echo_rpmsglite_example.dir/home/neuberfran/projects/freertos-tn/examples/imx7d_pico_m4/demo_apps/rpmsg/str_echo_rpmsglite/hardware_init.c.obj
 .ARM.attributes
                0x0000000000000401       0x34 CMakeFiles/rpmsg_str_echo_rpmsglite_example.dir/home/neuberfran/projects/freertos-tn/platform/drivers/src/uart_imx.c.obj
 .ARM.attributes
                0x0000000000000435       0x34 /home/neuberfran/neuber/gcc-arm-none-eabi-10.3-2021.10/bin/../lib/gcc/arm-none-eabi/10.3.1/../../../../arm-none-eabi/lib/thumb/v7e-m+fp/hard/libc_nano.a(lib_a-assert.o)
 .ARM.attributes
                0x0000000000000469       0x34 /home/neuberfran/neuber/gcc-arm-none-eabi-10.3-2021.10/bin/../lib/gcc/arm-none-eabi/10.3.1/../../../../arm-none-eabi/lib/thumb/v7e-m+fp/hard/libc_nano.a(lib_a-exit.o)
 .ARM.attributes
                0x000000000000049d       0x34 /home/neuberfran/neuber/gcc-arm-none-eabi-10.3-2021.10/bin/../lib/gcc/arm-none-eabi/10.3.1/../../../../arm-none-eabi/lib/thumb/v7e-m+fp/hard/libc_nano.a(lib_a-fprintf.o)
 .ARM.attributes
                0x00000000000004d1       0x34 /home/neuberfran/neuber/gcc-arm-none-eabi-10.3-2021.10/bin/../lib/gcc/arm-none-eabi/10.3.1/../../../../arm-none-eabi/lib/thumb/v7e-m+fp/hard/libc_nano.a(lib_a-impure.o)
 .ARM.attributes
                0x0000000000000505       0x34 /home/neuberfran/neuber/gcc-arm-none-eabi-10.3-2021.10/bin/../lib/gcc/arm-none-eabi/10.3.1/../../../../arm-none-eabi/lib/thumb/v7e-m+fp/hard/libc_nano.a(lib_a-init.o)
 .ARM.attributes
                0x0000000000000539       0x34 /home/neuberfran/neuber/gcc-arm-none-eabi-10.3-2021.10/bin/../lib/gcc/arm-none-eabi/10.3.1/../../../../arm-none-eabi/lib/thumb/v7e-m+fp/hard/libc_nano.a(lib_a-memcpy-stub.o)
 .ARM.attributes
                0x000000000000056d       0x34 /home/neuberfran/neuber/gcc-arm-none-eabi-10.3-2021.10/bin/../lib/gcc/arm-none-eabi/10.3.1/../../../../arm-none-eabi/lib/thumb/v7e-m+fp/hard/libc_nano.a(lib_a-memset.o)
 .ARM.attributes
                0x00000000000005a1       0x34 /home/neuberfran/neuber/gcc-arm-none-eabi-10.3-2021.10/bin/../lib/gcc/arm-none-eabi/10.3.1/../../../../arm-none-eabi/lib/thumb/v7e-m+fp/hard/libc_nano.a(lib_a-nano-vfprintf.o)
 .ARM.attributes
                0x00000000000005d5       0x34 /home/neuberfran/neuber/gcc-arm-none-eabi-10.3-2021.10/bin/../lib/gcc/arm-none-eabi/10.3.1/../../../../arm-none-eabi/lib/thumb/v7e-m+fp/hard/libc_nano.a(lib_a-nano-vfprintf_i.o)
 .ARM.attributes
                0x0000000000000609       0x34 /home/neuberfran/neuber/gcc-arm-none-eabi-10.3-2021.10/bin/../lib/gcc/arm-none-eabi/10.3.1/../../../../arm-none-eabi/lib/thumb/v7e-m+fp/hard/libc_nano.a(lib_a-printf.o)
 .ARM.attributes
                0x000000000000063d       0x17 /home/neuberfran/neuber/gcc-arm-none-eabi-10.3-2021.10/bin/../lib/gcc/arm-none-eabi/10.3.1/../../../../arm-none-eabi/lib/thumb/v7e-m+fp/hard/libc_nano.a(lib_a-strlen.o)
 .ARM.attributes
                0x0000000000000654       0x34 /home/neuberfran/neuber/gcc-arm-none-eabi-10.3-2021.10/bin/../lib/gcc/arm-none-eabi/10.3.1/../../../../arm-none-eabi/lib/thumb/v7e-m+fp/hard/libc_nano.a(lib_a-wbuf.o)
 .ARM.attributes
                0x0000000000000688       0x34 /home/neuberfran/neuber/gcc-arm-none-eabi-10.3-2021.10/bin/../lib/gcc/arm-none-eabi/10.3.1/../../../../arm-none-eabi/lib/thumb/v7e-m+fp/hard/libc_nano.a(lib_a-wsetup.o)
 .ARM.attributes
                0x00000000000006bc       0x34 /home/neuberfran/neuber/gcc-arm-none-eabi-10.3-2021.10/bin/../lib/gcc/arm-none-eabi/10.3.1/../../../../arm-none-eabi/lib/thumb/v7e-m+fp/hard/libc_nano.a(lib_a-abort.o)
 .ARM.attributes
                0x00000000000006f0       0x34 /home/neuberfran/neuber/gcc-arm-none-eabi-10.3-2021.10/bin/../lib/gcc/arm-none-eabi/10.3.1/../../../../arm-none-eabi/lib/thumb/v7e-m+fp/hard/libc_nano.a(lib_a-fflush.o)
 .ARM.attributes
                0x0000000000000724       0x34 /home/neuberfran/neuber/gcc-arm-none-eabi-10.3-2021.10/bin/../lib/gcc/arm-none-eabi/10.3.1/../../../../arm-none-eabi/lib/thumb/v7e-m+fp/hard/libc_nano.a(lib_a-findfp.o)
 .ARM.attributes
                0x0000000000000758       0x34 /home/neuberfran/neuber/gcc-arm-none-eabi-10.3-2021.10/bin/../lib/gcc/arm-none-eabi/10.3.1/../../../../arm-none-eabi/lib/thumb/v7e-m+fp/hard/libc_nano.a(lib_a-fwalk.o)
 .ARM.attributes
                0x000000000000078c       0x34 /home/neuberfran/neuber/gcc-arm-none-eabi-10.3-2021.10/bin/../lib/gcc/arm-none-eabi/10.3.1/../../../../arm-none-eabi/lib/thumb/v7e-m+fp/hard/libc_nano.a(lib_a-lock.o)
 .ARM.attributes
                0x00000000000007c0       0x34 /home/neuberfran/neuber/gcc-arm-none-eabi-10.3-2021.10/bin/../lib/gcc/arm-none-eabi/10.3.1/../../../../arm-none-eabi/lib/thumb/v7e-m+fp/hard/libc_nano.a(lib_a-makebuf.o)
 .ARM.attributes
                0x00000000000007f4       0x1c /home/neuberfran/neuber/gcc-arm-none-eabi-10.3-2021.10/bin/../lib/gcc/arm-none-eabi/10.3.1/../../../../arm-none-eabi/lib/thumb/v7e-m+fp/hard/libc_nano.a(lib_a-memchr.o)
 .ARM.attributes
                0x0000000000000810       0x34 /home/neuberfran/neuber/gcc-arm-none-eabi-10.3-2021.10/bin/../lib/gcc/arm-none-eabi/10.3.1/../../../../arm-none-eabi/lib/thumb/v7e-m+fp/hard/libc_nano.a(lib_a-nano-freer.o)
 .ARM.attributes
                0x0000000000000844       0x34 /home/neuberfran/neuber/gcc-arm-none-eabi-10.3-2021.10/bin/../lib/gcc/arm-none-eabi/10.3.1/../../../../arm-none-eabi/lib/thumb/v7e-m+fp/hard/libc_nano.a(lib_a-nano-mallocr.o)
 .ARM.attributes
                0x0000000000000878       0x34 /home/neuberfran/neuber/gcc-arm-none-eabi-10.3-2021.10/bin/../lib/gcc/arm-none-eabi/10.3.1/../../../../arm-none-eabi/lib/thumb/v7e-m+fp/hard/libc_nano.a(lib_a-sbrkr.o)
 .ARM.attributes
                0x00000000000008ac       0x34 /home/neuberfran/neuber/gcc-arm-none-eabi-10.3-2021.10/bin/../lib/gcc/arm-none-eabi/10.3.1/../../../../arm-none-eabi/lib/thumb/v7e-m+fp/hard/libc_nano.a(lib_a-signal.o)
 .ARM.attributes
                0x00000000000008e0       0x34 /home/neuberfran/neuber/gcc-arm-none-eabi-10.3-2021.10/bin/../lib/gcc/arm-none-eabi/10.3.1/../../../../arm-none-eabi/lib/thumb/v7e-m+fp/hard/libc_nano.a(lib_a-signalr.o)
 .ARM.attributes
                0x0000000000000914       0x34 /home/neuberfran/neuber/gcc-arm-none-eabi-10.3-2021.10/bin/../lib/gcc/arm-none-eabi/10.3.1/../../../../arm-none-eabi/lib/thumb/v7e-m+fp/hard/libc_nano.a(lib_a-stdio.o)
 .ARM.attributes
                0x0000000000000948       0x34 /home/neuberfran/neuber/gcc-arm-none-eabi-10.3-2021.10/bin/../lib/gcc/arm-none-eabi/10.3.1/../../../../arm-none-eabi/lib/thumb/v7e-m+fp/hard/libc_nano.a(lib_a-writer.o)
 .ARM.attributes
                0x000000000000097c       0x34 /home/neuberfran/neuber/gcc-arm-none-eabi-10.3-2021.10/bin/../lib/gcc/arm-none-eabi/10.3.1/../../../../arm-none-eabi/lib/thumb/v7e-m+fp/hard/libc_nano.a(lib_a-closer.o)
 .ARM.attributes
                0x00000000000009b0       0x34 /home/neuberfran/neuber/gcc-arm-none-eabi-10.3-2021.10/bin/../lib/gcc/arm-none-eabi/10.3.1/../../../../arm-none-eabi/lib/thumb/v7e-m+fp/hard/libc_nano.a(lib_a-fstatr.o)
 .ARM.attributes
                0x00000000000009e4       0x34 /home/neuberfran/neuber/gcc-arm-none-eabi-10.3-2021.10/bin/../lib/gcc/arm-none-eabi/10.3.1/../../../../arm-none-eabi/lib/thumb/v7e-m+fp/hard/libc_nano.a(lib_a-isattyr.o)
 .ARM.attributes
                0x0000000000000a18       0x34 /home/neuberfran/neuber/gcc-arm-none-eabi-10.3-2021.10/bin/../lib/gcc/arm-none-eabi/10.3.1/../../../../arm-none-eabi/lib/thumb/v7e-m+fp/hard/libc_nano.a(lib_a-lseekr.o)
 .ARM.attributes
                0x0000000000000a4c       0x34 /home/neuberfran/neuber/gcc-arm-none-eabi-10.3-2021.10/bin/../lib/gcc/arm-none-eabi/10.3.1/../../../../arm-none-eabi/lib/thumb/v7e-m+fp/hard/libc_nano.a(lib_a-mlock.o)
 .ARM.attributes
                0x0000000000000a80       0x34 /home/neuberfran/neuber/gcc-arm-none-eabi-10.3-2021.10/bin/../lib/gcc/arm-none-eabi/10.3.1/../../../../arm-none-eabi/lib/thumb/v7e-m+fp/hard/libc_nano.a(lib_a-readr.o)
 .ARM.attributes
                0x0000000000000ab4       0x34 /home/neuberfran/neuber/gcc-arm-none-eabi-10.3-2021.10/bin/../lib/gcc/arm-none-eabi/10.3.1/../../../../arm-none-eabi/lib/thumb/v7e-m+fp/hard/libc_nano.a(lib_a-reent.o)
 .ARM.attributes
                0x0000000000000ae8       0x34 /home/neuberfran/neuber/gcc-arm-none-eabi-10.3-2021.10/bin/../lib/gcc/arm-none-eabi/10.3.1/../../../../arm-none-eabi/lib/thumb/v7e-m+fp/hard/libnosys.a(close.o)
 .ARM.attributes
                0x0000000000000b1c       0x34 /home/neuberfran/neuber/gcc-arm-none-eabi-10.3-2021.10/bin/../lib/gcc/arm-none-eabi/10.3.1/../../../../arm-none-eabi/lib/thumb/v7e-m+fp/hard/libnosys.a(fstat.o)
 .ARM.attributes
                0x0000000000000b50       0x34 /home/neuberfran/neuber/gcc-arm-none-eabi-10.3-2021.10/bin/../lib/gcc/arm-none-eabi/10.3.1/../../../../arm-none-eabi/lib/thumb/v7e-m+fp/hard/libnosys.a(getpid.o)
 .ARM.attributes
                0x0000000000000b84       0x34 /home/neuberfran/neuber/gcc-arm-none-eabi-10.3-2021.10/bin/../lib/gcc/arm-none-eabi/10.3.1/../../../../arm-none-eabi/lib/thumb/v7e-m+fp/hard/libnosys.a(isatty.o)
 .ARM.attributes
                0x0000000000000bb8       0x34 /home/neuberfran/neuber/gcc-arm-none-eabi-10.3-2021.10/bin/../lib/gcc/arm-none-eabi/10.3.1/../../../../arm-none-eabi/lib/thumb/v7e-m+fp/hard/libnosys.a(kill.o)
 .ARM.attributes
                0x0000000000000bec       0x34 /home/neuberfran/neuber/gcc-arm-none-eabi-10.3-2021.10/bin/../lib/gcc/arm-none-eabi/10.3.1/../../../../arm-none-eabi/lib/thumb/v7e-m+fp/hard/libnosys.a(lseek.o)
 .ARM.attributes
                0x0000000000000c20       0x34 /home/neuberfran/neuber/gcc-arm-none-eabi-10.3-2021.10/bin/../lib/gcc/arm-none-eabi/10.3.1/../../../../arm-none-eabi/lib/thumb/v7e-m+fp/hard/libnosys.a(sbrk.o)
 .ARM.attributes
                0x0000000000000c54       0x34 /home/neuberfran/neuber/gcc-arm-none-eabi-10.3-2021.10/bin/../lib/gcc/arm-none-eabi/10.3.1/../../../../arm-none-eabi/lib/thumb/v7e-m+fp/hard/libnosys.a(_exit.o)
 .ARM.attributes
                0x0000000000000c88       0x1e /home/neuberfran/neuber/gcc-arm-none-eabi-10.3-2021.10/bin/../lib/gcc/arm-none-eabi/10.3.1/thumb/v7e-m+fp/hard/crtn.o
                0x0000000000000001                ASSERT ((__StackLimit >= __HeapLimit), region m_data overflowed with stack and heap)
OUTPUT(release/rpmsg_str_echo_rpmsglite_example.elf elf32-littlearm)
LOAD linker stubs

.comment        0x0000000000000000       0x49
 .comment       0x0000000000000000       0x49 CMakeFiles/rpmsg_str_echo_rpmsglite_example.dir/home/neuberfran/projects/freertos-tn/rtos/FreeRTOS/Source/portable/GCC/ARM_CM4F/port.c.obj
                                         0x4a (size before relaxing)
 .comment       0x0000000000000049       0x4a CMakeFiles/rpmsg_str_echo_rpmsglite_example.dir/home/neuberfran/projects/freertos-tn/rtos/FreeRTOS/Source/portable/MemMang/heap_2.c.obj
 .comment       0x0000000000000049       0x4a CMakeFiles/rpmsg_str_echo_rpmsglite_example.dir/home/neuberfran/projects/freertos-tn/examples/imx7d_pico_m4/demo_apps/rpmsg/str_echo_rpmsglite/str_echo_rpmsglite.c.obj
 .comment       0x0000000000000049       0x4a CMakeFiles/rpmsg_str_echo_rpmsglite_example.dir/home/neuberfran/projects/freertos-tn/middleware/multicore/open-amp/lib/rpmsg_lite/rpmsg_lite.c.obj
 .comment       0x0000000000000049       0x4a CMakeFiles/rpmsg_str_echo_rpmsglite_example.dir/home/neuberfran/projects/freertos-tn/middleware/multicore/open-amp/lib/rpmsg_lite/porting/environment/rpmsg_env_freertos.c.obj
 .comment       0x0000000000000049       0x4a CMakeFiles/rpmsg_str_echo_rpmsglite_example.dir/home/neuberfran/projects/freertos-tn/rtos/FreeRTOS/Source/list.c.obj
 .comment       0x0000000000000049       0x4a CMakeFiles/rpmsg_str_echo_rpmsglite_example.dir/home/neuberfran/projects/freertos-tn/rtos/FreeRTOS/Source/queue.c.obj
 .comment       0x0000000000000049       0x4a CMakeFiles/rpmsg_str_echo_rpmsglite_example.dir/home/neuberfran/projects/freertos-tn/rtos/FreeRTOS/Source/tasks.c.obj